Component: Arm Compiler for Embedded 6.22 Tool: armlink [5ee90200]

==============================================================================

Section Cross References

    startup_stm32f405xx.o(STACK) refers (Special) to heapauxi.o(.text) for __use_two_region_memory
    startup_stm32f405xx.o(HEAP) refers (Special) to heapauxi.o(.text) for __use_two_region_memory
    startup_stm32f405xx.o(RESET) refers (Special) to heapauxi.o(.text) for __use_two_region_memory
    startup_stm32f405xx.o(RESET) refers to startup_stm32f405xx.o(STACK) for __initial_sp
    startup_stm32f405xx.o(RESET) refers to startup_stm32f405xx.o(.text) for Reset_Handler
    startup_stm32f405xx.o(RESET) refers to stm32f4xx_it.o(.text.NMI_Handler) for NMI_Handler
    startup_stm32f405xx.o(RESET) refers to stm32f4xx_it.o(.text.HardFault_Handler) for HardFault_Handler
    startup_stm32f405xx.o(RESET) refers to stm32f4xx_it.o(.text.MemManage_Handler) for MemManage_Handler
    startup_stm32f405xx.o(RESET) refers to stm32f4xx_it.o(.text.BusFault_Handler) for BusFault_Handler
    startup_stm32f405xx.o(RESET) refers to stm32f4xx_it.o(.text.UsageFault_Handler) for UsageFault_Handler
    startup_stm32f405xx.o(RESET) refers to stm32f4xx_it.o(.text.SVC_Handler) for SVC_Handler
    startup_stm32f405xx.o(RESET) refers to stm32f4xx_it.o(.text.DebugMon_Handler) for DebugMon_Handler
    startup_stm32f405xx.o(RESET) refers to stm32f4xx_it.o(.text.PendSV_Handler) for PendSV_Handler
    startup_stm32f405xx.o(RESET) refers to stm32f4xx_it.o(.text.SysTick_Handler) for SysTick_Handler
    startup_stm32f405xx.o(RESET) refers to stm32f4xx_it.o(.text.CAN1_TX_IRQHandler) for CAN1_TX_IRQHandler
    startup_stm32f405xx.o(RESET) refers to stm32f4xx_it.o(.text.CAN1_RX0_IRQHandler) for CAN1_RX0_IRQHandler
    startup_stm32f405xx.o(RESET) refers to stm32f4xx_it.o(.text.CAN1_RX1_IRQHandler) for CAN1_RX1_IRQHandler
    startup_stm32f405xx.o(RESET) refers to stm32f4xx_it.o(.text.CAN2_TX_IRQHandler) for CAN2_TX_IRQHandler
    startup_stm32f405xx.o(RESET) refers to stm32f4xx_it.o(.text.CAN2_RX0_IRQHandler) for CAN2_RX0_IRQHandler
    startup_stm32f405xx.o(RESET) refers to stm32f4xx_it.o(.text.CAN2_RX1_IRQHandler) for CAN2_RX1_IRQHandler
    startup_stm32f405xx.o(.text) refers (Special) to heapauxi.o(.text) for __use_two_region_memory
    startup_stm32f405xx.o(.text) refers to system_stm32f4xx.o(.text.SystemInit) for SystemInit
    startup_stm32f405xx.o(.text) refers to __main.o(!!!main) for __main
    startup_stm32f405xx.o(.text) refers to startup_stm32f405xx.o(HEAP) for Heap_Mem
    startup_stm32f405xx.o(.text) refers to startup_stm32f405xx.o(STACK) for Stack_Mem
    main.o(.text.main) refers to eventrecorder.o(.text.EventRecorderInitialize) for EventRecorderInitialize
    main.o(.text.main) refers to eventrecorder.o(.text.EventRecorderStart) for EventRecorderStart
    main.o(.text.main) refers to stm32f4xx_hal.o(.text.HAL_Init) for HAL_Init
    main.o(.text.main) refers to main.o(.text.SystemClock_Config) for SystemClock_Config
    main.o(.text.main) refers to gpio.o(.text.MX_GPIO_Init) for MX_GPIO_Init
    main.o(.text.main) refers to can.o(.text.MX_CAN1_Init) for MX_CAN1_Init
    main.o(.text.main) refers to can.o(.text.MX_CAN2_Init) for MX_CAN2_Init
    main.o(.text.main) refers to main.o(.bss.buff) for buff
    main.o(.text.main) refers to iqr.o(.bss.CAN_TxHeader) for CAN_TxHeader
    main.o(.text.main) refers to main.o(.rodata.str1.1) for .L.str
    main.o(.text.main) refers to printf.o(.text) for printf
    main.o(.text.main) refers to main.o(.bss.flag) for flag
    main.o(.text.main) refers to main.o(.bss.can_num) for can_num
    main.o(.text.main) refers to can.o(.bss.hcan1) for hcan1
    main.o(.text.main) refers to iqr.o(.bss.TxMailbox) for TxMailbox
    main.o(.text.main) refers to stm32f4xx_hal_can.o(.text.HAL_CAN_AddTxMessage) for HAL_CAN_AddTxMessage
    main.o(.text.main) refers to can.o(.bss.hcan2) for hcan2
    main.o(.text.main) refers to stm32f4xx_hal.o(.text.HAL_Delay) for HAL_Delay
    main.o(.ARM.exidx.text.main) refers to main.o(.text.main) for [Anonymous Symbol]
    main.o(.text.SystemClock_Config) refers to rt_memclr_w.o(.text) for __aeabi_memclr4
    main.o(.text.SystemClock_Config) refers to stm32f4xx_hal_rcc.o(.text.HAL_RCC_OscConfig) for HAL_RCC_OscConfig
    main.o(.text.SystemClock_Config) refers to main.o(.text.Error_Handler) for Error_Handler
    main.o(.text.SystemClock_Config) refers to stm32f4xx_hal_rcc.o(.text.HAL_RCC_ClockConfig) for HAL_RCC_ClockConfig
    main.o(.ARM.exidx.text.SystemClock_Config) refers to main.o(.text.SystemClock_Config) for [Anonymous Symbol]
    main.o(.ARM.exidx.text.Error_Handler) refers to main.o(.text.Error_Handler) for [Anonymous Symbol]
    gpio.o(.ARM.exidx.text.MX_GPIO_Init) refers to gpio.o(.text.MX_GPIO_Init) for [Anonymous Symbol]
    can.o(.text.MX_CAN1_Init) refers to can.o(.bss.hcan1) for hcan1
    can.o(.text.MX_CAN1_Init) refers to stm32f4xx_hal_can.o(.text.HAL_CAN_Init) for HAL_CAN_Init
[...]
    .bss                                     0x200000e8   Section       84  stdio_streams.o(.bss)
    .bss                                     0x2000013c   Section       96  libspace.o(.bss)
    HAL_RCC_CAN1_CLK_ENABLED                 0x200001d0   Data           4  can.o(.bss.HAL_RCC_CAN1_CLK_ENABLED)
    [Anonymous Symbol]                       0x200001d0   Section        0  can.o(.bss.HAL_RCC_CAN1_CLK_ENABLED)
    EventBuffer                              0x20000280   Data       32768  eventrecorder.o(.bss.noinit)
    [Anonymous Symbol]                       0x20000280   Section        0  eventrecorder.o(.bss.noinit)
    EventFilter                              0x20008280   Data         128  eventrecorder.o(.bss.noinit)
    EventStatus                              0x20008300   Data          36  eventrecorder.o(.bss.noinit)
    stdout_putchar.buffer                    0x20008324   Data           8  stdout_evr.o(.bss.stdout_putchar.buffer)
    [Anonymous Symbol]                       0x20008324   Section        0  stdout_evr.o(.bss.stdout_putchar.buffer)
    stdout_putchar.index                     0x2000832c   Data           4  stdout_evr.o(.bss.stdout_putchar.index)
    [Anonymous Symbol]                       0x2000832c   Section        0  stdout_evr.o(.bss.stdout_putchar.index)
    Heap_Mem                                 0x20008338   Data         512  startup_stm32f405xx.o(HEAP)
    HEAP                                     0x20008338   Section      512  startup_stm32f405xx.o(HEAP)
    Stack_Mem                                0x20008538   Data        1024  startup_stm32f405xx.o(STACK)
    STACK                                    0x20008538   Section     1024  startup_stm32f405xx.o(STACK)
    __initial_sp                             0x20008938   Data           0  startup_stm32f405xx.o(STACK)

    Global Symbols

    Symbol Name                              Value     Ov Type        Size  Object(Section)

    BuildAttributes$$THM_ISAv4$E$P$D$K$B$S$7EM$VFPi3$EXTD16$VFPS$VFMA$PE$A:L22UL41UL21$X:L11$S22US41US21$IEEE1$IW$~IW$USESV6$~STKCKD$USESV7$~SHL$OTIME$ROPI$IEEEJ$EBA8$UX$STANDARDLIB$REQ8$PRES8$EABIv2 0x00000000   Number         0  anon$$obj.o ABSOLUTE
    _printf_flags                            0x00000000   Number         0  printf_stubs.o ABSOLUTE
    _printf_return_value                     0x00000000   Number         0  printf_stubs.o ABSOLUTE
    _printf_sizespec                         0x00000000   Number         0  printf_stubs.o ABSOLUTE
    _printf_widthprec                        0x00000000   Number         0  printf_stubs.o ABSOLUTE
    __ARM_exceptions_init                     - Undefined Weak Reference
    __alloca_initialize                       - Undefined Weak Reference
    __arm_preinit_                            - Undefined Weak Reference
    __arm_relocate_pie_                       - Undefined Weak Reference
    __cpp_initialize__aeabi_                  - Undefined Weak Reference
    __cxa_finalize                            - Undefined Weak Reference
    __sigvec_lookup                           - Undefined Weak Reference
    __user_heap_extent                        - Undefined Weak Reference
    _atexit_init                              - Undefined Weak Reference
    _call_atexit_fns                          - Undefined Weak Reference
    _clock_init                               - Undefined Weak Reference
    _fp_trap_init                             - Undefined Weak Reference
    _fp_trap_shutdown                         - Undefined Weak Reference
    _get_lc_collate                           - Undefined Weak Reference
    _get_lc_monetary                          - Undefined Weak Reference
    _get_lc_time                              - Undefined Weak Reference
    _getenv_init                              - Undefined Weak Reference
    _handle_redirection                       - Undefined Weak Reference
    _mutex_acquire                            - Undefined Weak Reference
    _mutex_free                               - Undefined Weak Reference
    _mutex_release                            - Undefined Weak Reference
    _printf_mbtowc                            - Undefined Weak Reference
    _printf_wc                                - Undefined Weak Reference
    _rand_init                                - Undefined Weak Reference
    _signal_finish                            - Undefined Weak Reference
    _signal_init                              - Undefined Weak Reference
    __Vectors_Size                           0x00000188   Number         0  startup_stm32f405xx.o ABSOLUTE
    __Vectors                                0x08000000   Data           4  startup_stm32f405xx.o(RESET)
    __Vectors_End                            0x08000188   Data           0  startup_stm32f405xx.o(RESET)
    __main                                   0x08000189   Thumb Code     8  __main.o(!!!main)
    __scatterload                            0x08000191   Thumb Code     0  __scatter.o(!!!scatter)
    __scatterload_rt2                        0x08000191   Thumb Code    84  __scatter.o(!!!scatter)
    __scatterload_rt2_thumb_only             0x08000191   Thumb Code     0  __scatter.o(!!!scatter)
    __scatterload_loop                       0x0800019b   Thumb Code     0  __scatter.o(!!!scatter)
    __scatterload_copy                       0x080001ed   Thumb Code    26  __scatter_copy.o(!!handler_copy)
    __scatterload_null                       0x08000209   Thumb Code     2  __scatter.o(!!handler_null)
    __scatterload_zeroinit                   0x0800020d   Thumb Code    28  __scatter_zi.o(!!handler_zi)
    _printf_n                                0x08000229   Thumb Code     0  _printf_n.o(.ARM.Collect$$_printf_percent$$00000001)
    _printf_percent                          0x08000229   Thumb Code     0  _printf_percent.o(.ARM.Collect$$_printf_percent$$00000000)
    _printf_p                                0x0800022f   Thumb Code     0  _printf_p.o(.ARM.Collect$$_printf_percent$$00000002)
    _printf_f                                0x08000235   Thumb Code     0  _printf_f.o(.ARM.Collect$$_printf_percent$$00000003)
    _printf_e                                0x0800023b   Thumb Code     0  _printf_e.o(.ARM.Collect$$_printf_percent$$00000004)
    _printf_g                                0x08000241   Thumb Code     0  _printf_g.o(.ARM.Collect$$_printf_percent$$00000005)
    _printf_a                                0x08000247   Thumb Code     0  _printf_a.o(.ARM.Collect$$_printf_percent$$00000006)
    _printf_ll                               0x0800024d   Thumb Code     0  _printf_ll.o(.ARM.Collect$$_printf_percent$$00000007)
    _printf_i                                0x08000257   Thumb Code     0  _printf_i.o(.ARM.Collect$$_printf_percent$$00000008)
    _printf_d                                0x0800025d   Thumb Code     0  _printf_d.o(.ARM.Collect$$_printf_percent$$00000009)
    _printf_u                                0x08000263   Thumb Code     0  _printf_u.o(.ARM.Collect$$_printf_percent$$0000000A)
    _printf_o                                0x08000269   Thumb Code     0  _printf_o.o(.ARM.Collect$$_printf_percent$$0000000B)
    _printf_x                                0x0800026f   Thumb Code     0  _printf_x.o(.ARM.Collect$$_printf_percent$$0000000C)
    _printf_lli                              0x08000275   Thumb Code     0  _printf_lli.o(.ARM.Collect$$_printf_percent$$0000000D)
    _printf_lld                              0x0800027b   Thumb Code     0  _printf_lld.o(.ARM.Collect$$_printf_percent$$0000000E)
    _printf_llu                              0x08000281   Thumb Code     0  _printf_llu.o(.ARM.Collect$$_printf_percent$$0000000F)
    _printf_llo                              0x08000287   Thumb Code     0  _printf_llo.o(.ARM.Collect$$_printf_percent$$00000010)
    _printf_llx                              0x0800028d   Thumb Code     0  _printf_llx.o(.ARM.Collect$$_printf_percent$$00000011)
    _printf_l                                0x08000293   Thumb Code     0  _printf_l.o(.ARM.Collect$$_printf_percent$$00000012)
    _printf_c                                0x0800029d   Thumb Code     0  _printf_c.o(.ARM.Collect$$_printf_percent$$00000013)
    _printf_s                                0x080002a3   Thumb Code     0  _printf_s.o(.ARM.Collect$$_printf_percent$$00000014)
    _printf_lc                               0x080002a9   Thumb Code     0  _printf_lc.o(.ARM.Collect$$_printf_percent$$00000015)
    _printf_ls                               0x080002af   Thumb Code     0  _printf_ls.o(.ARM.Collect$$_printf_percent$$00000016)
    _printf_percent_end                      0x080002b5   Thumb Code     0  _printf_percent_end.o(.ARM.Collect$$_printf_percent$$00000017)
    __rt_lib_init                            0x080002b9   Thumb Code     0  libinit.o(.ARM.Collect$$libinit$$00000000)
    __rt_lib_init_fp_1                       0x080002bb   Thumb Code     0  libinit2.o(.ARM.Collect$$libinit$$00000001)
    __rt_lib_init_heap_2                     0x080002bf   Thumb Code     0  libinit2.o(.ARM.Collect$$libinit$$00000007)
    __rt_lib_init_preinit_1                  0x080002bf   Thumb Code     0  libinit2.o(.ARM.Collect$$libinit$$00000006)
    __rt_lib_init_relocate_pie_1             0x080002bf   Thumb Code     0  libinit2.o(.ARM.Collect$$libinit$$00000004)
    __rt_lib_init_heap_1                     0x080002c7   Thumb Code     0  libinit2.o(.ARM.Collect$$libinit$$0000000C)
    __rt_lib_init_lc_common                  0x080002c7   Thumb Code     0  libinit2.o(.ARM.Collect$$libinit$$00000011)
    __rt_lib_init_rand_1                     0x080002c7   Thumb Code     0  libinit2.o(.ARM.Collect$$libinit$$00000010)
    __rt_lib_init_user_alloc_1               0x080002c7   Thumb Code     0  libinit2.o(.ARM.Collect$$libinit$$0000000E)
    __rt_lib_init_lc_collate_1               0x080002cd   Thumb Code     0  libinit2.o(.ARM.Collect$$libinit$$00000013)
    __rt_lib_init_lc_ctype_2                 0x080002cd   Thumb Code     0  libinit2.o(.ARM.Collect$$libinit$$00000014)
    __rt_lib_init_lc_ctype_1                 0x080002d9   Thumb Code     0  libinit2.o(.ARM.Collect$$libinit$$00000015)
    __rt_lib_init_lc_monetary_1              0x080002d9   Thumb Code     0  libinit2.o(.ARM.Collect$$libinit$$00000017)
    __rt_lib_init_lc_numeric_2               0x080002d9   Thumb Code     0  libinit2.o(.ARM.Collect$$libinit$$00000018)
    __rt_lib_init_atexit_1                   0x080002e3   Thumb Code     0  libinit2.o(.ARM.Collect$$libinit$$0000001D)
    __rt_lib_init_clock_1                    0x080002e3   Thumb Code     0  libinit2.o(.ARM.Collect$$libinit$$00000023)
    __rt_lib_init_fp_trap_1                  0x080002e3   Thumb Code     0  libinit2.o(.ARM.Collect$$libinit$$00000021)
    __rt_lib_init_getenv_1                   0x080002e3   Thumb Code     0  libinit2.o(.ARM.Collect$$libinit$$00000025)
    __rt_lib_init_lc_numeric_1               0x080002e3   Thumb Code     0  libinit2.o(.ARM.Collect$$libinit$$00000019)
    __rt_lib_init_lc_time_1                  0x080002e3   Thumb Code     0  libinit2.o(.ARM.Collect$$libinit$$0000001B)
    __rt_lib_init_signal_1                   0x080002e3   Thumb Code     0  libinit2.o(.ARM.Collect$$libinit$$0000001F)
    __rt_lib_init_stdio_2                    0x080002e3   Thumb Code     0  libinit2.o(.ARM.Collect$$libinit$$00000026)
    __rt_lib_init_alloca_1                   0x080002e7   Thumb Code     0  libinit2.o(.ARM.Collect$$libinit$$00000030)
    __rt_lib_init_argv_1                     0x080002e7   Thumb Code     0  libinit2.o(.ARM.Collect$$libinit$$0000002E)
    __rt_lib_init_cpp_1                      0x080002e7   Thumb Code     0  libinit2.o(.ARM.Collect$$libinit$$00000034)
    __rt_lib_init_exceptions_1               0x080002e7   Thumb Code     0  libinit2.o(.ARM.Collect$$libinit$$00000032)
    __rt_lib_init_return                     0x080002e7   Thumb Code     0  libinit2.o(.ARM.Collect$$libinit$$00000035)
    __rt_lib_init_stdio_1                    0x080002e7   Thumb Code     0  libinit2.o(.ARM.Collect$$libinit$$00000027)
    __rt_lib_shutdown                        0x080002e9   Thumb Code     0  libshutdown.o(.ARM.Collect$$libshutdown$$00000000)
    __rt_lib_shutdown_cpp_1                  0x080002eb   Thumb Code     0  libshutdown2.o(.ARM.Collect$$libshutdown$$00000002)
    __rt_lib_shutdown_stdio_2                0x080002eb   Thumb Code     0  libshutdown2.o(.ARM.Collect$$libshutdown$$00000003)
    __rt_lib_shutdown_fp_trap_1              0x080002ef   Thumb Code     0  libshutdown2.o(.ARM.Collect$$libshutdown$$00000007)
    __rt_lib_shutdown_heap_1                 0x080002ef   Thumb Code     0  libshutdown2.o(.ARM.Collect$$libshutdown$$0000000F)
    __rt_lib_shutdown_return                 0x080002ef   Thumb Code     0  libshutdown2.o(.ARM.Collect$$libshutdown$$00000010)
    __rt_lib_shutdown_signal_1               0x080002ef   Thumb Code     0  libshutdown2.o(.ARM.Collect$$libshutdown$$0000000A)
    __rt_lib_shutdown_stdio_1                0x080002ef   Thumb Code     0  libshutdown2.o(.ARM.Collect$$libshutdown$$00000004)
    __rt_lib_shutdown_user_alloc_1           0x080002ef   Thumb Code     0  libshutdown2.o(.ARM.Collect$$libshutdown$$0000000C)
    __rt_entry                               0x080002f1   Thumb Code     0  __rtentry.o(.ARM.Collect$$rtentry$$00000000)
    __rt_entry_presh_1                       0x080002f1   Thumb Code     0  __rtentry2.o(.ARM.Collect$$rtentry$$00000002)
    __rt_entry_sh                            0x080002f1   Thumb Code     0  __rtentry4.o(.ARM.Collect$$rtentry$$00000004)
    __rt_entry_li                            0x080002f7   Thumb Code     0  __rtentry2.o(.ARM.Collect$$rtentry$$0000000A)
    __rt_entry_postsh_1                      0x080002f7   Thumb Code     0  __rtentry2.o(.ARM.Collect$$rtentry$$00000009)
    __rt_entry_main                          0x080002fb   Thumb Code     0  __rtentry2.o(.ARM.Collect$$rtentry$$0000000D)
    __rt_entry_postli_1                      0x080002fb   Thumb Code     0  __rtentry2.o(.ARM.Collect$$rtentry$$0000000C)
    __rt_exit                                0x08000303   Thumb Code     0  rtexit.o(.ARM.Collect$$rtexit$$00000000)
    __rt_exit_ls                             0x08000305   Thumb Code     0  rtexit2.o(.ARM.Collect$$rtexit$$00000003)
    __rt_exit_prels_1                        0x08000305   Thumb Code     0  rtexit2.o(.ARM.Collect$$rtexit$$00000002)
    __rt_exit_exit                           0x08000309   Thumb Code     0  rtexit2.o(.ARM.Collect$$rtexit$$00000004)
    Reset_Handler                            0x08000311   Thumb Code     8  startup_stm32f405xx.o(.text)
    ADC_IRQHandler                           0x0800032b   Thumb Code     0  startup_stm32f405xx.o(.text)
    CAN1_SCE_IRQHandler                      0x0800032b   Thumb Code     0  startup_stm32f405xx.o(.text)
    CAN2_SCE_IRQHandler                      0x0800032b   Thumb Code     0  startup_stm32f405xx.o(.text)
    DMA1_Stream0_IRQHandler                  0x0800032b   Thumb Code     0  startup_stm32f405xx.o(.text)
    DMA1_Stream1_IRQHandler                  0x0800032b   Thumb Code     0  startup_stm32f405xx.o(.text)
    DMA1_Stream2_IRQHandler                  0x0800032b   Thumb Code     0  startup_stm32f405xx.o(.text)
    DMA1_Stream3_IRQHandler                  0x0800032b   Thumb Code     0  startup_stm32f405xx.o(.text)
    DMA1_Stream4_IRQHandler                  0x0800032b   Thumb Code     0  startup_stm32f405xx.o(.text)
    DMA1_Stream5_IRQHandler                  0x0800032b   Thumb Code     0  startup_stm32f405xx.o(.text)
    DMA1_Stream6_IRQHandler                  0x0800032b   Thumb Code     0  startup_stm32f405xx.o(.text)
    DMA1_Stream7_IRQHandler                  0x0800032b   Thumb Code     0  startup_stm32f405xx.o(.text)
    DMA2_Stream0_IRQHandler                  0x0800032b   Thumb Code     0  startup_stm32f405xx.o(.text)
    DMA2_Stream1_IRQHandler                  0x0800032b   Thumb Code     0  startup_stm32f405xx.o(.text)
    DMA2_Stream2_IRQHandler                  0x0800032b   Thumb Code     0  startup_stm32f405xx.o(.text)
    DMA2_Stream3_IRQHandler                  0x0800032b   Thumb Code     0  startup_stm32f405xx.o(.text)
    DMA2_Stream4_IRQHandler                  0x0800032b   Thumb Code     0  startup_stm32f405xx.o(.text)
    DMA2_Stream5_IRQHandler                  0x0800032b   Thumb Code     0  startup_stm32f405xx.o(.text)
    DMA2_Stream6_IRQHandler                  0x0800032b   Thumb Code     0  startup_stm32f405xx.o(.text)
    DMA2_Stream7_IRQHandler                  0x0800032b   Thumb Code     0  startup_stm32f405xx.o(.text)
    EXTI0_IRQHandler                         0x0800032b   Thumb Code     0  startup_stm32f405xx.o(.text)
    EXTI15_10_IRQHandler                     0x0800032b   Thumb Code     0  startup_stm32f405xx.o(.text)
    EXTI1_IRQHandler                         0x0800032b   Thumb Code     0  startup_stm32f405xx.o(.text)
    EXTI2_IRQHandler                         0x0800032b   Thumb Code     0  startup_stm32f405xx.o(.text)
    EXTI3_IRQHandler                         0x0800032b   Thumb Code     0  startup_stm32f405xx.o(.text)
    EXTI4_IRQHandler                         0x0800032b   Thumb Code     0  startup_stm32f405xx.o(.text)
    EXTI9_5_IRQHandler                       0x0800032b   Thumb Code     0  startup_stm32f405xx.o(.text)
    FLASH_IRQHandler                         0x0800032b   Thumb Code     0  startup_stm32f405xx.o(.text)
    FMC_IRQHandler                           0x0800032b   Thumb Code     0  startup_stm32f405xx.o(.text)
    FPU_IRQHandler                           0x0800032b   Thumb Code     0  startup_stm32f405xx.o(.text)
    HASH_RNG_IRQHandler                      0x0800032b   Thumb Code     0  startup_stm32f405xx.o(.text)
    I2C1_ER_IRQHandler                       0x0800032b   Thumb Code     0  startup_stm32f405xx.o(.text)
    I2C1_EV_IRQHandler                       0x0800032b   Thumb Code     0  startup_stm32f405xx.o(.text)
    I2C2_ER_IRQHandler                       0x0800032b   Thumb Code     0  startup_stm32f405xx.o(.text)
    I2C2_EV_IRQHandler                       0x0800032b   Thumb Code     0  startup_stm32f405xx.o(.text)
    I2C3_ER_IRQHandler                       0x0800032b   Thumb Code     0  startup_stm32f405xx.o(.text)
    I2C3_EV_IRQHandler                       0x0800032b   Thumb Code     0  startup_stm32f405xx.o(.text)
    OTG_FS_IRQHandler                        0x0800032b   Thumb Code     0  startup_stm32f405xx.o(.text)
    OTG_FS_WKUP_IRQHandler                   0x0800032b   Thumb Code     0  startup_stm32f405xx.o(.text)
    OTG_HS_EP1_IN_IRQHandler                 0x0800032b   Thumb Code     0  startup_stm32f405xx.o(.text)
    OTG_HS_EP1_OUT_IRQHandler                0x0800032b   Thumb Code     0  startup_stm32f405xx.o(.text)
    OTG_HS_IRQHandler                        0x0800032b   Thumb Code     0  startup_stm32f405xx.o(.text)
    OTG_HS_WKUP_IRQHandler                   0x0800032b   Thumb Code     0  startup_stm32f405xx.o(.text)
    PVD_IRQHandler                           0x0800032b   Thumb Code     0  startup_stm32f405xx.o(.text)
    RCC_IRQHandler                           0x0800032b   Thumb Code     0  startup_stm32f405xx.o(.text)
    RTC_Alarm_IRQHandler                     0x0800032b   Thumb Code     0  startup_stm32f405xx.o(.text)
    RTC_WKUP_IRQHandler                      0x0800032b   Thumb Code     0  startup_stm32f405xx.o(.text)
    SDIO_IRQHandler                          0x0800032b   Thumb Code     0  startup_stm32f405xx.o(.text)
    SPI1_IRQHandler                          0x0800032b   Thumb Code     0  startup_stm32f405xx.o(.text)
    SPI2_IRQHandler                          0x0800032b   Thumb Code     0  startup_stm32f405xx.o(.text)
    SPI3_IRQHandler                          0x0800032b   Thumb Code     0  startup_stm32f405xx.o(.text)
    TAMP_STAMP_IRQHandler                    0x0800032b   Thumb Code     0  startup_stm32f405xx.o(.text)
    TIM1_BRK_TIM9_IRQHandler                 0x0800032b   Thumb Code     0  startup_stm32f405xx.o(.text)
    TIM1_CC_IRQHandler                       0x0800032b   Thumb Code     0  startup_stm32f405xx.o(.text)
    TIM1_TRG_COM_TIM11_IRQHandler            0x0800032b   Thumb Code     0  startup_stm32f405xx.o(.text)
    TIM1_UP_TIM10_IRQHandler                 0x0800032b   Thumb Code     0  startup_stm32f405xx.o(.text)
    TIM2_IRQHandler                          0x0800032b   Thumb Code     0  startup_stm32f405xx.o(.text)
    TIM3_IRQHandler                          0x0800032b   Thumb Code     0  startup_stm32f405xx.o(.text)
    TIM4_IRQHandler                          0x0800032b   Thumb Code     0  startup_stm32f405xx.o(.text)
    TIM5_IRQHandler                          0x0800032b   Thumb Code     0  startup_stm32f405xx.o(.text)
    TIM6_DAC_IRQHandler                      0x0800032b   Thumb Code     0  startup_stm32f405xx.o(.text)
    TIM7_IRQHandler                          0x0800032b   Thumb Code     0  startup_stm32f405xx.o(.text)
    TIM8_BRK_TIM12_IRQHandler                0x0800032b   Thumb Code     0  startup_stm32f405xx.o(.text)
    TIM8_CC_IRQHandler                       0x0800032b   Thumb Code     0  startup_stm32f405xx.o(.text)
    TIM8_TRG_COM_TIM14_IRQHandler            0x0800032b   Thumb Code     0  startup_stm32f405xx.o(.text)
    TIM8_UP_TIM13_IRQHandler                 0x0800032b   Thumb Code     0  startup_stm32f405xx.o(.text)
    UART4_IRQHandler                         0x0800032b   Thumb Code     0  startup_stm32f405xx.o(.text)
    UART5_IRQHandler                         0x0800032b   Thumb Code     0  startup_stm32f405xx.o(.text)
    USART1_IRQHandler                        0x0800032b   Thumb Code     0  startup_stm32f405xx.o(.text)
    USART2_IRQHandler                        0x0800032b   Thumb Code     0  startup_stm32f405xx.o(.text)
    USART3_IRQHandler                        0x0800032b   Thumb Code     0  startup_stm32f405xx.o(.text)
    USART6_IRQHandler                        0x0800032b   Thumb Code     0  startup_stm32f405xx.o(.text)
    WWDG_IRQHandler                          0x0800032b   Thumb Code     0  startup_stm32f405xx.o(.text)
    __user_initial_stackheap                 0x0800032d   Thumb Code     0  startup_stm32f405xx.o(.text)
    __aeabi_uldivmod                         0x08000351   Thumb Code     0  lludivv7m.o(.text)
    _ll_udiv                                 0x08000351   Thumb Code   240  lludivv7m.o(.text)
    printf                                   0x08000441   Thumb Code    20  printf.o(.text)
    __aeabi_memcpy                           0x08000459   Thumb Code     0  rt_memcpy_v6.o(.text)
    __rt_memcpy                              0x08000459   Thumb Code   138  rt_memcpy_v6.o(.text)
    _memcpy_lastbytes                        0x080004bf   Thumb Code     0  rt_memcpy_v6.o(.text)
    __aeabi_memclr4                          0x080004e3   Thumb Code     0  rt_memclr_w.o(.text)
    __aeabi_memclr8                          0x080004e3   Thumb Code     0  rt_memclr_w.o(.text)
    __rt_memclr_w                            0x080004e3   Thumb Code     0  rt_memclr_w.o(.text)
    _memset_w                                0x080004e7   Thumb Code    74  rt_memclr_w.o(.text)
    strcmp                                   0x08000531   Thumb Code   124  strcmpv7em.o(.text)
    __use_two_region_memory                  0x080005ad   Thumb Code     2  heapauxi.o(.text)
    __rt_heap_escrow                         0x080005af   Thumb Code     2  heapauxi.o(.text)
    __rt_heap_expand                         0x080005b1   Thumb Code     2  heapauxi.o(.text)
    _printf_pre_padding                      0x080005b3   Thumb Code    44  _printf_pad.o(.text)
    _printf_post_padding                     0x080005df   Thumb Code    34  _printf_pad.o(.text)
    _printf_truncate_signed                  0x08000601   Thumb Code    18  _printf_truncate.o(.text)
    _printf_truncate_unsigned                0x08000613   Thumb Code    18  _printf_truncate.o(.text)
    _printf_str                              0x08000625   Thumb Code    82  _printf_str.o(.text)
    _printf_int_dec                          0x08000679   Thumb Code   104  _printf_dec.o(.text)
    _printf_charcount                        0x080006f1   Thumb Code    40  _printf_charcount.o(.text)
    _printf_char_file                        0x08000719   Thumb Code    32  _printf_char_file.o(.text)
    _printf_wctomb                           0x0800073d   Thumb Code   182  _printf_wctomb.o(.text)
    _printf_longlong_dec                     0x080007f9   Thumb Code   108  _printf_longlong_dec.o(.text)
    _printf_longlong_oct                     0x08000875   Thumb Code    68  _printf_oct_int_ll.o(.text)
    _printf_int_oct                          0x080008b9   Thumb Code    24  _printf_oct_int_ll.o(.text)
    _printf_ll_oct                           0x080008d1   Thumb Code    12  _printf_oct_int_ll.o(.text)
    _printf_longlong_hex                     0x080008e5   Thumb Code    86  _printf_hex_int_ll_ptr.o(.text)
    _printf_int_hex                          0x0800093b   Thumb Code    28  _printf_hex_int_ll_ptr.o(.text)
    _printf_ll_hex                           0x08000957   Thumb Code    12  _printf_hex_int_ll_ptr.o(.text)
    _printf_hex_ptr                          0x08000963   Thumb Code    18  _printf_hex_int_ll_ptr.o(.text)
    __printf                                 0x08000979   Thumb Code   388  __printf_flags_ss_wp.o(.text)
    __aeabi_memcpy4                          0x08000b01   Thumb Code     0  rt_memcpy_w.o(.text)
    __aeabi_memcpy8                          0x08000b01   Thumb Code     0  rt_memcpy_w.o(.text)
    __rt_memcpy_w                            0x08000b01   Thumb Code   100  rt_memcpy_w.o(.text)
    _memcpy_lastbytes_aligned                0x08000b49   Thumb Code     0  rt_memcpy_w.o(.text)
    _ll_udiv10                               0x08000b65   Thumb Code   138  lludiv10.o(.text)
    _printf_int_common                       0x08000bef   Thumb Code   178  _printf_intcommon.o(.text)
    _printf_fp_dec_real                      0x08000e51   Thumb Code   620  _printf_fp_dec.o(.text)
    _printf_fp_hex_real                      0x080010bd   Thumb Code   756  _printf_fp_hex.o(.text)
    _printf_char_common                      0x080013c3   Thumb Code    32  _printf_char_common.o(.text)
    _printf_cs_common                        0x080013e9   Thumb Code    20  _printf_char.o(.text)
    _printf_char                             0x080013fd   Thumb Code    16  _printf_char.o(.text)
    _printf_string                           0x0800140d   Thumb Code     8  _printf_char.o(.text)
    _printf_lcs_common                       0x08001415   Thumb Code    20  _printf_wchar.o(.text)
    _printf_wchar                            0x08001429   Thumb Code    16  _printf_wchar.o(.text)
    _printf_wstring                          0x08001439   Thumb Code     8  _printf_wchar.o(.text)
    ferror                                   0x08001441   Thumb Code     8  ferror.o(.text)
    _initio                                  0x08001449   Thumb Code   210  initio.o(.text)
    _terminateio                             0x0800151b   Thumb Code    56  initio.o(.text)
    _c16rtomb                                0x08001581   Thumb Code    72  _c16rtomb.o(.text)
    _wcrtomb                                 0x08001581   Thumb Code     0  _c16rtomb.o(.text)
    __user_setup_stackheap                   0x080015c9   Thumb Code    74  sys_stackheap_outer.o(.text)
    __rt_ctype_table                         0x08001615   Thumb Code    16  rt_ctype_table.o(.text)
    __rt_locale                              0x08001625   Thumb Code     8  rt_locale_intlibspace.o(.text)
    free                                     0x0800162d   Thumb Code    78  h1_free.o(.text)
    _printf_fp_infnan                        0x0800167d   Thumb Code   112  _printf_fp_infnan.o(.text)
    _btod_etento                             0x080016fd   Thumb Code   224  bigflt0.o(.text)
    __flsbuf                                 0x080017e1   Thumb Code   482  flsbuf.o(.text)
    __flsbuf_byte                            0x080017e1   Thumb Code     0  flsbuf.o(.text)
    __flsbuf_wide                            0x080017e1   Thumb Code     0  flsbuf.o(.text)
    setvbuf                                  0x080019c3   Thumb Code    70  setvbuf.o(.text)
    freopen                                  0x08001a09   Thumb Code   160  fopen.o(.text)
    fopen                                    0x08001aa9   Thumb Code    74  fopen.o(.text)
    _fclose_internal                         0x08001af9   Thumb Code    76  fclose.o(.text)
    fclose                                   0x08001af9   Thumb Code     0  fclose.o(.text)
    exit                                     0x08001b45   Thumb Code    18  exit.o(.text)
    __rt_SIGRTRED                            0x08001b57   Thumb Code    14  defsig_rtred_outer.o(.text)
    __user_libspace                          0x08001b65   Thumb Code     8  libspace.o(.text)
    __user_perproc_libspace                  0x08001b65   Thumb Code     0  libspace.o(.text)
    __user_perthread_libspace                0x08001b65   Thumb Code     0  libspace.o(.text)
    __rt_heap_descriptor                     0x08001b6d   Thumb Code     8  rt_heap_descriptor_intlibspace.o(.text)
    __use_no_heap                            0x08001b75   Thumb Code     2  hguard.o(.text)
    __heap$guard                             0x08001b77   Thumb Code     2  hguard.o(.text)
    _terminate_user_alloc                    0x08001b79   Thumb Code     2  init_alloc.o(.text)
    _init_user_alloc                         0x08001b7b   Thumb Code     2  init_alloc.o(.text)
    __Heap_Full                              0x08001b7d   Thumb Code    34  init_alloc.o(.text)
    __Heap_Broken                            0x08001b9f   Thumb Code     6  init_alloc.o(.text)
    _init_alloc                              0x08001ba5   Thumb Code    94  init_alloc.o(.text)
    malloc                                   0x08001c03   Thumb Code    94  h1_alloc.o(.text)
    _fseek                                   0x08001c61   Thumb Code   242  fseek.o(.text)
    fseek                                    0x08001c61   Thumb Code     0  fseek.o(.text)
    _seterr                                  0x08001d59   Thumb Code    20  stdio.o(.text)
    _writebuf                                0x08001d6d   Thumb Code   108  stdio.o(.text)
    _fflush                                  0x08001dd9   Thumb Code    70  stdio.o(.text)
    _deferredlazyseek                        0x08001e1f   Thumb Code    60  stdio.o(.text)
    __sig_exit                               0x08001e61   Thumb Code    10  defsig_exit.o(.text)
    __rt_SIGRTRED_inner                      0x08001e6d   Thumb Code    14  defsig_rtred_inner.o(.text)
    _sys_exit                                0x08001ea1   Thumb Code     8  sys_exit.o(.text)
    __Heap_Initialize                        0x08001ead   Thumb Code     8  h1_init.o(.text)
    _maybe_terminate_alloc                   0x08001ead   Thumb Code     0  maybetermalloc1.o(.text)
    __Heap_DescSize                          0x08001eb5   Thumb Code     4  h1_init.o(.text)
    __Heap_ProvideMemory                     0x08001eb9   Thumb Code    52  h1_extend.o(.text)
    _ftell_internal                          0x08001eed   Thumb Code    66  ftell.o(.text)
    ftell                                    0x08001eed   Thumb Code     0  ftell.o(.text)
    __default_signal_display                 0x08001f2f   Thumb Code    50  defsig_general.o(.text)
    __rt_SIGRTMEM                            0x08001f61   Thumb Code    14  defsig_rtmem_outer.o(.text)
    _ttywrch                                 0x08001f6f   Thumb Code    14  sys_wrch.o(.text)
    __I$use$semihosting                      0x08001f7d   Thumb Code     0  use_no_semi.o(.text)
    __use_no_semihosting_swi                 0x08001f7d   Thumb Code     2  use_no_semi.o(.text)
    __semihosting_library_function           0x08001f7f   Thumb Code     0  indicate_semi.o(.text)
    __aeabi_errno_addr                       0x08001f81   Thumb Code     8  rt_errno_addr_intlibspace.o(.text)
    __errno$intlibspace                      0x08001f81   Thumb Code     0  rt_errno_addr_intlibspace.o(.text)
    __rt_errno_addr$intlibspace              0x08001f81   Thumb Code     0  rt_errno_addr_intlibspace.o(.text)
    __rt_SIGRTMEM_inner                      0x08001f89   Thumb Code    22  defsig_rtmem_inner.o(.text)
    BusFault_Handler                         0x08001fd9   Thumb Code     4  stm32f4xx_it.o(.text.BusFault_Handler)
    CAN1_RX0_IRQHandler                      0x08001fdd   Thumb Code    16  stm32f4xx_it.o(.text.CAN1_RX0_IRQHandler)
    CAN1_RX1_IRQHandler                      0x08001fed   Thumb Code    16  stm32f4xx_it.o(.text.CAN1_RX1_IRQHandler)
    CAN1_TX_IRQHandler                       0x08001ffd   Thumb Code    16  stm32f4xx_it.o(.text.CAN1_TX_IRQHandler)
    CAN2_RX0_IRQHandler                      0x0800200d   Thumb Code    16  stm32f4xx_it.o(.text.CAN2_RX0_IRQHandler)
    CAN2_RX1_IRQHandler                      0x0800201d   Thumb Code    16  stm32f4xx_it.o(.text.CAN2_RX1_IRQHandler)
    CAN2_TX_IRQHandler                       0x0800202d   Thumb Code    16  stm32f4xx_it.o(.text.CAN2_TX_IRQHandler)
    DebugMon_Handler                         0x0800203d   Thumb Code     2  stm32f4xx_it.o(.text.DebugMon_Handler)
    Error_Handler                            0x08002041   Thumb Code     6  main.o(.text.Error_Handler)
    EventRecordData                          0x08002121   Thumb Code   390  eventrecorder.o(.text.EventRecordData)
    EventRecorderEnable                      0x08002399   Thumb Code   146  eventrecorder.o(.text.EventRecorderEnable)
    EventRecorderInitialize                  0x0800242d   Thumb Code   444  eventrecorder.o(.text.EventRecorderInitialize)
    EventRecorderStart                       0x080025e9   Thumb Code    74  eventrecorder.o(.text.EventRecorderStart)
    EventRecorderTimerGetCount               0x08002635   Thumb Code    12  eventrecorder.o(.text.EventRecorderTimerGetCount)
    EventRecorderTimerGetFreq                0x08002641   Thumb Code    12  eventrecorder.o(.text.EventRecorderTimerGetFreq)
    EventRecorderTimerSetup                  0x0800264d   Thumb Code    36  eventrecorder.o(.text.EventRecorderTimerSetup)
    HAL_CAN_ActivateNotification             0x08002699   Thumb Code    82  stm32f4xx_hal_can.o(.text.HAL_CAN_ActivateNotification)
    HAL_CAN_AddTxMessage                     0x080026ed   Thumb Code   342  stm32f4xx_hal_can.o(.text.HAL_CAN_AddTxMessage)
    HAL_CAN_ConfigFilter                     0x08002845   Thumb Code   414  stm32f4xx_hal_can.o(.text.HAL_CAN_ConfigFilter)
    HAL_CAN_ErrorCallback                    0x080029e5   Thumb Code     8  stm32f4xx_hal_can.o(.text.HAL_CAN_ErrorCallback)
    HAL_CAN_GetRxMessage                     0x080029ed   Thumb Code   530  stm32f4xx_hal_can.o(.text.HAL_CAN_GetRxMessage)
    HAL_CAN_IRQHandler                       0x08002c01   Thumb Code  1010  stm32f4xx_hal_can.o(.text.HAL_CAN_IRQHandler)
    HAL_CAN_Init                             0x08002ff5   Thumb Code   478  stm32f4xx_hal_can.o(.text.HAL_CAN_Init)
    HAL_CAN_MspInit                          0x080031d5   Thumb Code   462  can.o(.text.HAL_CAN_MspInit)
    HAL_CAN_RxFifo0FullCallback              0x080033a5   Thumb Code     8  stm32f4xx_hal_can.o(.text.HAL_CAN_RxFifo0FullCallback)
    HAL_CAN_RxFifo0MsgPendingCallback        0x080033ad   Thumb Code   108  iqr.o(.text.HAL_CAN_RxFifo0MsgPendingCallback)
    HAL_CAN_RxFifo1FullCallback              0x08003419   Thumb Code     8  stm32f4xx_hal_can.o(.text.HAL_CAN_RxFifo1FullCallback)
    HAL_CAN_RxFifo1MsgPendingCallback        0x08003421   Thumb Code   108  iqr.o(.text.HAL_CAN_RxFifo1MsgPendingCallback)
    HAL_CAN_SleepCallback                    0x0800348d   Thumb Code     8  stm32f4xx_hal_can.o(.text.HAL_CAN_SleepCallback)
    HAL_CAN_Start                            0x08003495   Thumb Code   138  stm32f4xx_hal_can.o(.text.HAL_CAN_Start)
    HAL_CAN_TxMailbox0AbortCallback          0x08003521   Thumb Code     8  stm32f4xx_hal_can.o(.text.HAL_CAN_TxMailbox0AbortCallback)
    HAL_CAN_TxMailbox0CompleteCallback       0x08003529   Thumb Code     8  stm32f4xx_hal_can.o(.text.HAL_CAN_TxMailbox0CompleteCallback)
    HAL_CAN_TxMailbox1AbortCallback          0x08003531   Thumb Code     8  stm32f4xx_hal_can.o(.text.HAL_CAN_TxMailbox1AbortCallback)
    HAL_CAN_TxMailbox1CompleteCallback       0x08003539   Thumb Code     8  stm32f4xx_hal_can.o(.text.HAL_CAN_TxMailbox1CompleteCallback)
    HAL_CAN_TxMailbox2AbortCallback          0x08003541   Thumb Code     8  stm32f4xx_hal_can.o(.text.HAL_CAN_TxMailbox2AbortCallback)
    HAL_CAN_TxMailbox2CompleteCallback       0x08003549   Thumb Code     8  stm32f4xx_hal_can.o(.text.HAL_CAN_TxMailbox2CompleteCallback)
    HAL_CAN_WakeUpFromRxMsgCallback          0x08003551   Thumb Code     8  stm32f4xx_hal_can.o(.text.HAL_CAN_WakeUpFromRxMsgCallback)
    HAL_Delay                                0x08003559   Thumb Code    66  stm32f4xx_hal.o(.text.HAL_Delay)
    HAL_GPIO_Init                            0x0800359d   Thumb Code   950  stm32f4xx_hal_gpio.o(.text.HAL_GPIO_Init)
    HAL_GetTick                              0x08003955   Thumb Code    12  stm32f4xx_hal.o(.text.HAL_GetTick)
    HAL_IncTick                              0x08003961   Thumb Code    26  stm32f4xx_hal.o(.text.HAL_IncTick)
    HAL_Init                                 0x0800397d   Thumb Code    54  stm32f4xx_hal.o(.text.HAL_Init)
    HAL_InitTick                             0x080039b5   Thumb Code   112  stm32f4xx_hal.o(.text.HAL_InitTick)
    HAL_MspInit                              0x08003a25   Thumb Code    74  stm32f4xx_hal_msp.o(.text.HAL_MspInit)
    HAL_NVIC_EnableIRQ                       0x08003a71   Thumb Code    20  stm32f4xx_hal_cortex.o(.text.HAL_NVIC_EnableIRQ)
    HAL_NVIC_SetPriority                     0x08003a85   Thumb Code    50  stm32f4xx_hal_cortex.o(.text.HAL_NVIC_SetPriority)
    HAL_NVIC_SetPriorityGrouping             0x08003ab9   Thumb Code    16  stm32f4xx_hal_cortex.o(.text.HAL_NVIC_SetPriorityGrouping)
    HAL_RCC_ClockConfig                      0x08003ac9   Thumb Code   610  stm32f4xx_hal_rcc.o(.text.HAL_RCC_ClockConfig)
    HAL_RCC_GetSysClockFreq                  0x08003d2d   Thumb Code   230  stm32f4xx_hal_rcc.o(.text.HAL_RCC_GetSysClockFreq)
    HAL_RCC_OscConfig                        0x08003e15   Thumb Code  1726  stm32f4xx_hal_rcc.o(.text.HAL_RCC_OscConfig)
    HAL_SYSTICK_Config                       0x080044d5   Thumb Code    16  stm32f4xx_hal_cortex.o(.text.HAL_SYSTICK_Config)
    HardFault_Handler                        0x080044e5   Thumb Code     4  stm32f4xx_it.o(.text.HardFault_Handler)
    MX_CAN1_Init                             0x0800459d   Thumb Code   414  can.o(.text.MX_CAN1_Init)
    MX_CAN2_Init                             0x0800473d   Thumb Code   202  can.o(.text.MX_CAN2_Init)
    MX_GPIO_Init                             0x08004809   Thumb Code   108  gpio.o(.text.MX_GPIO_Init)
    MemManage_Handler                        0x08004875   Thumb Code     4  stm32f4xx_it.o(.text.MemManage_Handler)
    NMI_Handler                              0x08004879   Thumb Code     4  stm32f4xx_it.o(.text.NMI_Handler)
    PendSV_Handler                           0x080048e9   Thumb Code     2  stm32f4xx_it.o(.text.PendSV_Handler)
    SVC_Handler                              0x080048ed   Thumb Code     2  stm32f4xx_it.o(.text.SVC_Handler)
    SysTick_Handler                          0x08004945   Thumb Code     8  stm32f4xx_it.o(.text.SysTick_Handler)
    SystemClock_Config                       0x0800494d   Thumb Code   190  main.o(.text.SystemClock_Config)
    SystemInit                               0x08004a0d   Thumb Code    18  system_stm32f4xx.o(.text.SystemInit)
    UsageFault_Handler                       0x08004a79   Thumb Code     4  stm32f4xx_it.o(.text.UsageFault_Handler)
    _sys_close                               0x08004b3d   Thumb Code    74  retarget_io.o(.text._sys_close)
    _sys_flen                                0x08004b89   Thumb Code    74  retarget_io.o(.text._sys_flen)
    _sys_istty                               0x08004bd5   Thumb Code    72  retarget_io.o(.text._sys_istty)
    _sys_open                                0x08004c1d   Thumb Code   132  retarget_io.o(.text._sys_open)
    _sys_seek                                0x08004ca1   Thumb Code    82  retarget_io.o(.text._sys_seek)
    _sys_write                               0x08004cf5   Thumb Code   118  retarget_io.o(.text._sys_write)
    main                                     0x08004ef5   Thumb Code   502  main.o(.text.main)
    stdout_putchar                           0x080050ed   Thumb Code   124  stdout_evr.o(.text.stdout_putchar)
    _btod_d2e                                0x08005169   Thumb Code    62  btod.o(CL$$btod_d2e)
    _d2e_denorm_low                          0x080051a7   Thumb Code    70  btod.o(CL$$btod_d2e_denorm_low)
    _d2e_norm_op1                            0x080051ed   Thumb Code    96  btod.o(CL$$btod_d2e_norm_op1)
    __btod_div_common                        0x0800524d   Thumb Code   696  btod.o(CL$$btod_div_common)
    _e2e                                     0x08005585   Thumb Code   220  btod.o(CL$$btod_e2e)
    _btod_ediv                               0x08005661   Thumb Code    42  btod.o(CL$$btod_ediv)
    _btod_emul                               0x0800568b   Thumb Code    42  btod.o(CL$$btod_emul)
    __btod_mult_common                       0x080056b5   Thumb Code   580  btod.o(CL$$btod_mult_common)
    __ARM_fpclassify                         0x080058f9   Thumb Code    48  fpclassify.o(i.__ARM_fpclassify)
    _is_digit                                0x08005929   Thumb Code    14  __printf_wp.o(i._is_digit)
    fputc                                    0x08005937   Thumb Code    28  fputc.o(i.fputc)
    _get_lc_numeric                          0x08005955   Thumb Code    44  lc_numeric_c.o(locale$$code)
    _get_lc_ctype                            0x08005981   Thumb Code    44  lc_ctype_c.o(locale$$code)
    _fp_init                                 0x080059ad   Thumb Code    26  fpinit.o(x$fpl$fpinit)
    __fplib_config_fpu_vfp                   0x080059c5   Thumb Code     0  fpinit.o(x$fpl$fpinit)
    __fplib_config_pureend_doubles           0x080059c5   Thumb Code     0  fpinit.o(x$fpl$fpinit)
    _printf_fp_dec                           0x080059c7   Thumb Code     4  printf1.o(x$fpl$printf1)
    _printf_fp_hex                           0x080059cb   Thumb Code     4  printf2.o(x$fpl$printf2)
    __I$use$fp                               0x080059ce   Number         0  usenofp.o(x$fpl$usenofp)
    AHBPrescTable                            0x08005acc   Data          16  system_stm32f4xx.o(.rodata.AHBPrescTable)
    EventRecorderInfo                        0x08005adc   Data          24  eventrecorder.o(.rodata.EventRecorderInfo)
    __stderr_name                            0x08005af4   Data           8  retarget_io.o(.rodata.__stderr_name)
    __stdin_name                             0x08005afc   Data           7  retarget_io.o(.rodata.__stdin_name)
    __stdout_name                            0x08005b03   Data           8  retarget_io.o(.rodata.__stdout_name)
    Region$$Table$$Base                      0x08005b60   Number         0  anon$$obj.o(Region$$Table)
    Region$$Table$$Limit                     0x08005b80   Number         0  anon$$obj.o(Region$$Table)
    __ctype                                  0x08005ba9   Data           0  lc_ctype_c.o(locale$$data)
    __aeabi_stdin                            0x20000000   Data           4  stdio_streams.o(.data)
    __aeabi_stdout                           0x20000004   Data           4  stdio_streams.o(.data)
    __aeabi_stderr                           0x20000008   Data           4  stdio_streams.o(.data)
    SystemCoreClock                          0x2000000c   Data           4  system_stm32f4xx.o(.data.SystemCoreClock)
    uwTickFreq                               0x20000010   Data           1  stm32f4xx_hal.o(.data.uwTickFreq)
    uwTickPrio                               0x20000014   Data           4  stm32f4xx_hal.o(.data.uwTickPrio)
    __stdin                                  0x20000040   Data          84  stdio_streams.o(.bss)
    __stdout                                 0x20000094   Data          84  stdio_streams.o(.bss)
    __stderr                                 0x200000e8   Data          84  stdio_streams.o(.bss)
    __libspace_start                         0x2000013c   Data          96  libspace.o(.bss)
    CAN_RxHeader                             0x2000019c   Data          28  iqr.o(.bss.CAN_RxHeader)
    __temporary_stack_top$libspace           0x2000019c   Data           0  libspace.o(.bss)
    CAN_TxHeader                             0x200001b8   Data          24  iqr.o(.bss.CAN_TxHeader)
    TxMailbox                                0x200001d4   Data           4  iqr.o(.bss.TxMailbox)
    buff                                     0x200001d8   Data           8  main.o(.bss.buff)
    buffer                                   0x200001e0   Data           9  iqr.o(.bss.buffer)
    can_num                                  0x200001ec   Data           4  main.o(.bss.can_num)
    flag                                     0x200001f0   Data           4  main.o(.bss.flag)
    hcan1                                    0x200001f4   Data          40  can.o(.bss.hcan1)
    hcan2                                    0x2000021c   Data          40  can.o(.bss.hcan2)
    uwTick                                   0x20008330   Data           4  stm32f4xx_hal.o(.bss.uwTick)



==============================================================================

Memory Map of the image

  Image Entry point : 0x08000189

  Load Region LR_IROM1 (Base: 0x08000000, Size: 0x00005d00, Max: 0x00100000, ABSOLUTE)

    Execution Region ER_IROM1 (Exec base: 0x08000000, Load base: 0x08000000, Size: 0x00005cac, Max: 0x00100000, ABSOLUTE)

    Exec Addr    Load Addr    Size         Type   Attr      Idx    E Section Name        Object

    0x08000000   0x08000000   0x00000188   Data   RO            3    RESET               startup_stm32f405xx.o
    0x08000188   0x08000188   0x00000008   Code   RO          754  * !!!main             c_w.l(__main.o)
    0x08000190   0x08000190   0x0000005c   Code   RO         1271    !!!scatter          c_w.l(__scatter.o)
    0x080001ec   0x080001ec   0x0000001a   Code   RO         1275    !!handler_copy      c_w.l(__scatter_copy.o)
    0x08000206   0x08000206   0x00000002   PAD
    0x08000208   0x08000208   0x00000002   Code   RO         1272    !!handler_null      c_w.l(__scatter.o)
    0x0800020a   0x0800020a   0x00000002   PAD
    0x0800020c   0x0800020c   0x0000001c   Code   RO         1277    !!handler_zi        c_w.l(__scatter_zi.o)
    0x08000228   0x08000228   0x00000000   Code   RO          840    .ARM.Collect$$_printf_percent$$00000000  c_w.l(_printf_percent.o)
    0x08000228   0x08000228   0x00000006   Code   RO          829    .ARM.Collect$$_printf_percent$$00000001  c_w.l(_printf_n.o)
    0x0800022e   0x0800022e   0x00000006   Code   RO          831    .ARM.Collect$$_printf_percent$$00000002  c_w.l(_printf_p.o)
    0x08000234   0x08000234   0x00000006   Code   RO          836    .ARM.Collect$$_printf_percent$$00000003  c_w.l(_printf_f.o)
    0x0800023a   0x0800023a   0x00000006   Code   RO          837    .ARM.Collect$$_printf_percent$$00000004  c_w.l(_printf_e.o)
    0x08000240   0x08000240   0x00000006   Code   RO          838    .ARM.Collect$$_printf_percent$$00000005  c_w.l(_printf_g.o)
    0x08000246   0x08000246   0x00000006   Code   RO          839    .ARM.Collect$$_printf_percent$$00000006  c_w.l(_printf_a.o)
    0x0800024c   0x0800024c   0x0000000a   Code   RO          844    .ARM.Collect$$_printf_percent$$00000007  c_w.l(_printf_ll.o)
    0x08000256   0x08000256   0x00000006   Code   RO          833    .ARM.Collect$$_printf_percent$$00000008  c_w.l(_printf_i.o)
    0x0800025c   0x0800025c   0x00000006   Code   RO          834    .ARM.Collect$$_printf_percent$$00000009  c_w.l(_printf_d.o)
    0x08000262   0x08000262   0x00000006   Code   RO          835    .ARM.Collect$$_printf_percent$$0000000A  c_w.l(_printf_u.o)
    0x08000268   0x08000268   0x00000006   Code   RO          832    .ARM.Collect$$_printf_percent$$0000000B  c_w.l(_printf_o.o)
    0x0800026e   0x0800026e   0x00000006   Code   RO          830    .ARM.Collect$$_printf_percent$$0000000C  c_w.l(_printf_x.o)
    0x08000274   0x08000274   0x00000006   Code   RO          841    .ARM.Collect$$_printf_percent$$0000000D  c_w.l(_printf_lli.o)
    0x0800027a   0x0800027a   0x00000006   Code   RO          842    .ARM.Collect$$_printf_percent$$0000000E  c_w.l(_printf_lld.o)
    0x08000280   0x08000280   0x00000006   Code   RO          843    .ARM.Collect$$_printf_percent$$0000000F  c_w.l(_printf_llu.o)
    0x08000286   0x08000286   0x00000006   Code   RO          848    .ARM.Collect$$_printf_percent$$00000010  c_w.l(_printf_llo.o)
    0x0800028c   0x0800028c   0x00000006   Code   RO          849    .ARM.Collect$$_printf_percent$$00000011  c_w.l(_printf_llx.o)
    0x08000292   0x08000292   0x0000000a   Code   RO          845    .ARM.Collect$$_printf_percent$$00000012  c_w.l(_printf_l.o)
    0x0800029c   0x0800029c   0x00000006   Code   RO          827    .ARM.Collect$$_printf_percent$$00000013  c_w.l(_printf_c.o)
    0x080002a2   0x080002a2   0x00000006   Code   RO          828    .ARM.Collect$$_printf_percent$$00000014  c_w.l(_printf_s.o)
    0x080002a8   0x080002a8   0x00000006   Code   RO          846    .ARM.Collect$$_printf_percent$$00000015  c_w.l(_printf_lc.o)
    0x080002ae   0x080002ae   0x00000006   Code   RO          847    .ARM.Collect$$_printf_percent$$00000016  c_w.l(_printf_ls.o)
    0x080002b4   0x080002b4   0x00000004   Code   RO          900    .ARM.Collect$$_printf_percent$$00000017  c_w.l(_printf_percent_end.o)
    0x080002b8   0x080002b8   0x00000002   Code   RO         1046    .ARM.Collect$$libinit$$00000000  c_w.l(libinit.o)
    0x080002ba   0x080002ba   0x00000004   Code   RO         1047    .ARM.Collect$$libinit$$00000001  c_w.l(libinit2.o)
    0x080002be   0x080002be   0x00000000   Code   RO         1050    .ARM.Collect$$libinit$$00000004  c_w.l(libinit2.o)
    0x080002be   0x080002be   0x00000000   Code   RO         1052    .ARM.Collect$$libinit$$00000006  c_w.l(libinit2.o)
    0x080002be   0x080002be   0x00000008   Code   RO         1053    .ARM.Collect$$libinit$$00000007  c_w.l(libinit2.o)
    0x080002c6   0x080002c6   0x00000000   Code   RO         1055    .ARM.Collect$$libinit$$0000000C  c_w.l(libinit2.o)
    0x080002c6   0x080002c6   0x00000000   Code   RO         1057    .ARM.Collect$$libinit$$0000000E  c_w.l(libinit2.o)
    0x080002c6   0x080002c6   0x00000000   Code   RO         1059    .ARM.Collect$$libinit$$00000010  c_w.l(libinit2.o)
    0x080002c6   0x080002c6   0x00000006   Code   RO         1060    .ARM.Collect$$libinit$$00000011  c_w.l(libinit2.o)
    0x080002cc   0x080002cc   0x00000000   Code   RO         1062    .ARM.Collect$$libinit$$00000013  c_w.l(libinit2.o)
    0x080002cc   0x080002cc   0x0000000c   Code   RO         1063    .ARM.Collect$$libinit$$00000014  c_w.l(libinit2.o)
    0x080002d8   0x080002d8   0x00000000   Code   RO         1064    .ARM.Collect$$libinit$$00000015  c_w.l(libinit2.o)
    0x080002d8   0x080002d8   0x00000000   Code   RO         1066    .ARM.Collect$$libinit$$00000017  c_w.l(libinit2.o)
    0x080002d8   0x080002d8   0x0000000a   Code   RO         1067    .ARM.Collect$$libinit$$00000018  c_w.l(libinit2.o)
    0x080002e2   0x080002e2   0x00000000   Code   RO         1068    .ARM.Collect$$libinit$$00000019  c_w.l(libinit2.o)
    0x080002e2   0x080002e2   0x00000000   Code   RO         1070    .ARM.Collect$$libinit$$0000001B  c_w.l(libinit2.o)
    0x080002e2   0x080002e2   0x00000000   Code   RO         1072    .ARM.Collect$$libinit$$0000001D  c_w.l(libinit2.o)
    0x080002e2   0x080002e2   0x00000000   Code   RO         1074    .ARM.Collect$$libinit$$0000001F  c_w.l(libinit2.o)
    0x080002e2   0x080002e2   0x00000000   Code   RO         1076    .ARM.Collect$$libinit$$00000021  c_w.l(libinit2.o)
    0x080002e2   0x080002e2   0x00000000   Code   RO         1078    .ARM.Collect$$libinit$$00000023  c_w.l(libinit2.o)
    0x080002e2   0x080002e2   0x00000000   Code   RO         1080    .ARM.Collect$$libinit$$00000025  c_w.l(libinit2.o)
    0x080002e2   0x080002e2   0x00000004   Code   RO         1081    .ARM.Collect$$libinit$$00000026  c_w.l(libinit2.o)
    0x080002e6   0x080002e6   0x00000000   Code   RO         1082    .ARM.Collect$$libinit$$00000027  c_w.l(libinit2.o)
    0x080002e6   0x080002e6   0x00000000   Code   RO         1086    .ARM.Collect$$libinit$$0000002E  c_w.l(libinit2.o)
    0x080002e6   0x080002e6   0x00000000   Code   RO         1088    .ARM.Collect$$libinit$$00000030  c_w.l(libinit2.o)
    0x080002e6   0x080002e6   0x00000000   Code   RO         1090    .ARM.Collect$$libinit$$00000032  c_w.l(libinit2.o)
    0x080002e6   0x080002e6   0x00000000   Code   RO         1092    .ARM.Collect$$libinit$$00000034  c_w.l(libinit2.o)
    0x080002e6   0x080002e6   0x00000002   Code   RO         1093    .ARM.Collect$$libinit$$00000035  c_w.l(libinit2.o)
    0x080002e8   0x080002e8   0x00000002   Code   RO         1252    .ARM.Collect$$libshutdown$$00000000  c_w.l(libshutdown.o)
    0x080002ea   0x080002ea   0x00000000   Code   RO         1095    .ARM.Collect$$libshutdown$$00000002  c_w.l(libshutdown2.o)
    0x080002ea   0x080002ea   0x00000004   Code   RO         1096    .ARM.Collect$$libshutdown$$00000003  c_w.l(libshutdown2.o)
    0x080002ee   0x080002ee   0x00000000   Code   RO         1097    .ARM.Collect$$libshutdown$$00000004  c_w.l(libshutdown2.o)
    0x080002ee   0x080002ee   0x00000000   Code   RO         1100    .ARM.Collect$$libshutdown$$00000007  c_w.l(libshutdown2.o)
    0x080002ee   0x080002ee   0x00000000   Code   RO         1103    .ARM.Collect$$libshutdown$$0000000A  c_w.l(libshutdown2.o)
    0x080002ee   0x080002ee   0x00000000   Code   RO         1105    .ARM.Collect$$libshutdown$$0000000C  c_w.l(libshutdown2.o)
    0x080002ee   0x080002ee   0x00000000   Code   RO         1108    .ARM.Collect$$libshutdown$$0000000F  c_w.l(libshutdown2.o)
    0x080002ee   0x080002ee   0x00000002   Code   RO         1109    .ARM.Collect$$libshutdown$$00000010  c_w.l(libshutdown2.o)
    0x080002f0   0x080002f0   0x00000000   Code   RO          756    .ARM.Collect$$rtentry$$00000000  c_w.l(__rtentry.o)
    0x080002f0   0x080002f0   0x00000000   Code   RO          867    .ARM.Collect$$rtentry$$00000002  c_w.l(__rtentry2.o)
    0x080002f0   0x080002f0   0x00000006   Code   RO          879    .ARM.Collect$$rtentry$$00000004  c_w.l(__rtentry4.o)
    0x080002f6   0x080002f6   0x00000000   Code   RO          869    .ARM.Collect$$rtentry$$00000009  c_w.l(__rtentry2.o)
    0x080002f6   0x080002f6   0x00000004   Code   RO          870    .ARM.Collect$$rtentry$$0000000A  c_w.l(__rtentry2.o)
    0x080002fa   0x080002fa   0x00000000   Code   RO          872    .ARM.Collect$$rtentry$$0000000C  c_w.l(__rtentry2.o)
    0x080002fa   0x080002fa   0x00000008   Code   RO          873    .ARM.Collect$$rtentry$$0000000D  c_w.l(__rtentry2.o)
    0x08000302   0x08000302   0x00000002   Code   RO         1120    .ARM.Collect$$rtexit$$00000000  c_w.l(rtexit.o)
    0x08000304   0x08000304   0x00000000   Code   RO         1181    .ARM.Collect$$rtexit$$00000002  c_w.l(rtexit2.o)
    0x08000304   0x08000304   0x00000004   Code   RO         1182    .ARM.Collect$$rtexit$$00000003  c_w.l(rtexit2.o)
    0x08000308   0x08000308   0x00000006   Code   RO         1183    .ARM.Collect$$rtexit$$00000004  c_w.l(rtexit2.o)
    0x0800030e   0x0800030e   0x00000002   PAD
    0x08000310   0x08000310   0x00000040   Code   RO            4    .text               startup_stm32f405xx.o
    0x08000350   0x08000350   0x000000f0   Code   RO          742    .text               c_w.l(lludivv7m.o)
    0x08000440   0x08000440   0x00000018   Code   RO          744    .text               c_w.l(printf.o)
    0x08000458   0x08000458   0x0000008a   Code   RO          746    .text               c_w.l(rt_memcpy_v6.o)
    0x080004e2   0x080004e2   0x0000004e   Code   RO          748    .text               c_w.l(rt_memclr_w.o)
    0x08000530   0x08000530   0x0000007c   Code   RO          750    .text               c_w.l(strcmpv7em.o)
    0x080005ac   0x080005ac   0x00000006   Code   RO          752    .text               c_w.l(heapauxi.o)
    0x080005b2   0x080005b2   0x0000004e   Code   RO          763    .text               c_w.l(_printf_pad.o)
    0x08000600   0x08000600   0x00000024   Code   RO          765    .text               c_w.l(_printf_truncate.o)
    0x08000624   0x08000624   0x00000052   Code   RO          767    .text               c_w.l(_printf_str.o)
    0x08000676   0x08000676   0x00000002   PAD
    0x08000678   0x08000678   0x00000078   Code   RO          769    .text               c_w.l(_printf_dec.o)
    0x080006f0   0x080006f0   0x00000028   Code   RO          771    .text               c_w.l(_printf_charcount.o)
    0x08000718   0x08000718   0x00000024   Code   RO          773    .text               c_w.l(_printf_char_file.o)
    0x0800073c   0x0800073c   0x000000bc   Code   RO          775    .text               c_w.l(_printf_wctomb.o)
    0x080007f8   0x080007f8   0x0000007c   Code   RO          778    .text               c_w.l(_printf_longlong_dec.o)
    0x08000874   0x08000874   0x00000070   Code   RO          784    .text               c_w.l(_printf_oct_int_ll.o)
    0x080008e4   0x080008e4   0x00000094   Code   RO          804    .text               c_w.l(_printf_hex_int_ll_ptr.o)
    0x08000978   0x08000978   0x00000188   Code   RO          824    .text               c_w.l(__printf_flags_ss_wp.o)
    0x08000b00   0x08000b00   0x00000064   Code   RO          856    .text               c_w.l(rt_memcpy_w.o)
    0x08000b64   0x08000b64   0x0000008a   Code   RO          883    .text               c_w.l(lludiv10.o)
    0x08000bee   0x08000bee   0x000000b2   Code   RO          885    .text               c_w.l(_printf_intcommon.o)
    0x08000ca0   0x08000ca0   0x0000041c   Code   RO          887    .text               c_w.l(_printf_fp_dec.o)
    0x080010bc   0x080010bc   0x000002fc   Code   RO          891    .text               c_w.l(_printf_fp_hex.o)
    0x080013b8   0x080013b8   0x00000030   Code   RO          894    .text               c_w.l(_printf_char_common.o)
    0x080013e8   0x080013e8   0x0000002c   Code   RO          896    .text               c_w.l(_printf_char.o)
    0x08001414   0x08001414   0x0000002c   Code   RO          898    .text               c_w.l(_printf_wchar.o)
    0x08001440   0x08001440   0x00000008   Code   RO          901    .text               c_w.l(ferror.o)
    0x08001448   0x08001448   0x00000138   Code   RO          907    .text               c_w.l(initio.o)
    0x08001580   0x08001580   0x00000048   Code   RO          915    .text               c_w.l(_c16rtomb.o)
    0x080015c8   0x080015c8   0x0000004a   Code   RO          919    .text               c_w.l(sys_stackheap_outer.o)
    0x08001612   0x08001612   0x00000002   PAD
    0x08001614   0x08001614   0x00000010   Code   RO          921    .text               c_w.l(rt_ctype_table.o)
    0x08001624   0x08001624   0x00000008   Code   RO          926    .text               c_w.l(rt_locale_intlibspace.o)
    0x0800162c   0x0800162c   0x0000004e   Code   RO          930    .text               c_w.l(h1_free.o)
    0x0800167a   0x0800167a   0x00000002   PAD
    0x0800167c   0x0800167c   0x00000080   Code   RO          984    .text               c_w.l(_printf_fp_infnan.o)
    0x080016fc   0x080016fc   0x000000e4   Code   RO          988    .text               c_w.l(bigflt0.o)
    0x080017e0   0x080017e0   0x000001e2   Code   RO         1015    .text               c_w.l(flsbuf.o)
    0x080019c2   0x080019c2   0x00000046   Code   RO         1017    .text               c_w.l(setvbuf.o)
    0x08001a08   0x08001a08   0x000000f0   Code   RO         1020    .text               c_w.l(fopen.o)
    0x08001af8   0x08001af8   0x0000004c   Code   RO         1022    .text               c_w.l(fclose.o)
    0x08001b44   0x08001b44   0x00000012   Code   RO         1031    .text               c_w.l(exit.o)
    0x08001b56   0x08001b56   0x0000000e   Code   RO         1037    .text               c_w.l(defsig_rtred_outer.o)
    0x08001b64   0x08001b64   0x00000008   Code   RO         1117    .text               c_w.l(libspace.o)
    0x08001b6c   0x08001b6c   0x00000008   Code   RO         1127    .text               c_w.l(rt_heap_descriptor_intlibspace.o)
    0x08001b74   0x08001b74   0x00000004   Code   RO         1129    .text               c_w.l(hguard.o)
    0x08001b78   0x08001b78   0x0000008a   Code   RO         1131    .text               c_w.l(init_alloc.o)
    0x08001c02   0x08001c02   0x0000005e   Code   RO         1137    .text               c_w.l(h1_alloc.o)
    0x08001c60   0x08001c60   0x000000f8   Code   RO         1153    .text               c_w.l(fseek.o)
    0x08001d58   0x08001d58   0x00000108   Code   RO         1155    .text               c_w.l(stdio.o)
    0x08001e60   0x08001e60   0x0000000a   Code   RO         1164    .text               c_w.l(defsig_exit.o)
    0x08001e6a   0x08001e6a   0x00000002   PAD
    0x08001e6c   0x08001e6c   0x00000034   Code   RO         1168    .text               c_w.l(defsig_rtred_inner.o)
    0x08001ea0   0x08001ea0   0x0000000c   Code   RO         1176    .text               c_w.l(sys_exit.o)
    0x08001eac   0x08001eac   0x00000000   Code   RO         1187    .text               c_w.l(maybetermalloc1.o)
    0x08001eac   0x08001eac   0x0000000c   Code   RO         1189    .text               c_w.l(h1_init.o)
    0x08001eb8   0x08001eb8   0x00000034   Code   RO         1191    .text               c_w.l(h1_extend.o)
    0x08001eec   0x08001eec   0x00000042   Code   RO         1203    .text               c_w.l(ftell.o)
    0x08001f2e   0x08001f2e   0x00000032   Code   RO         1211    .text               c_w.l(defsig_general.o)
    0x08001f60   0x08001f60   0x0000000e   Code   RO         1213    .text               c_w.l(defsig_rtmem_outer.o)
    0x08001f6e   0x08001f6e   0x0000000e   Code   RO         1226    .text               c_w.l(sys_wrch.o)
    0x08001f7c   0x08001f7c   0x00000002   Code   RO         1234    .text               c_w.l(use_no_semi.o)
    0x08001f7e   0x08001f7e   0x00000000   Code   RO         1236    .text               c_w.l(indicate_semi.o)
    0x08001f7e   0x08001f7e   0x00000002   PAD
    0x08001f80   0x08001f80   0x00000008   Code   RO         1240    .text               c_w.l(rt_errno_addr_intlibspace.o)
    0x08001f88   0x08001f88   0x00000050   Code   RO         1246    .text               c_w.l(defsig_rtmem_inner.o)
    0x08001fd8   0x08001fd8   0x00000004   Code   RO           61    .text.BusFault_Handler  stm32f4xx_it.o
    0x08001fdc   0x08001fdc   0x00000010   Code   RO           75    .text.CAN1_RX0_IRQHandler  stm32f4xx_it.o
    0x08001fec   0x08001fec   0x00000010   Code   RO           77    .text.CAN1_RX1_IRQHandler  stm32f4xx_it.o
    0x08001ffc   0x08001ffc   0x00000010   Code   RO           73    .text.CAN1_TX_IRQHandler  stm32f4xx_it.o
    0x0800200c   0x0800200c   0x00000010   Code   RO           81    .text.CAN2_RX0_IRQHandler  stm32f4xx_it.o
    0x0800201c   0x0800201c   0x00000010   Code   RO           83    .text.CAN2_RX1_IRQHandler  stm32f4xx_it.o
    0x0800202c   0x0800202c   0x00000010   Code   RO           79    .text.CAN2_TX_IRQHandler  stm32f4xx_it.o
    0x0800203c   0x0800203c   0x00000002   Code   RO           67    .text.DebugMon_Handler  stm32f4xx_it.o
    0x0800203e   0x0800203e   0x00000002   PAD
    0x08002040   0x08002040   0x00000006   Code   RO           15    .text.Error_Handler  main.o
    0x08002046   0x08002046   0x00000002   PAD
    0x08002048   0x08002048   0x0000003c   Code   RO          708    .text.EventCheckFilter  eventrecorder.o
    0x08002084   0x08002084   0x0000009a   Code   RO          694    .text.EventGetTS    eventrecorder.o
    0x0800211e   0x0800211e   0x00000002   PAD
    0x08002120   0x08002120   0x00000186   Code   RO          706    .text.EventRecordData  eventrecorder.o
    0x080022a6   0x080022a6   0x00000002   PAD
    0x080022a8   0x080022a8   0x000000f0   Code   RO          696    .text.EventRecordItem  eventrecorder.o
    0x08002398   0x08002398   0x00000092   Code   RO          692    .text.EventRecorderEnable  eventrecorder.o
    0x0800242a   0x0800242a   0x00000002   PAD
    0x0800242c   0x0800242c   0x000001bc   Code   RO          688    .text.EventRecorderInitialize  eventrecorder.o
    0x080025e8   0x080025e8   0x0000004a   Code   RO          698    .text.EventRecorderStart  eventrecorder.o
    0x08002632   0x08002632   0x00000002   PAD
    0x08002634   0x08002634   0x0000000c   Code   RO          686    .text.EventRecorderTimerGetCount  eventrecorder.o
    0x08002640   0x08002640   0x0000000c   Code   RO          684    .text.EventRecorderTimerGetFreq  eventrecorder.o
    0x0800264c   0x0800264c   0x00000024   Code   RO          682    .text.EventRecorderTimerSetup  eventrecorder.o
    0x08002670   0x08002670   0x00000012   Code   RO          710    .text.GetContext    eventrecorder.o
    0x08002682   0x08002682   0x00000002   PAD
    0x08002684   0x08002684   0x00000012   Code   RO          718    .text.GetRecordIndex  eventrecorder.o
    0x08002696   0x08002696   0x00000002   PAD
    0x08002698   0x08002698   0x00000052   Code   RO          150    .text.HAL_CAN_ActivateNotification  stm32f4xx_hal_can.o
    0x080026ea   0x080026ea   0x00000002   PAD
    0x080026ec   0x080026ec   0x00000156   Code   RO          136    .text.HAL_CAN_AddTxMessage  stm32f4xx_hal_can.o
    0x08002842   0x08002842   0x00000002   PAD
    0x08002844   0x08002844   0x0000019e   Code   RO          126    .text.HAL_CAN_ConfigFilter  stm32f4xx_hal_can.o
    0x080029e2   0x080029e2   0x00000002   PAD
    0x080029e4   0x080029e4   0x00000008   Code   RO          180    .text.HAL_CAN_ErrorCallback  stm32f4xx_hal_can.o
    0x080029ec   0x080029ec   0x00000212   Code   RO          146    .text.HAL_CAN_GetRxMessage  stm32f4xx_hal_can.o
    0x08002bfe   0x08002bfe   0x00000002   PAD
    0x08002c00   0x08002c00   0x000003f2   Code   RO          154    .text.HAL_CAN_IRQHandler  stm32f4xx_hal_can.o
    0x08002ff2   0x08002ff2   0x00000002   PAD
    0x08002ff4   0x08002ff4   0x000001de   Code   RO          116    .text.HAL_CAN_Init  stm32f4xx_hal_can.o
    0x080031d2   0x080031d2   0x00000002   PAD
    0x080031d4   0x080031d4   0x000001ce   Code   RO           41    .text.HAL_CAN_MspInit  can.o
    0x080033a2   0x080033a2   0x00000002   PAD
    0x080033a4   0x080033a4   0x00000008   Code   RO          168    .text.HAL_CAN_RxFifo0FullCallback  stm32f4xx_hal_can.o
    0x080033ac   0x080033ac   0x0000006c   Code   RO          100    .text.HAL_CAN_RxFifo0MsgPendingCallback  iqr.o
    0x08003418   0x08003418   0x00000008   Code   RO          172    .text.HAL_CAN_RxFifo1FullCallback  stm32f4xx_hal_can.o
    0x08003420   0x08003420   0x0000006c   Code   RO          102    .text.HAL_CAN_RxFifo1MsgPendingCallback  iqr.o
    0x0800348c   0x0800348c   0x00000008   Code   RO          176    .text.HAL_CAN_SleepCallback  stm32f4xx_hal_can.o
    0x08003494   0x08003494   0x0000008a   Code   RO          128    .text.HAL_CAN_Start  stm32f4xx_hal_can.o
    0x0800351e   0x0800351e   0x00000002   PAD
    0x08003520   0x08003520   0x00000008   Code   RO          158    .text.HAL_CAN_TxMailbox0AbortCallback  stm32f4xx_hal_can.o
    0x08003528   0x08003528   0x00000008   Code   RO          156    .text.HAL_CAN_TxMailbox0CompleteCallback  stm32f4xx_hal_can.o
    0x08003530   0x08003530   0x00000008   Code   RO          162    .text.HAL_CAN_TxMailbox1AbortCallback  stm32f4xx_hal_can.o
    0x08003538   0x08003538   0x00000008   Code   RO          160    .text.HAL_CAN_TxMailbox1CompleteCallback  stm32f4xx_hal_can.o
    0x08003540   0x08003540   0x00000008   Code   RO          166    .text.HAL_CAN_TxMailbox2AbortCallback  stm32f4xx_hal_can.o
    0x08003548   0x08003548   0x00000008   Code   RO          164    .text.HAL_CAN_TxMailbox2CompleteCallback  stm32f4xx_hal_can.o
    0x08003550   0x08003550   0x00000008   Code   RO          178    .text.HAL_CAN_WakeUpFromRxMsgCallback  stm32f4xx_hal_can.o
    0x08003558   0x08003558   0x00000042   Code   RO          564    .text.HAL_Delay     stm32f4xx_hal.o
    0x0800359a   0x0800359a   0x00000002   PAD
    0x0800359c   0x0800359c   0x000003b6   Code   RO          331    .text.HAL_GPIO_Init  stm32f4xx_hal_gpio.o
    0x08003952   0x08003952   0x00000002   PAD
    0x08003954   0x08003954   0x0000000c   Code   RO          556    .text.HAL_GetTick   stm32f4xx_hal.o
    0x08003960   0x08003960   0x0000001a   Code   RO          554    .text.HAL_IncTick   stm32f4xx_hal.o
    0x0800397a   0x0800397a   0x00000002   PAD
    0x0800397c   0x0800397c   0x00000036   Code   RO          544    .text.HAL_Init      stm32f4xx_hal.o
    0x080039b2   0x080039b2   0x00000002   PAD
    0x080039b4   0x080039b4   0x00000070   Code   RO          546    .text.HAL_InitTick  stm32f4xx_hal.o
    0x08003a24   0x08003a24   0x0000004a   Code   RO           92    .text.HAL_MspInit   stm32f4xx_hal_msp.o
    0x08003a6e   0x08003a6e   0x00000002   PAD
    0x08003a70   0x08003a70   0x00000014   Code   RO          479    .text.HAL_NVIC_EnableIRQ  stm32f4xx_hal_cortex.o
    0x08003a84   0x08003a84   0x00000032   Code   RO          471    .text.HAL_NVIC_SetPriority  stm32f4xx_hal_cortex.o
    0x08003ab6   0x08003ab6   0x00000002   PAD
    0x08003ab8   0x08003ab8   0x00000010   Code   RO          467    .text.HAL_NVIC_SetPriorityGrouping  stm32f4xx_hal_cortex.o
    0x08003ac8   0x08003ac8   0x00000262   Code   RO          199    .text.HAL_RCC_ClockConfig  stm32f4xx_hal_rcc.o
    0x08003d2a   0x08003d2a   0x00000002   PAD
    0x08003d2c   0x08003d2c   0x000000e6   Code   RO          201    .text.HAL_RCC_GetSysClockFreq  stm32f4xx_hal_rcc.o
    0x08003e12   0x08003e12   0x00000002   PAD
    0x08003e14   0x08003e14   0x000006be   Code   RO          197    .text.HAL_RCC_OscConfig  stm32f4xx_hal_rcc.o
    0x080044d2   0x080044d2   0x00000002   PAD
    0x080044d4   0x080044d4   0x00000010   Code   RO          491    .text.HAL_SYSTICK_Config  stm32f4xx_hal_cortex.o
    0x080044e4   0x080044e4   0x00000004   Code   RO           57    .text.HardFault_Handler  stm32f4xx_it.o
    0x080044e8   0x080044e8   0x00000012   Code   RO          726    .text.IncrementRecordsDumped  eventrecorder.o
    0x080044fa   0x080044fa   0x00000002   PAD
    0x080044fc   0x080044fc   0x00000012   Code   RO          724    .text.IncrementRecordsWritten  eventrecorder.o
    0x0800450e   0x0800450e   0x00000002   PAD
    0x08004510   0x08004510   0x0000008c   Code   RO          720    .text.LockRecord    eventrecorder.o
    0x0800459c   0x0800459c   0x0000019e   Code   RO           37    .text.MX_CAN1_Init  can.o
    0x0800473a   0x0800473a   0x00000002   PAD
    0x0800473c   0x0800473c   0x000000ca   Code   RO           39    .text.MX_CAN2_Init  can.o
    0x08004806   0x08004806   0x00000002   PAD
    0x08004808   0x08004808   0x0000006c   Code   RO           29    .text.MX_GPIO_Init  gpio.o
    0x08004874   0x08004874   0x00000004   Code   RO           59    .text.MemManage_Handler  stm32f4xx_it.o
    0x08004878   0x08004878   0x00000004   Code   RO           55    .text.NMI_Handler   stm32f4xx_it.o
    0x0800487c   0x0800487c   0x0000006c   Code   RO          477    .text.NVIC_EncodePriority  stm32f4xx_hal_cortex.o
    0x080048e8   0x080048e8   0x00000002   Code   RO           69    .text.PendSV_Handler  stm32f4xx_it.o
    0x080048ea   0x080048ea   0x00000002   PAD
    0x080048ec   0x080048ec   0x00000002   Code   RO           65    .text.SVC_Handler   stm32f4xx_it.o
    0x080048ee   0x080048ee   0x00000002   PAD
    0x080048f0   0x080048f0   0x00000052   Code   RO          493    .text.SysTick_Config  stm32f4xx_hal_cortex.o
    0x08004942   0x08004942   0x00000002   PAD
    0x08004944   0x08004944   0x00000008   Code   RO           71    .text.SysTick_Handler  stm32f4xx_it.o
    0x0800494c   0x0800494c   0x000000be   Code   RO           13    .text.SystemClock_Config  main.o
    0x08004a0a   0x08004a0a   0x00000002   PAD
    0x08004a0c   0x08004a0c   0x00000012   Code   RO          633    .text.SystemInit    system_stm32f4xx.o
    0x08004a1e   0x08004a1e   0x00000002   PAD
    0x08004a20   0x08004a20   0x00000056   Code   RO          722    .text.UnlockRecord  eventrecorder.o
    0x08004a76   0x08004a76   0x00000002   PAD
    0x08004a78   0x08004a78   0x00000004   Code   RO           63    .text.UsageFault_Handler  stm32f4xx_it.o
    0x08004a7c   0x08004a7c   0x00000030   Code   RO          481    .text.__NVIC_EnableIRQ  stm32f4xx_hal_cortex.o
    0x08004aac   0x08004aac   0x00000010   Code   RO          473    .text.__NVIC_GetPriorityGrouping  stm32f4xx_hal_cortex.o
    0x08004abc   0x08004abc   0x00000042   Code   RO          475    .text.__NVIC_SetPriority  stm32f4xx_hal_cortex.o
    0x08004afe   0x08004afe   0x00000002   PAD
    0x08004b00   0x08004b00   0x0000003c   Code   RO          469    .text.__NVIC_SetPriorityGrouping  stm32f4xx_hal_cortex.o
    0x08004b3c   0x08004b3c   0x0000004a   Code   RO          649    .text._sys_close    retarget_io.o
    0x08004b86   0x08004b86   0x00000002   PAD
    0x08004b88   0x08004b88   0x0000004a   Code   RO          659    .text._sys_flen     retarget_io.o
    0x08004bd2   0x08004bd2   0x00000002   PAD
    0x08004bd4   0x08004bd4   0x00000048   Code   RO          655    .text._sys_istty    retarget_io.o
    0x08004c1c   0x08004c1c   0x00000084   Code   RO          647    .text._sys_open     retarget_io.o
    0x08004ca0   0x08004ca0   0x00000052   Code   RO          657    .text._sys_seek     retarget_io.o
    0x08004cf2   0x08004cf2   0x00000002   PAD
    0x08004cf4   0x08004cf4   0x00000076   Code   RO          651    .text._sys_write    retarget_io.o
    0x08004d6a   0x08004d6a   0x00000002   PAD
    0x08004d6c   0x08004d6c   0x00000060   Code   RO          716    .text.atomic_cmp_xch_32  eventrecorder.o
    0x08004dcc   0x08004dcc   0x0000004c   Code   RO          728    .text.atomic_inc_32  eventrecorder.o
    0x08004e18   0x08004e18   0x00000058   Code   RO          730    .text.atomic_inc_8  eventrecorder.o
    0x08004e70   0x08004e70   0x00000082   Code   RO          690    .text.crc16_ccitt   eventrecorder.o
    0x08004ef2   0x08004ef2   0x00000002   PAD
    0x08004ef4   0x08004ef4   0x000001f6   Code   RO           11    .text.main          main.o
    0x080050ea   0x080050ea   0x00000002   PAD
    0x080050ec   0x080050ec   0x0000007c   Code   RO          672    .text.stdout_putchar  stdout_evr.o
    0x08005168   0x08005168   0x0000003e   Code   RO          991    CL$$btod_d2e        c_w.l(btod.o)
    0x080051a6   0x080051a6   0x00000046   Code   RO          993    CL$$btod_d2e_denorm_low  c_w.l(btod.o)
    0x080051ec   0x080051ec   0x00000060   Code   RO          992    CL$$btod_d2e_norm_op1  c_w.l(btod.o)
    0x0800524c   0x0800524c   0x00000338   Code   RO         1001    CL$$btod_div_common  c_w.l(btod.o)
    0x08005584   0x08005584   0x000000dc   Code   RO          998    CL$$btod_e2e        c_w.l(btod.o)
    0x08005660   0x08005660   0x0000002a   Code   RO          995    CL$$btod_ediv       c_w.l(btod.o)
    0x0800568a   0x0800568a   0x0000002a   Code   RO          994    CL$$btod_emul       c_w.l(btod.o)
    0x080056b4   0x080056b4   0x00000244   Code   RO         1000    CL$$btod_mult_common  c_w.l(btod.o)
    0x080058f8   0x080058f8   0x00000030   Code   RO         1115    i.__ARM_fpclassify  m_wm.l(fpclassify.o)
    0x08005928   0x08005928   0x0000000e   Code   RO          817    i._is_digit         c_w.l(__printf_wp.o)
    0x08005936   0x08005936   0x0000001c   Code   RO          904    i.fputc             c_w.l(fputc.o)
    0x08005952   0x08005952   0x00000002   PAD
    0x08005954   0x08005954   0x0000002c   Code   RO         1029    locale$$code        c_w.l(lc_numeric_c.o)
    0x08005980   0x08005980   0x0000002c   Code   RO         1162    locale$$code        c_w.l(lc_ctype_c.o)
    0x080059ac   0x080059ac   0x0000001a   Code   RO         1174    x$fpl$fpinit        fz_wm.l(fpinit.o)
    0x080059c6   0x080059c6   0x00000004   Code   RO          858    x$fpl$printf1       fz_wm.l(printf1.o)
    0x080059ca   0x080059ca   0x00000004   Code   RO          860    x$fpl$printf2       fz_wm.l(printf2.o)
    0x080059ce   0x080059ce   0x00000000   Code   RO         1114    x$fpl$usenofp       fz_wm.l(usenofp.o)
    0x080059ce   0x080059ce   0x00000002   PAD
    0x080059d0   0x080059d0   0x00000008   Data   RO          776    .constdata          c_w.l(_printf_wctomb.o)
    0x080059d8   0x080059d8   0x00000028   Data   RO          805    .constdata          c_w.l(_printf_hex_int_ll_ptr.o)
    0x08005a00   0x08005a00   0x00000011   Data   RO          825    .constdata          c_w.l(__printf_flags_ss_wp.o)
    0x08005a11   0x08005a11   0x00000026   Data   RO          892    .constdata          c_w.l(_printf_fp_hex.o)
    0x08005a37   0x08005a37   0x00000001   PAD
    0x08005a38   0x08005a38   0x00000094   Data   RO          989    .constdata          c_w.l(bigflt0.o)
    0x08005acc   0x08005acc   0x00000010   Data   RO          638    .rodata.AHBPrescTable  system_stm32f4xx.o
    0x08005adc   0x08005adc   0x00000018   Data   RO          733    .rodata.EventRecorderInfo  eventrecorder.o
    0x08005af4   0x08005af4   0x00000008   Data   RO          663    .rodata.__stderr_name  retarget_io.o
    0x08005afc   0x08005afc   0x00000007   Data   RO          661    .rodata.__stdin_name  retarget_io.o
    0x08005b03   0x08005b03   0x00000008   Data   RO          662    .rodata.__stdout_name  retarget_io.o
    0x08005b0b   0x08005b0b   0x0000000a   Data   RO           20    .rodata.str1.1      main.o
    0x08005b15   0x08005b15   0x00000034   Data   RO          107    .rodata.str1.1      iqr.o
    0x08005b49   0x08005b49   0x00000017   Data   RO          664    .rodata.str1.1      retarget_io.o
    0x08005b60   0x08005b60   0x00000020   Data   RO         1270    Region$$Table       anon$$obj.o
    0x08005b80   0x08005b80   0x0000001c   Data   RO         1028    locale$$data        c_w.l(lc_numeric_c.o)
    0x08005b9c   0x08005b9c   0x00000110   Data   RO         1161    locale$$data        c_w.l(lc_ctype_c.o)


    Execution Region RW_IRAM1 (Exec base: 0x20000000, Load base: 0x08005cc0, Size: 0x00008938, Max: 0x0001c000, ABSOLUTE)

    Exec Addr    Load Addr    Size         Type   Attr      Idx    E Section Name        Object

    0x20000000   0x08005cc0   0x00000004   Data   RW          853    .data               c_w.l(stdio_streams.o)
    0x20000004   0x08005cc4   0x00000004   Data   RW          854    .data               c_w.l(stdio_streams.o)
    0x20000008   0x08005cc8   0x00000004   Data   RW          855    .data               c_w.l(stdio_streams.o)
    0x2000000c   0x08005ccc   0x00000004   Data   RW          637    .data.SystemCoreClock  system_stm32f4xx.o
    0x20000010   0x08005cd0   0x00000001   Data   RW          599    .data.uwTickFreq    stm32f4xx_hal.o
    0x20000011   0x08005cd1   0x00000003   PAD
    0x20000014   0x08005cd4   0x00000004   Data   RW          598    .data.uwTickPrio    stm32f4xx_hal.o
    0x20000018   0x08005cd8   0x00000028   PAD
    0x20000040        -       0x00000054   Zero   RW          850    .bss                c_w.l(stdio_streams.o)
    0x20000094        -       0x00000054   Zero   RW          851    .bss                c_w.l(stdio_streams.o)
    0x200000e8        -       0x00000054   Zero   RW          852    .bss                c_w.l(stdio_streams.o)
    0x2000013c        -       0x00000060   Zero   RW         1118    .bss                c_w.l(libspace.o)
    0x2000019c        -       0x0000001c   Zero   RW          106    .bss.CAN_RxHeader   iqr.o
    0x200001b8        -       0x00000018   Zero   RW          108    .bss.CAN_TxHeader   iqr.o
    0x200001d0        -       0x00000004   Zero   RW           47    .bss.HAL_RCC_CAN1_CLK_ENABLED  can.o
    0x200001d4        -       0x00000004   Zero   RW          105    .bss.TxMailbox      iqr.o
    0x200001d8        -       0x00000008   Zero   RW           19    .bss.buff           main.o
    0x200001e0        -       0x00000009   Zero   RW          104    .bss.buffer         iqr.o
    0x200001e9   0x08005cd8   0x00000003   PAD
    0x200001ec        -       0x00000004   Zero   RW           18    .bss.can_num        main.o
    0x200001f0        -       0x00000004   Zero   RW           17    .bss.flag           main.o
    0x200001f4        -       0x00000028   Zero   RW           45    .bss.hcan1          can.o
    0x2000021c        -       0x00000028   Zero   RW           46    .bss.hcan2          can.o
    0x20000244   0x08005cd8   0x0000003c   PAD
    0x20000280        -       0x000080a4   Zero   RW          732    .bss.noinit         eventrecorder.o
    0x20008324        -       0x00000008   Zero   RW          675    .bss.stdout_putchar.buffer  stdout_evr.o
    0x2000832c        -       0x00000004   Zero   RW          674    .bss.stdout_putchar.index  stdout_evr.o
    0x20008330        -       0x00000004   Zero   RW          600    .bss.uwTick         stm32f4xx_hal.o
    0x20008334   0x08005cd8   0x00000004   PAD
    0x20008338        -       0x00000200   Zero   RW            2    HEAP                startup_stm32f405xx.o
    0x20008538        -       0x00000400   Zero   RW            1    STACK               startup_stm32f405xx.o


    Execution Region RW_IRAM2 (Exec base: 0x2001c000, Load base: 0x08005d00, Size: 0x00000000, Max: 0x00004000, ABSOLUTE)

    **** No section assigned to this execution region ****


==============================================================================

Image component sizes


      Code (inc. data)   RO Data    RW Data    ZI Data      Debug   Object Name

      1078          0          0          0         84       7060   can.o
      2256          0         24          0      32932       8702   eventrecorder.o
       108          0          0          0          0       1455   gpio.o
       216          0         52          0         65       3279   iqr.o
       698          8         10          0         16       3081   main.o
       552          0         46          0          0       2350   retarget_io.o
        64         26        392          0       1536        828   startup_stm32f405xx.o
       124          0          0          0         12        820   stdout_evr.o
       270          0          0          5          4       7032   stm32f4xx_hal.o
      3082          0          0          0          0      11521   stm32f4xx_hal_can.o
       482          0          0          0          0       9643   stm32f4xx_hal_cortex.o
       950          0          0          0          0       5069   stm32f4xx_hal_gpio.o
        74          0          0          0          0       1450   stm32f4xx_hal_msp.o
      2566          0          0          0          0       7573   stm32f4xx_hal_rcc.o
       130          0          0          0          0       1573   stm32f4xx_it.o
        18          0         16          4          0       2480   system_stm32f4xx.o

    ----------------------------------------------------------------------
     12752         34        572         12      34756      73916   Object Totals
         0          0         32          0          0          0   (incl. Generated)
        84          0          0          3        107          0   (incl. Padding)

    ----------------------------------------------------------------------

      Code (inc. data)   RO Data    RW Data    ZI Data      Debug   Library Member Name

         8          0          0          0          0         68   __main.o
       392          4         17          0          0         92   __printf_flags_ss_wp.o
        14          0          0          0          0         68   __printf_wp.o
         0          0          0          0          0          0   __rtentry.o
        12          0          0          0          0          0   __rtentry2.o
         6          0          0          0          0          0   __rtentry4.o
        94          8          0          0          0          0   __scatter.o
        26          0          0          0          0          0   __scatter_copy.o
        28          0          0          0          0          0   __scatter_zi.o
        72          0          0          0          0         96   _c16rtomb.o
         6          0          0          0          0          0   _printf_a.o
         6          0          0          0          0          0   _printf_c.o
        44          0          0          0          0        108   _printf_char.o
        48          6          0          0          0         96   _printf_char_common.o
        36          4          0          0          0         80   _printf_char_file.o
        40          0          0          0          0         68   _printf_charcount.o
         6          0          0          0          0          0   _printf_d.o
       120         16          0          0          0         92   _printf_dec.o
         6          0          0          0          0          0   _printf_e.o
         6          0          0          0          0          0   _printf_f.o
      1052          0          0          0          0        148   _printf_fp_dec.o
       764          8         38          0          0        100   _printf_fp_hex.o
       128         16          0          0          0         84   _printf_fp_infnan.o
         6          0          0          0          0          0   _printf_g.o
       148          4         40          0          0        160   _printf_hex_int_ll_ptr.o
         6          0          0          0          0          0   _printf_i.o
       178          0          0          0          0         88   _printf_intcommon.o
        10          0          0          0          0          0   _printf_l.o
         6          0          0          0          0          0   _printf_lc.o
        10          0          0          0          0          0   _printf_ll.o
         6          0          0          0          0          0   _printf_lld.o
         6          0          0          0          0          0   _printf_lli.o
         6          0          0          0          0          0   _printf_llo.o
         6          0          0          0          0          0   _printf_llu.o
         6          0          0          0          0          0   _printf_llx.o
       124         16          0          0          0         92   _printf_longlong_dec.o
         6          0          0          0          0          0   _printf_ls.o
         6          0          0          0          0          0   _printf_n.o
         6          0          0          0          0          0   _printf_o.o
       112          8          0          0          0        124   _printf_oct_int_ll.o
         6          0          0          0          0          0   _printf_p.o
        78          0          0          0          0        108   _printf_pad.o
         0          0          0          0          0          0   _printf_percent.o
         4          0          0          0          0          0   _printf_percent_end.o
         6          0          0          0          0          0   _printf_s.o
        82          0          0          0          0         80   _printf_str.o
        36          0          0          0          0         84   _printf_truncate.o
         6          0          0          0          0          0   _printf_u.o
        44          0          0          0          0        108   _printf_wchar.o
       188          6          8          0          0         92   _printf_wctomb.o
         6          0          0          0          0          0   _printf_x.o
       228          4        148          0          0         96   bigflt0.o
      1936        128          0          0          0        668   btod.o
        10          0          0          0          0         68   defsig_exit.o
        50          0          0          0          0         88   defsig_general.o
        80         58          0          0          0         76   defsig_rtmem_inner.o
        14          0          0          0          0         80   defsig_rtmem_outer.o
        52         38          0          0          0         76   defsig_rtred_inner.o
        14          0          0          0          0         80   defsig_rtred_outer.o
        18          0          0          0          0         80   exit.o
        76          0          0          0          0         88   fclose.o
         8          0          0          0          0         68   ferror.o
       482          0          0          0          0         92   flsbuf.o
       240          6          0          0          0        128   fopen.o
        28          0          0          0          0         68   fputc.o
       248          6          0          0          0         84   fseek.o
        66          0          0          0          0         76   ftell.o
        94          0          0          0          0         80   h1_alloc.o
        52          0          0          0          0         68   h1_extend.o
        78          0          0          0          0         80   h1_free.o
        12          0          0          0          0         84   h1_init.o
         6          0          0          0          0        152   heapauxi.o
         4          0          0          0          0        136   hguard.o
         0          0          0          0          0          0   indicate_semi.o
       138          0          0          0          0        168   init_alloc.o
       312         46          0          0          0        112   initio.o
        44         10        272          0          0         76   lc_ctype_c.o
        44         10         28          0          0         76   lc_numeric_c.o
         2          0          0          0          0          0   libinit.o
        46          0          0          0          0          0   libinit2.o
         2          0          0          0          0          0   libshutdown.o
         6          0          0          0          0          0   libshutdown2.o
         8          4          0          0         96         68   libspace.o
       138          0          0          0          0         80   lludiv10.o
       240          0          0          0          0        100   lludivv7m.o
         0          0          0          0          0          0   maybetermalloc1.o
        24          4          0          0          0         84   printf.o
        16          4          0          0          0         76   rt_ctype_table.o
         8          4          0          0          0         68   rt_errno_addr_intlibspace.o
         8          4          0          0          0         68   rt_heap_descriptor_intlibspace.o
         8          4          0          0          0         68   rt_locale_intlibspace.o
        78          0          0          0          0         80   rt_memclr_w.o
       138          0          0          0          0         68   rt_memcpy_v6.o
       100          0          0          0          0         80   rt_memcpy_w.o
         2          0          0          0          0          0   rtexit.o
        10          0          0          0          0          0   rtexit2.o
        70          0          0          0          0         80   setvbuf.o
       264          6          0          0          0        160   stdio.o
         0          0          0         12        252          0   stdio_streams.o
       124          0          0          0          0         88   strcmpv7em.o
        12          4          0          0          0         68   sys_exit.o
        74          0          0          0          0         80   sys_stackheap_outer.o
        14          0          0          0          0         76   sys_wrch.o
         2          0          0          0          0         68   use_no_semi.o
        26          0          0          0          0        116   fpinit.o
         4          0          0          0          0        116   printf1.o
         4          0          0          0          0        116   printf2.o
         0          0          0          0          0          0   usenofp.o
        48          0          0          0          0        124   fpclassify.o

    ----------------------------------------------------------------------
      9848        436        552         12        348       6916   Library Totals
        20          0          1          0          0          0   (incl. Padding)

    ----------------------------------------------------------------------

      Code (inc. data)   RO Data    RW Data    ZI Data      Debug   Library Name

      9746        436        551         12        348       6444   c_w.l
        34          0          0          0          0        348   fz_wm.l
        48          0          0          0          0        124   m_wm.l

    ----------------------------------------------------------------------
      9848        436        552         12        348       6916   Library Totals

    ----------------------------------------------------------------------

==============================================================================


      Code (inc. data)   RO Data    RW Data    ZI Data      Debug   

     22600        470       1124         24      35104      76832   Grand Totals
     22600        470       1124         24      35104      76832   ELF Image Totals
     22600        470       1124         24          0          0   ROM Totals

==============================================================================

    Total RO  Size (Code + RO Data)                23724 (  23.17kB)
    Total RW  Size (RW Data + ZI Data)             35128 (  34.30kB)
    Total ROM Size (Code + RO Data + RW Data)      23748 (  23.19kB)

==============================================================================

