<html>
<body>
<pre>
<h1>µVision Build Log</h1>
<h2>Tool Versions:</h2>
IDE-Version: ¦ÌVision V5.40.0.0
Copyright (C) 2024 ARM Ltd and ARM Germany GmbH. All rights reserved.
License Information: zbh asus, whu, LIC=R4HV2-9B74K-NTN3G-VXVJ7-XGR9J-AI768
 
Tool Versions:
Toolchain:       MDK-ARM Professional  Version: 5.40.0.3
Toolchain Path:  F:\keil\ARM\ARMCLANG\Bin
C Compiler:      ArmClang.exe V6.22
Assembler:       Armasm.exe V6.22
Linker/Locator:  ArmLink.exe V6.22
Library Manager: ArmAr.exe V6.22
Hex Converter:   FromElf.exe V6.22
CPU DLL:         SARMCM3.DLL V5.40.0.3
Dialog DLL:      DCM.DLL V1.17.5.0
Target DLL:      CMSIS_AGDI.dll V1.33.18.0
Dialog DLL:      TCM.DLL V1.56.4.0
 
<h2>Project:</h2>
D:\cubemxproject\8_15_CAN\MDK-ARM\8_15_CAN.uvprojx
Project File Date:  08/15/2025

<h2>Output:</h2>
*** Using Compiler 'V6.22', folder: 'F:\keil\ARM\ARMCLANG\Bin'
Build target '8_15_CAN'
compiling can.c...
compiling main.c...
linking...
Program Size: Code=22600 RO-data=1124 RW-data=24 ZI-data=35104  
FromELF: creating hex file...
"8_15_CAN\8_15_CAN.axf" - 0 Error(s), 0 Warning(s).

<h2>Software Packages used:</h2>

Package Vendor: ARM
                https://www.keil.com/pack/ARM.CMSIS.6.1.0.pack
                ARM::CMSIS@6.1.0
                CMSIS (Common Microcontroller Software Interface Standard)
   * Component: CORE Version: 6.1.0

Package Vendor: ARM
                https://www.keil.com/pack/ARM.CMSIS-Compiler.2.1.0.pack
                ARM::CMSIS-Compiler@2.1.0
                CMSIS Compiler extensions for Arm Compiler, GCC, Clang, and IAR Compiler
   * Component: STDOUT Version: 1.1.0
   * Component: CORE Version: 1.1.0
   * Component: Event Recorder Version: 1.1.0

Package Vendor: ARM
                https://www.keil.com/pack/ARM.CMSIS-View.1.2.0.pack
                ARM::CMSIS-View@1.2.0
                Debugger visualization of software events and statistics
   * Component: Event Recorder Variant: DAP Version: 1.6.0

Package Vendor: Keil
                https://www.keil.com/pack/Keil.STM32F4xx_DFP.3.0.0.pack
                Keil::STM32F4xx_DFP@3.0.0
                STMicroelectronics STM32F4 Series Device Support
   * Component: CubeMX Version: 1.0.0

<h2>Collection of Component include folders:</h2>
  ./RTE/CMSIS-View
  ./RTE/_8_15_CAN
  ./STM32CubeMX/8_15_CAN/MX_Device/8_15_CAN
  ./STM32CubeMX/8_15_CAN/STM32CubeMX/Drivers/CMSIS/Device/ST/STM32F4xx/Include
  ./STM32CubeMX/8_15_CAN/STM32CubeMX/Drivers/STM32F4xx_HAL_Driver/Inc
  ./STM32CubeMX/8_15_CAN/STM32CubeMX/Drivers/STM32F4xx_HAL_Driver/Inc/Legacy
  ./STM32CubeMX/8_15_CAN/STM32CubeMX/Inc
  F:/keil/ARM/CMSIS-Compiler/2.1.0/include
  F:/keil/ARM/CMSIS-View/1.2.0/EventRecorder/Include
  F:/keil/ARM/CMSIS/6.1.0/CMSIS/Core/Include

<h2>Collection of Component Files used:</h2>

   * Component: ::CMSIS-Compiler:STDOUT(API)@1.1.0
      Include file:  include/retarget_stdout.h

   * Component: ARM::CMSIS-Compiler:CORE@1.1.0
      Source file:   source/armcc/retarget_io.c

   * Component: ARM::CMSIS-Compiler:STDOUT:Event Recorder@1.1.0
      Source file:   source/stdout_evr.c

   * Component: ARM::CMSIS-View:Event Recorder&DAP@1.6.0
      Source file:   EventRecorder/Source/EventRecorder.c
      Include file:  EventRecorder/Config/EventRecorderConf.h
      Include file:  EventRecorder/Include/EventRecorder.h

   * Component: ARM::CMSIS:CORE@6.1.0
      Include file:  CMSIS/Core/Include/tz_context.h

   * Component: Keil::Device:CubeMX@1.0.0
Build Time Elapsed:  00:00:02
</pre>
</body>
</html>
