Component: Arm Compiler for Embedded 6.22 Tool: armlink [5ee90200]

==============================================================================

Section Cross References

    startup_stm32f405xx.o(STACK) refers (Special) to heapauxi.o(.text) for __use_two_region_memory
    startup_stm32f405xx.o(HEAP) refers (Special) to heapauxi.o(.text) for __use_two_region_memory
    startup_stm32f405xx.o(RESET) refers (Special) to heapauxi.o(.text) for __use_two_region_memory
    startup_stm32f405xx.o(RESET) refers to startup_stm32f405xx.o(STACK) for __initial_sp
    startup_stm32f405xx.o(RESET) refers to startup_stm32f405xx.o(.text) for Reset_Handler
    startup_stm32f405xx.o(RESET) refers to stm32f4xx_it.o(.text.NMI_Handler) for NMI_Handler
    startup_stm32f405xx.o(RESET) refers to stm32f4xx_it.o(.text.HardFault_Handler) for HardFault_Handler
    startup_stm32f405xx.o(RESET) refers to stm32f4xx_it.o(.text.MemManage_Handler) for MemManage_Handler
    startup_stm32f405xx.o(RESET) refers to stm32f4xx_it.o(.text.BusFault_Handler) for BusFault_Handler
    startup_stm32f405xx.o(RESET) refers to stm32f4xx_it.o(.text.UsageFault_Handler) for UsageFault_Handler
    startup_stm32f405xx.o(RESET) refers to stm32f4xx_it.o(.text.SVC_Handler) for SVC_Handler
    startup_stm32f405xx.o(RESET) refers to stm32f4xx_it.o(.text.DebugMon_Handler) for DebugMon_Handler
    startup_stm32f405xx.o(RESET) refers to stm32f4xx_it.o(.text.PendSV_Handler) for PendSV_Handler
    startup_stm32f405xx.o(RESET) refers to stm32f4xx_it.o(.text.SysTick_Handler) for SysTick_Handler
    startup_stm32f405xx.o(RESET) refers to stm32f4xx_it.o(.text.TIM2_IRQHandler) for TIM2_IRQHandler
    startup_stm32f405xx.o(RESET) refers to stm32f4xx_it.o(.text.TIM3_IRQHandler) for TIM3_IRQHandler
    startup_stm32f405xx.o(.text) refers (Special) to heapauxi.o(.text) for __use_two_region_memory
    startup_stm32f405xx.o(.text) refers to system_stm32f4xx.o(.text.SystemInit) for SystemInit
    startup_stm32f405xx.o(.text) refers to __main.o(!!!main) for __main
    startup_stm32f405xx.o(.text) refers to startup_stm32f405xx.o(HEAP) for Heap_Mem
    startup_stm32f405xx.o(.text) refers to startup_stm32f405xx.o(STACK) for Stack_Mem
    main.o(.text.main) refers to eventrecorder.o(.text.EventRecorderInitialize) for EventRecorderInitialize
    main.o(.text.main) refers to eventrecorder.o(.text.EventRecorderStart) for EventRecorderStart
    main.o(.text.main) refers to stm32f4xx_hal.o(.text.HAL_Init) for HAL_Init
    main.o(.text.main) refers to main.o(.text.SystemClock_Config) for SystemClock_Config
    main.o(.text.main) refers to gpio.o(.text.MX_GPIO_Init) for MX_GPIO_Init
    main.o(.text.main) refers to tim.o(.text.MX_TIM2_Init) for MX_TIM2_Init
    main.o(.text.main) refers to tim.o(.text.MX_TIM3_Init) for MX_TIM3_Init
    main.o(.text.main) refers to tim.o(.bss.htim3) for htim3
    main.o(.text.main) refers to stm32f4xx_hal.o(.text.HAL_Delay) for HAL_Delay
    main.o(.ARM.exidx.text.main) refers to main.o(.text.main) for [Anonymous Symbol]
    main.o(.text.SystemClock_Config) refers to rt_memclr_w.o(.text) for __aeabi_memclr4
    main.o(.text.SystemClock_Config) refers to stm32f4xx_hal_rcc.o(.text.HAL_RCC_OscConfig) for HAL_RCC_OscConfig
    main.o(.text.SystemClock_Config) refers to main.o(.text.Error_Handler) for Error_Handler
    main.o(.text.SystemClock_Config) refers to stm32f4xx_hal_rcc.o(.text.HAL_RCC_ClockConfig) for HAL_RCC_ClockConfig
    main.o(.ARM.exidx.text.SystemClock_Config) refers to main.o(.text.SystemClock_Config) for [Anonymous Symbol]
    main.o(.ARM.exidx.text.Error_Handler) refers to main.o(.text.Error_Handler) for [Anonymous Symbol]
    main.o(.text.HAL_TIM_PeriodElapsedCallback) refers to main.o(.rodata.str1.1) for .L.str
    main.o(.text.HAL_TIM_PeriodElapsedCallback) refers to eventrecorder.o(.text.EventRecord2) for EventRecord2
    main.o(.text.HAL_TIM_PeriodElapsedCallback) refers to stm32f4xx_hal_gpio.o(.text.HAL_GPIO_TogglePin) for HAL_GPIO_TogglePin
    main.o(.text.HAL_TIM_PeriodElapsedCallback) refers to main.o(.bss.counter) for counter
    main.o(.text.HAL_TIM_PeriodElapsedCallback) refers to printf.o(.text) for printf
    main.o(.ARM.exidx.text.HAL_TIM_PeriodElapsedCallback) refers to main.o(.text.HAL_TIM_PeriodElapsedCallback) for [Anonymous Symbol]
    gpio.o(.text.MX_GPIO_Init) refers to stm32f4xx_hal_gpio.o(.text.HAL_GPIO_WritePin) for HAL_GPIO_WritePin
    gpio.o(.text.MX_GPIO_Init) refers to stm32f4xx_hal_gpio.o(.text.HAL_GPIO_Init) for HAL_GPIO_Init
    gpio.o(.ARM.exidx.text.MX_GPIO_Init) refers to gpio.o(.text.MX_GPIO_Init) for [Anonymous Symbol]
    tim.o(.text.MX_TIM2_Init) refers to tim.o(.bss.htim2) for htim2
    tim.o(.text.MX_TIM2_Init) refers to stm32f4xx_hal_tim.o(.text.HAL_TIM_Base_Init) for HAL_TIM_Base_Init
    tim.o(.text.MX_TIM2_Init) refers to main.o(.text.Error_Handler) for Error_Handler
    tim.o(.text.MX_TIM2_Init) refers to stm32f4xx_hal_tim.o(.text.HAL_TIM_ConfigClockSource) for HAL_TIM_ConfigClockSource
[...]
    .data                                    0x20000004   Section        4  stdio_streams.o(.data)
    .data                                    0x20000008   Section        4  stdio_streams.o(.data)
    .bss                                     0x20000040   Section       84  stdio_streams.o(.bss)
    .bss                                     0x20000094   Section       84  stdio_streams.o(.bss)
    .bss                                     0x200000e8   Section       84  stdio_streams.o(.bss)
    .bss                                     0x2000013c   Section       96  libspace.o(.bss)
    EventBuffer                              0x20000240   Data        1024  eventrecorder.o(.bss.noinit)
    [Anonymous Symbol]                       0x20000240   Section        0  eventrecorder.o(.bss.noinit)
    EventFilter                              0x20000640   Data         128  eventrecorder.o(.bss.noinit)
    EventStatus                              0x200006c0   Data          36  eventrecorder.o(.bss.noinit)
    stdout_putchar.buffer                    0x200006e4   Data           8  stdout_evr.o(.bss.stdout_putchar.buffer)
    [Anonymous Symbol]                       0x200006e4   Section        0  stdout_evr.o(.bss.stdout_putchar.buffer)
    stdout_putchar.index                     0x200006ec   Data           4  stdout_evr.o(.bss.stdout_putchar.index)
    [Anonymous Symbol]                       0x200006ec   Section        0  stdout_evr.o(.bss.stdout_putchar.index)
    Heap_Mem                                 0x200006f8   Data        1024  startup_stm32f405xx.o(HEAP)
    HEAP                                     0x200006f8   Section     1024  startup_stm32f405xx.o(HEAP)
    Stack_Mem                                0x20000af8   Data        2048  startup_stm32f405xx.o(STACK)
    STACK                                    0x20000af8   Section     2048  startup_stm32f405xx.o(STACK)
    __initial_sp                             0x200012f8   Data           0  startup_stm32f405xx.o(STACK)

    Global Symbols

    Symbol Name                              Value     Ov Type        Size  Object(Section)

    BuildAttributes$$THM_ISAv4$E$P$D$K$B$S$7EM$VFPi3$EXTD16$VFPS$VFMA$PE$A:L22UL41UL21$X:L11$S22US41US21$IEEE1$IW$~IW$USESV6$~STKCKD$USESV7$~SHL$OTIME$ROPI$IEEEJ$EBA8$UX$STANDARDLIB$REQ8$PRES8$EABIv2 0x00000000   Number         0  anon$$obj.o ABSOLUTE
    _printf_flags                            0x00000000   Number         0  printf_stubs.o ABSOLUTE
    _printf_return_value                     0x00000000   Number         0  printf_stubs.o ABSOLUTE
    _printf_sizespec                         0x00000000   Number         0  printf_stubs.o ABSOLUTE
    _printf_widthprec                        0x00000000   Number         0  printf_stubs.o ABSOLUTE
    __ARM_exceptions_init                     - Undefined Weak Reference
    __alloca_initialize                       - Undefined Weak Reference
    __arm_preinit_                            - Undefined Weak Reference
    __arm_relocate_pie_                       - Undefined Weak Reference
    __cpp_initialize__aeabi_                  - Undefined Weak Reference
    __cxa_finalize                            - Undefined Weak Reference
    __sigvec_lookup                           - Undefined Weak Reference
    __user_heap_extent                        - Undefined Weak Reference
    _atexit_init                              - Undefined Weak Reference
    _call_atexit_fns                          - Undefined Weak Reference
    _clock_init                               - Undefined Weak Reference
    _fp_trap_init                             - Undefined Weak Reference
    _fp_trap_shutdown                         - Undefined Weak Reference
    _get_lc_collate                           - Undefined Weak Reference
    _get_lc_monetary                          - Undefined Weak Reference
    _get_lc_time                              - Undefined Weak Reference
    _getenv_init                              - Undefined Weak Reference
    _handle_redirection                       - Undefined Weak Reference
    _mutex_acquire                            - Undefined Weak Reference
    _mutex_free                               - Undefined Weak Reference
    _mutex_release                            - Undefined Weak Reference
    _printf_mbtowc                            - Undefined Weak Reference
    _printf_wc                                - Undefined Weak Reference
    _rand_init                                - Undefined Weak Reference
    _signal_finish                            - Undefined Weak Reference
    _signal_init                              - Undefined Weak Reference
    __Vectors_Size                           0x00000188   Number         0  startup_stm32f405xx.o ABSOLUTE
    __Vectors                                0x08000000   Data           4  startup_stm32f405xx.o(RESET)
    __Vectors_End                            0x08000188   Data           0  startup_stm32f405xx.o(RESET)
    __main                                   0x08000189   Thumb Code     8  __main.o(!!!main)
    __scatterload                            0x08000191   Thumb Code     0  __scatter.o(!!!scatter)
    __scatterload_rt2                        0x08000191   Thumb Code    84  __scatter.o(!!!scatter)
    __scatterload_rt2_thumb_only             0x08000191   Thumb Code     0  __scatter.o(!!!scatter)
    __scatterload_loop                       0x0800019b   Thumb Code     0  __scatter.o(!!!scatter)
    __scatterload_copy                       0x080001ed   Thumb Code    26  __scatter_copy.o(!!handler_copy)
    __scatterload_null                       0x08000209   Thumb Code     2  __scatter.o(!!handler_null)
    __scatterload_zeroinit                   0x0800020d   Thumb Code    28  __scatter_zi.o(!!handler_zi)
    _printf_n                                0x08000229   Thumb Code     0  _printf_n.o(.ARM.Collect$$_printf_percent$$00000001)
    _printf_percent                          0x08000229   Thumb Code     0  _printf_percent.o(.ARM.Collect$$_printf_percent$$00000000)
    _printf_p                                0x0800022f   Thumb Code     0  _printf_p.o(.ARM.Collect$$_printf_percent$$00000002)
    _printf_f                                0x08000235   Thumb Code     0  _printf_f.o(.ARM.Collect$$_printf_percent$$00000003)
    _printf_e                                0x0800023b   Thumb Code     0  _printf_e.o(.ARM.Collect$$_printf_percent$$00000004)
    _printf_g                                0x08000241   Thumb Code     0  _printf_g.o(.ARM.Collect$$_printf_percent$$00000005)
    _printf_a                                0x08000247   Thumb Code     0  _printf_a.o(.ARM.Collect$$_printf_percent$$00000006)
    _printf_ll                               0x0800024d   Thumb Code     0  _printf_ll.o(.ARM.Collect$$_printf_percent$$00000007)
    _printf_i                                0x08000257   Thumb Code     0  _printf_i.o(.ARM.Collect$$_printf_percent$$00000008)
    _printf_d                                0x0800025d   Thumb Code     0  _printf_d.o(.ARM.Collect$$_printf_percent$$00000009)
    _printf_u                                0x08000263   Thumb Code     0  _printf_u.o(.ARM.Collect$$_printf_percent$$0000000A)
    _printf_o                                0x08000269   Thumb Code     0  _printf_o.o(.ARM.Collect$$_printf_percent$$0000000B)
    _printf_x                                0x0800026f   Thumb Code     0  _printf_x.o(.ARM.Collect$$_printf_percent$$0000000C)
    _printf_lli                              0x08000275   Thumb Code     0  _printf_lli.o(.ARM.Collect$$_printf_percent$$0000000D)
    _printf_lld                              0x0800027b   Thumb Code     0  _printf_lld.o(.ARM.Collect$$_printf_percent$$0000000E)
    _printf_llu                              0x08000281   Thumb Code     0  _printf_llu.o(.ARM.Collect$$_printf_percent$$0000000F)
    _printf_llo                              0x08000287   Thumb Code     0  _printf_llo.o(.ARM.Collect$$_printf_percent$$00000010)
    _printf_llx                              0x0800028d   Thumb Code     0  _printf_llx.o(.ARM.Collect$$_printf_percent$$00000011)
    _printf_l                                0x08000293   Thumb Code     0  _printf_l.o(.ARM.Collect$$_printf_percent$$00000012)
    _printf_c                                0x0800029d   Thumb Code     0  _printf_c.o(.ARM.Collect$$_printf_percent$$00000013)
    _printf_s                                0x080002a3   Thumb Code     0  _printf_s.o(.ARM.Collect$$_printf_percent$$00000014)
    _printf_lc                               0x080002a9   Thumb Code     0  _printf_lc.o(.ARM.Collect$$_printf_percent$$00000015)
    _printf_ls                               0x080002af   Thumb Code     0  _printf_ls.o(.ARM.Collect$$_printf_percent$$00000016)
    _printf_percent_end                      0x080002b5   Thumb Code     0  _printf_percent_end.o(.ARM.Collect$$_printf_percent$$00000017)
    __rt_lib_init                            0x080002b9   Thumb Code     0  libinit.o(.ARM.Collect$$libinit$$00000000)
    __rt_lib_init_fp_1                       0x080002bb   Thumb Code     0  libinit2.o(.ARM.Collect$$libinit$$00000001)
    __rt_lib_init_heap_2                     0x080002bf   Thumb Code     0  libinit2.o(.ARM.Collect$$libinit$$00000007)
    __rt_lib_init_preinit_1                  0x080002bf   Thumb Code     0  libinit2.o(.ARM.Collect$$libinit$$00000006)
    __rt_lib_init_relocate_pie_1             0x080002bf   Thumb Code     0  libinit2.o(.ARM.Collect$$libinit$$00000004)
    __rt_lib_init_heap_1                     0x080002c7   Thumb Code     0  libinit2.o(.ARM.Collect$$libinit$$0000000C)
    __rt_lib_init_lc_common                  0x080002c7   Thumb Code     0  libinit2.o(.ARM.Collect$$libinit$$00000011)
    __rt_lib_init_rand_1                     0x080002c7   Thumb Code     0  libinit2.o(.ARM.Collect$$libinit$$00000010)
    __rt_lib_init_user_alloc_1               0x080002c7   Thumb Code     0  libinit2.o(.ARM.Collect$$libinit$$0000000E)
    __rt_lib_init_lc_collate_1               0x080002cd   Thumb Code     0  libinit2.o(.ARM.Collect$$libinit$$00000013)
    __rt_lib_init_lc_ctype_2                 0x080002cd   Thumb Code     0  libinit2.o(.ARM.Collect$$libinit$$00000014)
    __rt_lib_init_lc_ctype_1                 0x080002d9   Thumb Code     0  libinit2.o(.ARM.Collect$$libinit$$00000015)
    __rt_lib_init_lc_monetary_1              0x080002d9   Thumb Code     0  libinit2.o(.ARM.Collect$$libinit$$00000017)
    __rt_lib_init_lc_numeric_2               0x080002d9   Thumb Code     0  libinit2.o(.ARM.Collect$$libinit$$00000018)
    __rt_lib_init_atexit_1                   0x080002e3   Thumb Code     0  libinit2.o(.ARM.Collect$$libinit$$0000001D)
    __rt_lib_init_clock_1                    0x080002e3   Thumb Code     0  libinit2.o(.ARM.Collect$$libinit$$00000023)
    __rt_lib_init_fp_trap_1                  0x080002e3   Thumb Code     0  libinit2.o(.ARM.Collect$$libinit$$00000021)
    __rt_lib_init_getenv_1                   0x080002e3   Thumb Code     0  libinit2.o(.ARM.Collect$$libinit$$00000025)
    __rt_lib_init_lc_numeric_1               0x080002e3   Thumb Code     0  libinit2.o(.ARM.Collect$$libinit$$00000019)
    __rt_lib_init_lc_time_1                  0x080002e3   Thumb Code     0  libinit2.o(.ARM.Collect$$libinit$$0000001B)
    __rt_lib_init_signal_1                   0x080002e3   Thumb Code     0  libinit2.o(.ARM.Collect$$libinit$$0000001F)
    __rt_lib_init_stdio_2                    0x080002e3   Thumb Code     0  libinit2.o(.ARM.Collect$$libinit$$00000026)
    __rt_lib_init_alloca_1                   0x080002e7   Thumb Code     0  libinit2.o(.ARM.Collect$$libinit$$00000030)
    __rt_lib_init_argv_1                     0x080002e7   Thumb Code     0  libinit2.o(.ARM.Collect$$libinit$$0000002E)
    __rt_lib_init_cpp_1                      0x080002e7   Thumb Code     0  libinit2.o(.ARM.Collect$$libinit$$00000034)
    __rt_lib_init_exceptions_1               0x080002e7   Thumb Code     0  libinit2.o(.ARM.Collect$$libinit$$00000032)
    __rt_lib_init_return                     0x080002e7   Thumb Code     0  libinit2.o(.ARM.Collect$$libinit$$00000035)
    __rt_lib_init_stdio_1                    0x080002e7   Thumb Code     0  libinit2.o(.ARM.Collect$$libinit$$00000027)
    __rt_lib_shutdown                        0x080002e9   Thumb Code     0  libshutdown.o(.ARM.Collect$$libshutdown$$00000000)
    __rt_lib_shutdown_cpp_1                  0x080002eb   Thumb Code     0  libshutdown2.o(.ARM.Collect$$libshutdown$$00000002)
    __rt_lib_shutdown_stdio_2                0x080002eb   Thumb Code     0  libshutdown2.o(.ARM.Collect$$libshutdown$$00000003)
    __rt_lib_shutdown_fp_trap_1              0x080002ef   Thumb Code     0  libshutdown2.o(.ARM.Collect$$libshutdown$$00000007)
    __rt_lib_shutdown_heap_1                 0x080002ef   Thumb Code     0  libshutdown2.o(.ARM.Collect$$libshutdown$$0000000F)
    __rt_lib_shutdown_return                 0x080002ef   Thumb Code     0  libshutdown2.o(.ARM.Collect$$libshutdown$$00000010)
    __rt_lib_shutdown_signal_1               0x080002ef   Thumb Code     0  libshutdown2.o(.ARM.Collect$$libshutdown$$0000000A)
    __rt_lib_shutdown_stdio_1                0x080002ef   Thumb Code     0  libshutdown2.o(.ARM.Collect$$libshutdown$$00000004)
    __rt_lib_shutdown_user_alloc_1           0x080002ef   Thumb Code     0  libshutdown2.o(.ARM.Collect$$libshutdown$$0000000C)
    __rt_entry                               0x080002f1   Thumb Code     0  __rtentry.o(.ARM.Collect$$rtentry$$00000000)
    __rt_entry_presh_1                       0x080002f1   Thumb Code     0  __rtentry2.o(.ARM.Collect$$rtentry$$00000002)
    __rt_entry_sh                            0x080002f1   Thumb Code     0  __rtentry4.o(.ARM.Collect$$rtentry$$00000004)
    __rt_entry_li                            0x080002f7   Thumb Code     0  __rtentry2.o(.ARM.Collect$$rtentry$$0000000A)
    __rt_entry_postsh_1                      0x080002f7   Thumb Code     0  __rtentry2.o(.ARM.Collect$$rtentry$$00000009)
    __rt_entry_main                          0x080002fb   Thumb Code     0  __rtentry2.o(.ARM.Collect$$rtentry$$0000000D)
    __rt_entry_postli_1                      0x080002fb   Thumb Code     0  __rtentry2.o(.ARM.Collect$$rtentry$$0000000C)
    __rt_exit                                0x08000303   Thumb Code     0  rtexit.o(.ARM.Collect$$rtexit$$00000000)
    __rt_exit_ls                             0x08000305   Thumb Code     0  rtexit2.o(.ARM.Collect$$rtexit$$00000003)
    __rt_exit_prels_1                        0x08000305   Thumb Code     0  rtexit2.o(.ARM.Collect$$rtexit$$00000002)
    __rt_exit_exit                           0x08000309   Thumb Code     0  rtexit2.o(.ARM.Collect$$rtexit$$00000004)
    Reset_Handler                            0x08000311   Thumb Code     8  startup_stm32f405xx.o(.text)
    ADC_IRQHandler                           0x0800032b   Thumb Code     0  startup_stm32f405xx.o(.text)
    CAN1_RX0_IRQHandler                      0x0800032b   Thumb Code     0  startup_stm32f405xx.o(.text)
    CAN1_RX1_IRQHandler                      0x0800032b   Thumb Code     0  startup_stm32f405xx.o(.text)
    CAN1_SCE_IRQHandler                      0x0800032b   Thumb Code     0  startup_stm32f405xx.o(.text)
    CAN1_TX_IRQHandler                       0x0800032b   Thumb Code     0  startup_stm32f405xx.o(.text)
    CAN2_RX0_IRQHandler                      0x0800032b   Thumb Code     0  startup_stm32f405xx.o(.text)
    CAN2_RX1_IRQHandler                      0x0800032b   Thumb Code     0  startup_stm32f405xx.o(.text)
    CAN2_SCE_IRQHandler                      0x0800032b   Thumb Code     0  startup_stm32f405xx.o(.text)
    CAN2_TX_IRQHandler                       0x0800032b   Thumb Code     0  startup_stm32f405xx.o(.text)
    DMA1_Stream0_IRQHandler                  0x0800032b   Thumb Code     0  startup_stm32f405xx.o(.text)
    DMA1_Stream1_IRQHandler                  0x0800032b   Thumb Code     0  startup_stm32f405xx.o(.text)
    DMA1_Stream2_IRQHandler                  0x0800032b   Thumb Code     0  startup_stm32f405xx.o(.text)
    DMA1_Stream3_IRQHandler                  0x0800032b   Thumb Code     0  startup_stm32f405xx.o(.text)
    DMA1_Stream4_IRQHandler                  0x0800032b   Thumb Code     0  startup_stm32f405xx.o(.text)
    DMA1_Stream5_IRQHandler                  0x0800032b   Thumb Code     0  startup_stm32f405xx.o(.text)
    DMA1_Stream6_IRQHandler                  0x0800032b   Thumb Code     0  startup_stm32f405xx.o(.text)
    DMA1_Stream7_IRQHandler                  0x0800032b   Thumb Code     0  startup_stm32f405xx.o(.text)
    DMA2_Stream0_IRQHandler                  0x0800032b   Thumb Code     0  startup_stm32f405xx.o(.text)
    DMA2_Stream1_IRQHandler                  0x0800032b   Thumb Code     0  startup_stm32f405xx.o(.text)
    DMA2_Stream2_IRQHandler                  0x0800032b   Thumb Code     0  startup_stm32f405xx.o(.text)
    DMA2_Stream3_IRQHandler                  0x0800032b   Thumb Code     0  startup_stm32f405xx.o(.text)
    DMA2_Stream4_IRQHandler                  0x0800032b   Thumb Code     0  startup_stm32f405xx.o(.text)
    DMA2_Stream5_IRQHandler                  0x0800032b   Thumb Code     0  startup_stm32f405xx.o(.text)
    DMA2_Stream6_IRQHandler                  0x0800032b   Thumb Code     0  startup_stm32f405xx.o(.text)
    DMA2_Stream7_IRQHandler                  0x0800032b   Thumb Code     0  startup_stm32f405xx.o(.text)
    EXTI0_IRQHandler                         0x0800032b   Thumb Code     0  startup_stm32f405xx.o(.text)
    EXTI15_10_IRQHandler                     0x0800032b   Thumb Code     0  startup_stm32f405xx.o(.text)
    EXTI1_IRQHandler                         0x0800032b   Thumb Code     0  startup_stm32f405xx.o(.text)
    EXTI2_IRQHandler                         0x0800032b   Thumb Code     0  startup_stm32f405xx.o(.text)
    EXTI3_IRQHandler                         0x0800032b   Thumb Code     0  startup_stm32f405xx.o(.text)
    EXTI4_IRQHandler                         0x0800032b   Thumb Code     0  startup_stm32f405xx.o(.text)
    EXTI9_5_IRQHandler                       0x0800032b   Thumb Code     0  startup_stm32f405xx.o(.text)
    FLASH_IRQHandler                         0x0800032b   Thumb Code     0  startup_stm32f405xx.o(.text)
    FMC_IRQHandler                           0x0800032b   Thumb Code     0  startup_stm32f405xx.o(.text)
    FPU_IRQHandler                           0x0800032b   Thumb Code     0  startup_stm32f405xx.o(.text)
    HASH_RNG_IRQHandler                      0x0800032b   Thumb Code     0  startup_stm32f405xx.o(.text)
    I2C1_ER_IRQHandler                       0x0800032b   Thumb Code     0  startup_stm32f405xx.o(.text)
    I2C1_EV_IRQHandler                       0x0800032b   Thumb Code     0  startup_stm32f405xx.o(.text)
    I2C2_ER_IRQHandler                       0x0800032b   Thumb Code     0  startup_stm32f405xx.o(.text)
    I2C2_EV_IRQHandler                       0x0800032b   Thumb Code     0  startup_stm32f405xx.o(.text)
    I2C3_ER_IRQHandler                       0x0800032b   Thumb Code     0  startup_stm32f405xx.o(.text)
    I2C3_EV_IRQHandler                       0x0800032b   Thumb Code     0  startup_stm32f405xx.o(.text)
    OTG_FS_IRQHandler                        0x0800032b   Thumb Code     0  startup_stm32f405xx.o(.text)
    OTG_FS_WKUP_IRQHandler                   0x0800032b   Thumb Code     0  startup_stm32f405xx.o(.text)
    OTG_HS_EP1_IN_IRQHandler                 0x0800032b   Thumb Code     0  startup_stm32f405xx.o(.text)
    OTG_HS_EP1_OUT_IRQHandler                0x0800032b   Thumb Code     0  startup_stm32f405xx.o(.text)
    OTG_HS_IRQHandler                        0x0800032b   Thumb Code     0  startup_stm32f405xx.o(.text)
    OTG_HS_WKUP_IRQHandler                   0x0800032b   Thumb Code     0  startup_stm32f405xx.o(.text)
    PVD_IRQHandler                           0x0800032b   Thumb Code     0  startup_stm32f405xx.o(.text)
    RCC_IRQHandler                           0x0800032b   Thumb Code     0  startup_stm32f405xx.o(.text)
    RTC_Alarm_IRQHandler                     0x0800032b   Thumb Code     0  startup_stm32f405xx.o(.text)
    RTC_WKUP_IRQHandler                      0x0800032b   Thumb Code     0  startup_stm32f405xx.o(.text)
    SDIO_IRQHandler                          0x0800032b   Thumb Code     0  startup_stm32f405xx.o(.text)
    SPI1_IRQHandler                          0x0800032b   Thumb Code     0  startup_stm32f405xx.o(.text)
    SPI2_IRQHandler                          0x0800032b   Thumb Code     0  startup_stm32f405xx.o(.text)
    SPI3_IRQHandler                          0x0800032b   Thumb Code     0  startup_stm32f405xx.o(.text)
    TAMP_STAMP_IRQHandler                    0x0800032b   Thumb Code     0  startup_stm32f405xx.o(.text)
    TIM1_BRK_TIM9_IRQHandler                 0x0800032b   Thumb Code     0  startup_stm32f405xx.o(.text)
    TIM1_CC_IRQHandler                       0x0800032b   Thumb Code     0  startup_stm32f405xx.o(.text)
    TIM1_TRG_COM_TIM11_IRQHandler            0x0800032b   Thumb Code     0  startup_stm32f405xx.o(.text)
    TIM1_UP_TIM10_IRQHandler                 0x0800032b   Thumb Code     0  startup_stm32f405xx.o(.text)
    TIM4_IRQHandler                          0x0800032b   Thumb Code     0  startup_stm32f405xx.o(.text)
    TIM5_IRQHandler                          0x0800032b   Thumb Code     0  startup_stm32f405xx.o(.text)
    TIM6_DAC_IRQHandler                      0x0800032b   Thumb Code     0  startup_stm32f405xx.o(.text)
    TIM7_IRQHandler                          0x0800032b   Thumb Code     0  startup_stm32f405xx.o(.text)
    TIM8_BRK_TIM12_IRQHandler                0x0800032b   Thumb Code     0  startup_stm32f405xx.o(.text)
    TIM8_CC_IRQHandler                       0x0800032b   Thumb Code     0  startup_stm32f405xx.o(.text)
    TIM8_TRG_COM_TIM14_IRQHandler            0x0800032b   Thumb Code     0  startup_stm32f405xx.o(.text)
    TIM8_UP_TIM13_IRQHandler                 0x0800032b   Thumb Code     0  startup_stm32f405xx.o(.text)
    UART4_IRQHandler                         0x0800032b   Thumb Code     0  startup_stm32f405xx.o(.text)
    UART5_IRQHandler                         0x0800032b   Thumb Code     0  startup_stm32f405xx.o(.text)
    USART1_IRQHandler                        0x0800032b   Thumb Code     0  startup_stm32f405xx.o(.text)
    USART2_IRQHandler                        0x0800032b   Thumb Code     0  startup_stm32f405xx.o(.text)
    USART3_IRQHandler                        0x0800032b   Thumb Code     0  startup_stm32f405xx.o(.text)
    USART6_IRQHandler                        0x0800032b   Thumb Code     0  startup_stm32f405xx.o(.text)
    WWDG_IRQHandler                          0x0800032b   Thumb Code     0  startup_stm32f405xx.o(.text)
    __user_initial_stackheap                 0x0800032d   Thumb Code     0  startup_stm32f405xx.o(.text)
    __aeabi_uldivmod                         0x08000351   Thumb Code     0  lludivv7m.o(.text)
    _ll_udiv                                 0x08000351   Thumb Code   240  lludivv7m.o(.text)
    printf                                   0x08000441   Thumb Code    20  printf.o(.text)
    __aeabi_memcpy                           0x08000459   Thumb Code     0  rt_memcpy_v6.o(.text)
    __rt_memcpy                              0x08000459   Thumb Code   138  rt_memcpy_v6.o(.text)
    _memcpy_lastbytes                        0x080004bf   Thumb Code     0  rt_memcpy_v6.o(.text)
    __aeabi_memclr4                          0x080004e3   Thumb Code     0  rt_memclr_w.o(.text)
    __aeabi_memclr8                          0x080004e3   Thumb Code     0  rt_memclr_w.o(.text)
    __rt_memclr_w                            0x080004e3   Thumb Code     0  rt_memclr_w.o(.text)
    _memset_w                                0x080004e7   Thumb Code    74  rt_memclr_w.o(.text)
    strcmp                                   0x08000531   Thumb Code   124  strcmpv7em.o(.text)
    __use_two_region_memory                  0x080005ad   Thumb Code     2  heapauxi.o(.text)
    __rt_heap_escrow                         0x080005af   Thumb Code     2  heapauxi.o(.text)
    __rt_heap_expand                         0x080005b1   Thumb Code     2  heapauxi.o(.text)
    _printf_pre_padding                      0x080005b3   Thumb Code    44  _printf_pad.o(.text)
    _printf_post_padding                     0x080005df   Thumb Code    34  _printf_pad.o(.text)
    _printf_truncate_signed                  0x08000601   Thumb Code    18  _printf_truncate.o(.text)
    _printf_truncate_unsigned                0x08000613   Thumb Code    18  _printf_truncate.o(.text)
    _printf_str                              0x08000625   Thumb Code    82  _printf_str.o(.text)
    _printf_int_dec                          0x08000679   Thumb Code   104  _printf_dec.o(.text)
    _printf_charcount                        0x080006f1   Thumb Code    40  _printf_charcount.o(.text)
    _printf_char_file                        0x08000719   Thumb Code    32  _printf_char_file.o(.text)
    _printf_wctomb                           0x0800073d   Thumb Code   182  _printf_wctomb.o(.text)
    _printf_longlong_dec                     0x080007f9   Thumb Code   108  _printf_longlong_dec.o(.text)
    _printf_longlong_oct                     0x08000875   Thumb Code    68  _printf_oct_int_ll.o(.text)
    _printf_int_oct                          0x080008b9   Thumb Code    24  _printf_oct_int_ll.o(.text)
    _printf_ll_oct                           0x080008d1   Thumb Code    12  _printf_oct_int_ll.o(.text)
    _printf_longlong_hex                     0x080008e5   Thumb Code    86  _printf_hex_int_ll_ptr.o(.text)
    _printf_int_hex                          0x0800093b   Thumb Code    28  _printf_hex_int_ll_ptr.o(.text)
    _printf_ll_hex                           0x08000957   Thumb Code    12  _printf_hex_int_ll_ptr.o(.text)
    _printf_hex_ptr                          0x08000963   Thumb Code    18  _printf_hex_int_ll_ptr.o(.text)
    __printf                                 0x08000979   Thumb Code   388  __printf_flags_ss_wp.o(.text)
    __aeabi_memcpy4                          0x08000b01   Thumb Code     0  rt_memcpy_w.o(.text)
    __aeabi_memcpy8                          0x08000b01   Thumb Code     0  rt_memcpy_w.o(.text)
    __rt_memcpy_w                            0x08000b01   Thumb Code   100  rt_memcpy_w.o(.text)
    _memcpy_lastbytes_aligned                0x08000b49   Thumb Code     0  rt_memcpy_w.o(.text)
    _ll_udiv10                               0x08000b65   Thumb Code   138  lludiv10.o(.text)
    _printf_int_common                       0x08000bef   Thumb Code   178  _printf_intcommon.o(.text)
    _printf_fp_dec_real                      0x08000e51   Thumb Code   620  _printf_fp_dec.o(.text)
    _printf_fp_hex_real                      0x080010bd   Thumb Code   756  _printf_fp_hex.o(.text)
    _printf_char_common                      0x080013c3   Thumb Code    32  _printf_char_common.o(.text)
    _printf_cs_common                        0x080013e9   Thumb Code    20  _printf_char.o(.text)
    _printf_char                             0x080013fd   Thumb Code    16  _printf_char.o(.text)
    _printf_string                           0x0800140d   Thumb Code     8  _printf_char.o(.text)
    _printf_lcs_common                       0x08001415   Thumb Code    20  _printf_wchar.o(.text)
    _printf_wchar                            0x08001429   Thumb Code    16  _printf_wchar.o(.text)
    _printf_wstring                          0x08001439   Thumb Code     8  _printf_wchar.o(.text)
    ferror                                   0x08001441   Thumb Code     8  ferror.o(.text)
    _initio                                  0x08001449   Thumb Code   210  initio.o(.text)
    _terminateio                             0x0800151b   Thumb Code    56  initio.o(.text)
    _c16rtomb                                0x08001581   Thumb Code    72  _c16rtomb.o(.text)
    _wcrtomb                                 0x08001581   Thumb Code     0  _c16rtomb.o(.text)
    __user_setup_stackheap                   0x080015c9   Thumb Code    74  sys_stackheap_outer.o(.text)
    __rt_ctype_table                         0x08001615   Thumb Code    16  rt_ctype_table.o(.text)
    __rt_locale                              0x08001625   Thumb Code     8  rt_locale_intlibspace.o(.text)
    free                                     0x0800162d   Thumb Code    78  h1_free.o(.text)
    _printf_fp_infnan                        0x0800167d   Thumb Code   112  _printf_fp_infnan.o(.text)
    _btod_etento                             0x080016fd   Thumb Code   224  bigflt0.o(.text)
    __flsbuf                                 0x080017e1   Thumb Code   482  flsbuf.o(.text)
    __flsbuf_byte                            0x080017e1   Thumb Code     0  flsbuf.o(.text)
    __flsbuf_wide                            0x080017e1   Thumb Code     0  flsbuf.o(.text)
    setvbuf                                  0x080019c3   Thumb Code    70  setvbuf.o(.text)
    freopen                                  0x08001a09   Thumb Code   160  fopen.o(.text)
    fopen                                    0x08001aa9   Thumb Code    74  fopen.o(.text)
    _fclose_internal                         0x08001af9   Thumb Code    76  fclose.o(.text)
    fclose                                   0x08001af9   Thumb Code     0  fclose.o(.text)
    exit                                     0x08001b45   Thumb Code    18  exit.o(.text)
    __rt_SIGRTRED                            0x08001b57   Thumb Code    14  defsig_rtred_outer.o(.text)
    __user_libspace                          0x08001b65   Thumb Code     8  libspace.o(.text)
    __user_perproc_libspace                  0x08001b65   Thumb Code     0  libspace.o(.text)
    __user_perthread_libspace                0x08001b65   Thumb Code     0  libspace.o(.text)
    __rt_heap_descriptor                     0x08001b6d   Thumb Code     8  rt_heap_descriptor_intlibspace.o(.text)
    __use_no_heap                            0x08001b75   Thumb Code     2  hguard.o(.text)
    __heap$guard                             0x08001b77   Thumb Code     2  hguard.o(.text)
    _terminate_user_alloc                    0x08001b79   Thumb Code     2  init_alloc.o(.text)
    _init_user_alloc                         0x08001b7b   Thumb Code     2  init_alloc.o(.text)
    __Heap_Full                              0x08001b7d   Thumb Code    34  init_alloc.o(.text)
    __Heap_Broken                            0x08001b9f   Thumb Code     6  init_alloc.o(.text)
    _init_alloc                              0x08001ba5   Thumb Code    94  init_alloc.o(.text)
    malloc                                   0x08001c03   Thumb Code    94  h1_alloc.o(.text)
    _fseek                                   0x08001c61   Thumb Code   242  fseek.o(.text)
    fseek                                    0x08001c61   Thumb Code     0  fseek.o(.text)
    _seterr                                  0x08001d59   Thumb Code    20  stdio.o(.text)
    _writebuf                                0x08001d6d   Thumb Code   108  stdio.o(.text)
    _fflush                                  0x08001dd9   Thumb Code    70  stdio.o(.text)
    _deferredlazyseek                        0x08001e1f   Thumb Code    60  stdio.o(.text)
    __sig_exit                               0x08001e61   Thumb Code    10  defsig_exit.o(.text)
    __rt_SIGRTRED_inner                      0x08001e6d   Thumb Code    14  defsig_rtred_inner.o(.text)
    _sys_exit                                0x08001ea1   Thumb Code     8  sys_exit.o(.text)
    __Heap_Initialize                        0x08001ead   Thumb Code     8  h1_init.o(.text)
    _maybe_terminate_alloc                   0x08001ead   Thumb Code     0  maybetermalloc1.o(.text)
    __Heap_DescSize                          0x08001eb5   Thumb Code     4  h1_init.o(.text)
    __Heap_ProvideMemory                     0x08001eb9   Thumb Code    52  h1_extend.o(.text)
    _ftell_internal                          0x08001eed   Thumb Code    66  ftell.o(.text)
    ftell                                    0x08001eed   Thumb Code     0  ftell.o(.text)
    __default_signal_display                 0x08001f2f   Thumb Code    50  defsig_general.o(.text)
    __rt_SIGRTMEM                            0x08001f61   Thumb Code    14  defsig_rtmem_outer.o(.text)
    _ttywrch                                 0x08001f6f   Thumb Code    14  sys_wrch.o(.text)
    __I$use$semihosting                      0x08001f7d   Thumb Code     0  use_no_semi.o(.text)
    __use_no_semihosting_swi                 0x08001f7d   Thumb Code     2  use_no_semi.o(.text)
    __semihosting_library_function           0x08001f7f   Thumb Code     0  indicate_semi.o(.text)
    __aeabi_errno_addr                       0x08001f81   Thumb Code     8  rt_errno_addr_intlibspace.o(.text)
    __errno$intlibspace                      0x08001f81   Thumb Code     0  rt_errno_addr_intlibspace.o(.text)
    __rt_errno_addr$intlibspace              0x08001f81   Thumb Code     0  rt_errno_addr_intlibspace.o(.text)
    __rt_SIGRTMEM_inner                      0x08001f89   Thumb Code    22  defsig_rtmem_inner.o(.text)
    BusFault_Handler                         0x08001fd9   Thumb Code     4  stm32f4xx_it.o(.text.BusFault_Handler)
    DebugMon_Handler                         0x08001fdd   Thumb Code     2  stm32f4xx_it.o(.text.DebugMon_Handler)
    Error_Handler                            0x08001fe1   Thumb Code     6  main.o(.text.Error_Handler)
    EventRecord2                             0x080020c1   Thumb Code    90  eventrecorder.o(.text.EventRecord2)
    EventRecordData                          0x0800211d   Thumb Code   388  eventrecorder.o(.text.EventRecordData)
    EventRecorderEnable                      0x08002391   Thumb Code   146  eventrecorder.o(.text.EventRecorderEnable)
    EventRecorderInitialize                  0x08002425   Thumb Code   440  eventrecorder.o(.text.EventRecorderInitialize)
    EventRecorderStart                       0x080025dd   Thumb Code    74  eventrecorder.o(.text.EventRecorderStart)
    EventRecorderTimerGetCount               0x08002629   Thumb Code    12  eventrecorder.o(.text.EventRecorderTimerGetCount)
    EventRecorderTimerGetFreq                0x08002635   Thumb Code    12  eventrecorder.o(.text.EventRecorderTimerGetFreq)
    EventRecorderTimerSetup                  0x08002641   Thumb Code    36  eventrecorder.o(.text.EventRecorderTimerSetup)
    HAL_Delay                                0x0800268d   Thumb Code    66  stm32f4xx_hal.o(.text.HAL_Delay)
    HAL_GPIO_Init                            0x080026d1   Thumb Code   950  stm32f4xx_hal_gpio.o(.text.HAL_GPIO_Init)
    HAL_GPIO_TogglePin                       0x08002a89   Thumb Code    38  stm32f4xx_hal_gpio.o(.text.HAL_GPIO_TogglePin)
    HAL_GPIO_WritePin                        0x08002ab1   Thumb Code    46  stm32f4xx_hal_gpio.o(.text.HAL_GPIO_WritePin)
    HAL_GetTick                              0x08002ae1   Thumb Code    12  stm32f4xx_hal.o(.text.HAL_GetTick)
    HAL_IncTick                              0x08002aed   Thumb Code    26  stm32f4xx_hal.o(.text.HAL_IncTick)
    HAL_Init                                 0x08002b09   Thumb Code    54  stm32f4xx_hal.o(.text.HAL_Init)
    HAL_InitTick                             0x08002b41   Thumb Code   112  stm32f4xx_hal.o(.text.HAL_InitTick)
    HAL_MspInit                              0x08002bb1   Thumb Code    74  stm32f4xx_hal_msp.o(.text.HAL_MspInit)
    HAL_NVIC_EnableIRQ                       0x08002bfd   Thumb Code    20  stm32f4xx_hal_cortex.o(.text.HAL_NVIC_EnableIRQ)
    HAL_NVIC_SetPriority                     0x08002c11   Thumb Code    50  stm32f4xx_hal_cortex.o(.text.HAL_NVIC_SetPriority)
    HAL_NVIC_SetPriorityGrouping             0x08002c45   Thumb Code    16  stm32f4xx_hal_cortex.o(.text.HAL_NVIC_SetPriorityGrouping)
    HAL_RCC_ClockConfig                      0x08002c55   Thumb Code   610  stm32f4xx_hal_rcc.o(.text.HAL_RCC_ClockConfig)
    HAL_RCC_GetSysClockFreq                  0x08002eb9   Thumb Code   230  stm32f4xx_hal_rcc.o(.text.HAL_RCC_GetSysClockFreq)
    HAL_RCC_OscConfig                        0x08002fa1   Thumb Code  1726  stm32f4xx_hal_rcc.o(.text.HAL_RCC_OscConfig)
    HAL_SYSTICK_Config                       0x08003661   Thumb Code    16  stm32f4xx_hal_cortex.o(.text.HAL_SYSTICK_Config)
    HAL_TIMEx_BreakCallback                  0x08003671   Thumb Code     8  stm32f4xx_hal_tim_ex.o(.text.HAL_TIMEx_BreakCallback)
    HAL_TIMEx_CommutCallback                 0x08003679   Thumb Code     8  stm32f4xx_hal_tim_ex.o(.text.HAL_TIMEx_CommutCallback)
    HAL_TIMEx_MasterConfigSynchronization    0x08003681   Thumb Code   290  stm32f4xx_hal_tim_ex.o(.text.HAL_TIMEx_MasterConfigSynchronization)
    HAL_TIM_Base_Init                        0x080037a5   Thumb Code   156  stm32f4xx_hal_tim.o(.text.HAL_TIM_Base_Init)
    HAL_TIM_Base_MspInit                     0x08003841   Thumb Code   150  tim.o(.text.HAL_TIM_Base_MspInit)
    HAL_TIM_Base_Start_IT                    0x080038d9   Thumb Code   246  stm32f4xx_hal_tim.o(.text.HAL_TIM_Base_Start_IT)
    HAL_TIM_ConfigClockSource                0x080039d1   Thumb Code   388  stm32f4xx_hal_tim.o(.text.HAL_TIM_ConfigClockSource)
    HAL_TIM_IC_CaptureCallback               0x08003b55   Thumb Code     8  stm32f4xx_hal_tim.o(.text.HAL_TIM_IC_CaptureCallback)
    HAL_TIM_IRQHandler                       0x08003b5d   Thumb Code   538  stm32f4xx_hal_tim.o(.text.HAL_TIM_IRQHandler)
    HAL_TIM_MspPostInit                      0x08003d79   Thumb Code   104  tim.o(.text.HAL_TIM_MspPostInit)
    HAL_TIM_OC_DelayElapsedCallback          0x08003de1   Thumb Code     8  stm32f4xx_hal_tim.o(.text.HAL_TIM_OC_DelayElapsedCallback)
    HAL_TIM_PWM_ConfigChannel                0x08003de9   Thumb Code   322  stm32f4xx_hal_tim.o(.text.HAL_TIM_PWM_ConfigChannel)
    HAL_TIM_PWM_Init                         0x08003f2d   Thumb Code   156  stm32f4xx_hal_tim.o(.text.HAL_TIM_PWM_Init)
    HAL_TIM_PWM_MspInit                      0x08003fc9   Thumb Code     8  stm32f4xx_hal_tim.o(.text.HAL_TIM_PWM_MspInit)
    HAL_TIM_PWM_PulseFinishedCallback        0x08003fd1   Thumb Code     8  stm32f4xx_hal_tim.o(.text.HAL_TIM_PWM_PulseFinishedCallback)
    HAL_TIM_PWM_Start                        0x08003fd9   Thumb Code   458  stm32f4xx_hal_tim.o(.text.HAL_TIM_PWM_Start)
    HAL_TIM_PeriodElapsedCallback            0x080041a5   Thumb Code   120  main.o(.text.HAL_TIM_PeriodElapsedCallback)
    HAL_TIM_TriggerCallback                  0x0800421d   Thumb Code     8  stm32f4xx_hal_tim.o(.text.HAL_TIM_TriggerCallback)
    HardFault_Handler                        0x08004225   Thumb Code     4  stm32f4xx_it.o(.text.HardFault_Handler)
    MX_GPIO_Init                             0x080042dd   Thumb Code   130  gpio.o(.text.MX_GPIO_Init)
    MX_TIM2_Init                             0x08004361   Thumb Code   152  tim.o(.text.MX_TIM2_Init)
    MX_TIM3_Init                             0x080043f9   Thumb Code   262  tim.o(.text.MX_TIM3_Init)
    MemManage_Handler                        0x08004501   Thumb Code     4  stm32f4xx_it.o(.text.MemManage_Handler)
    NMI_Handler                              0x08004505   Thumb Code     4  stm32f4xx_it.o(.text.NMI_Handler)
    PendSV_Handler                           0x08004575   Thumb Code     2  stm32f4xx_it.o(.text.PendSV_Handler)
    SVC_Handler                              0x08004579   Thumb Code     2  stm32f4xx_it.o(.text.SVC_Handler)
    SysTick_Handler                          0x080045d1   Thumb Code     8  stm32f4xx_it.o(.text.SysTick_Handler)
    SystemClock_Config                       0x080045d9   Thumb Code   190  main.o(.text.SystemClock_Config)
    SystemInit                               0x08004699   Thumb Code    18  system_stm32f4xx.o(.text.SystemInit)
    TIM2_IRQHandler                          0x080046ad   Thumb Code    16  stm32f4xx_it.o(.text.TIM2_IRQHandler)
    TIM3_IRQHandler                          0x080046bd   Thumb Code    16  stm32f4xx_it.o(.text.TIM3_IRQHandler)
    TIM_Base_SetConfig                       0x080046cd   Thumb Code   420  stm32f4xx_hal_tim.o(.text.TIM_Base_SetConfig)
    TIM_CCxChannelCmd                        0x08004871   Thumb Code    54  stm32f4xx_hal_tim.o(.text.TIM_CCxChannelCmd)
    TIM_ETR_SetConfig                        0x080048a9   Thumb Code    52  stm32f4xx_hal_tim.o(.text.TIM_ETR_SetConfig)
    TIM_OC2_SetConfig                        0x080049f5   Thumb Code   244  stm32f4xx_hal_tim.o(.text.TIM_OC2_SetConfig)
    UsageFault_Handler                       0x08004d7d   Thumb Code     4  stm32f4xx_it.o(.text.UsageFault_Handler)
    _sys_close                               0x08004e41   Thumb Code    74  retarget_io.o(.text._sys_close)
    _sys_flen                                0x08004e8d   Thumb Code    74  retarget_io.o(.text._sys_flen)
    _sys_istty                               0x08004ed9   Thumb Code    72  retarget_io.o(.text._sys_istty)
    _sys_open                                0x08004f21   Thumb Code   132  retarget_io.o(.text._sys_open)
    _sys_seek                                0x08004fa5   Thumb Code    82  retarget_io.o(.text._sys_seek)
    _sys_write                               0x08004ff9   Thumb Code   118  retarget_io.o(.text._sys_write)
    main                                     0x080051f9   Thumb Code   140  main.o(.text.main)
    stdout_putchar                           0x08005285   Thumb Code   124  stdout_evr.o(.text.stdout_putchar)
    _btod_d2e                                0x08005301   Thumb Code    62  btod.o(CL$$btod_d2e)
    _d2e_denorm_low                          0x0800533f   Thumb Code    70  btod.o(CL$$btod_d2e_denorm_low)
    _d2e_norm_op1                            0x08005385   Thumb Code    96  btod.o(CL$$btod_d2e_norm_op1)
    __btod_div_common                        0x080053e5   Thumb Code   696  btod.o(CL$$btod_div_common)
    _e2e                                     0x0800571d   Thumb Code   220  btod.o(CL$$btod_e2e)
    _btod_ediv                               0x080057f9   Thumb Code    42  btod.o(CL$$btod_ediv)
    _btod_emul                               0x08005823   Thumb Code    42  btod.o(CL$$btod_emul)
    __btod_mult_common                       0x0800584d   Thumb Code   580  btod.o(CL$$btod_mult_common)
    __ARM_fpclassify                         0x08005a91   Thumb Code    48  fpclassify.o(i.__ARM_fpclassify)
    _is_digit                                0x08005ac1   Thumb Code    14  __printf_wp.o(i._is_digit)
    fputc                                    0x08005acf   Thumb Code    28  fputc.o(i.fputc)
    _get_lc_numeric                          0x08005aed   Thumb Code    44  lc_numeric_c.o(locale$$code)
    _get_lc_ctype                            0x08005b19   Thumb Code    44  lc_ctype_c.o(locale$$code)
    _fp_init                                 0x08005b45   Thumb Code    26  fpinit.o(x$fpl$fpinit)
    __fplib_config_fpu_vfp                   0x08005b5d   Thumb Code     0  fpinit.o(x$fpl$fpinit)
    __fplib_config_pureend_doubles           0x08005b5d   Thumb Code     0  fpinit.o(x$fpl$fpinit)
    _printf_fp_dec                           0x08005b5f   Thumb Code     4  printf1.o(x$fpl$printf1)
    _printf_fp_hex                           0x08005b63   Thumb Code     4  printf2.o(x$fpl$printf2)
    __I$use$fp                               0x08005b66   Number         0  usenofp.o(x$fpl$usenofp)
    AHBPrescTable                            0x08005c64   Data          16  system_stm32f4xx.o(.rodata.AHBPrescTable)
    EventRecorderInfo                        0x08005c74   Data          24  eventrecorder.o(.rodata.EventRecorderInfo)
    __stderr_name                            0x08005c8c   Data           8  retarget_io.o(.rodata.__stderr_name)
    __stdin_name                             0x08005c94   Data           7  retarget_io.o(.rodata.__stdin_name)
    __stdout_name                            0x08005c9b   Data           8  retarget_io.o(.rodata.__stdout_name)
    Region$$Table$$Base                      0x08005ce0   Number         0  anon$$obj.o(Region$$Table)
    Region$$Table$$Limit                     0x08005d00   Number         0  anon$$obj.o(Region$$Table)
    __ctype                                  0x08005d29   Data           0  lc_ctype_c.o(locale$$data)
    __aeabi_stdin                            0x20000000   Data           4  stdio_streams.o(.data)
    __aeabi_stdout                           0x20000004   Data           4  stdio_streams.o(.data)
    __aeabi_stderr                           0x20000008   Data           4  stdio_streams.o(.data)
    SystemCoreClock                          0x2000000c   Data           4  system_stm32f4xx.o(.data.SystemCoreClock)
    uwTickFreq                               0x20000010   Data           1  stm32f4xx_hal.o(.data.uwTickFreq)
    uwTickPrio                               0x20000014   Data           4  stm32f4xx_hal.o(.data.uwTickPrio)
    __stdin                                  0x20000040   Data          84  stdio_streams.o(.bss)
    __stdout                                 0x20000094   Data          84  stdio_streams.o(.bss)
    __stderr                                 0x200000e8   Data          84  stdio_streams.o(.bss)
    __libspace_start                         0x2000013c   Data          96  libspace.o(.bss)
    __temporary_stack_top$libspace           0x2000019c   Data           0  libspace.o(.bss)
    counter                                  0x2000019c   Data           4  main.o(.bss.counter)
    htim2                                    0x200001a0   Data          72  tim.o(.bss.htim2)
    htim3                                    0x200001e8   Data          72  tim.o(.bss.htim3)
    uwTick                                   0x200006f0   Data           4  stm32f4xx_hal.o(.bss.uwTick)



==============================================================================

Memory Map of the image

  Image Entry point : 0x08000189

  Load Region LR_IROM1 (Base: 0x08000000, Size: 0x00005e80, Max: 0x00100000, ABSOLUTE)

    Execution Region ER_IROM1 (Exec base: 0x08000000, Load base: 0x08000000, Size: 0x00005e2c, Max: 0x00100000, ABSOLUTE)

    Exec Addr    Load Addr    Size         Type   Attr      Idx    E Section Name        Object

    0x08000000   0x08000000   0x00000188   Data   RO            3    RESET               startup_stm32f405xx.o
    0x08000188   0x08000188   0x00000008   Code   RO          996  * !!!main             c_w.l(__main.o)
    0x08000190   0x08000190   0x0000005c   Code   RO         1513    !!!scatter          c_w.l(__scatter.o)
    0x080001ec   0x080001ec   0x0000001a   Code   RO         1517    !!handler_copy      c_w.l(__scatter_copy.o)
    0x08000206   0x08000206   0x00000002   PAD
    0x08000208   0x08000208   0x00000002   Code   RO         1514    !!handler_null      c_w.l(__scatter.o)
    0x0800020a   0x0800020a   0x00000002   PAD
    0x0800020c   0x0800020c   0x0000001c   Code   RO         1519    !!handler_zi        c_w.l(__scatter_zi.o)
    0x08000228   0x08000228   0x00000000   Code   RO         1082    .ARM.Collect$$_printf_percent$$00000000  c_w.l(_printf_percent.o)
    0x08000228   0x08000228   0x00000006   Code   RO         1071    .ARM.Collect$$_printf_percent$$00000001  c_w.l(_printf_n.o)
    0x0800022e   0x0800022e   0x00000006   Code   RO         1073    .ARM.Collect$$_printf_percent$$00000002  c_w.l(_printf_p.o)
    0x08000234   0x08000234   0x00000006   Code   RO         1078    .ARM.Collect$$_printf_percent$$00000003  c_w.l(_printf_f.o)
    0x0800023a   0x0800023a   0x00000006   Code   RO         1079    .ARM.Collect$$_printf_percent$$00000004  c_w.l(_printf_e.o)
    0x08000240   0x08000240   0x00000006   Code   RO         1080    .ARM.Collect$$_printf_percent$$00000005  c_w.l(_printf_g.o)
    0x08000246   0x08000246   0x00000006   Code   RO         1081    .ARM.Collect$$_printf_percent$$00000006  c_w.l(_printf_a.o)
    0x0800024c   0x0800024c   0x0000000a   Code   RO         1086    .ARM.Collect$$_printf_percent$$00000007  c_w.l(_printf_ll.o)
    0x08000256   0x08000256   0x00000006   Code   RO         1075    .ARM.Collect$$_printf_percent$$00000008  c_w.l(_printf_i.o)
    0x0800025c   0x0800025c   0x00000006   Code   RO         1076    .ARM.Collect$$_printf_percent$$00000009  c_w.l(_printf_d.o)
    0x08000262   0x08000262   0x00000006   Code   RO         1077    .ARM.Collect$$_printf_percent$$0000000A  c_w.l(_printf_u.o)
    0x08000268   0x08000268   0x00000006   Code   RO         1074    .ARM.Collect$$_printf_percent$$0000000B  c_w.l(_printf_o.o)
    0x0800026e   0x0800026e   0x00000006   Code   RO         1072    .ARM.Collect$$_printf_percent$$0000000C  c_w.l(_printf_x.o)
    0x08000274   0x08000274   0x00000006   Code   RO         1083    .ARM.Collect$$_printf_percent$$0000000D  c_w.l(_printf_lli.o)
    0x0800027a   0x0800027a   0x00000006   Code   RO         1084    .ARM.Collect$$_printf_percent$$0000000E  c_w.l(_printf_lld.o)
    0x08000280   0x08000280   0x00000006   Code   RO         1085    .ARM.Collect$$_printf_percent$$0000000F  c_w.l(_printf_llu.o)
    0x08000286   0x08000286   0x00000006   Code   RO         1090    .ARM.Collect$$_printf_percent$$00000010  c_w.l(_printf_llo.o)
    0x0800028c   0x0800028c   0x00000006   Code   RO         1091    .ARM.Collect$$_printf_percent$$00000011  c_w.l(_printf_llx.o)
    0x08000292   0x08000292   0x0000000a   Code   RO         1087    .ARM.Collect$$_printf_percent$$00000012  c_w.l(_printf_l.o)
    0x0800029c   0x0800029c   0x00000006   Code   RO         1069    .ARM.Collect$$_printf_percent$$00000013  c_w.l(_printf_c.o)
    0x080002a2   0x080002a2   0x00000006   Code   RO         1070    .ARM.Collect$$_printf_percent$$00000014  c_w.l(_printf_s.o)
    0x080002a8   0x080002a8   0x00000006   Code   RO         1088    .ARM.Collect$$_printf_percent$$00000015  c_w.l(_printf_lc.o)
    0x080002ae   0x080002ae   0x00000006   Code   RO         1089    .ARM.Collect$$_printf_percent$$00000016  c_w.l(_printf_ls.o)
    0x080002b4   0x080002b4   0x00000004   Code   RO         1142    .ARM.Collect$$_printf_percent$$00000017  c_w.l(_printf_percent_end.o)
    0x080002b8   0x080002b8   0x00000002   Code   RO         1288    .ARM.Collect$$libinit$$00000000  c_w.l(libinit.o)
    0x080002ba   0x080002ba   0x00000004   Code   RO         1289    .ARM.Collect$$libinit$$00000001  c_w.l(libinit2.o)
    0x080002be   0x080002be   0x00000000   Code   RO         1292    .ARM.Collect$$libinit$$00000004  c_w.l(libinit2.o)
    0x080002be   0x080002be   0x00000000   Code   RO         1294    .ARM.Collect$$libinit$$00000006  c_w.l(libinit2.o)
    0x080002be   0x080002be   0x00000008   Code   RO         1295    .ARM.Collect$$libinit$$00000007  c_w.l(libinit2.o)
    0x080002c6   0x080002c6   0x00000000   Code   RO         1297    .ARM.Collect$$libinit$$0000000C  c_w.l(libinit2.o)
    0x080002c6   0x080002c6   0x00000000   Code   RO         1299    .ARM.Collect$$libinit$$0000000E  c_w.l(libinit2.o)
    0x080002c6   0x080002c6   0x00000000   Code   RO         1301    .ARM.Collect$$libinit$$00000010  c_w.l(libinit2.o)
    0x080002c6   0x080002c6   0x00000006   Code   RO         1302    .ARM.Collect$$libinit$$00000011  c_w.l(libinit2.o)
    0x080002cc   0x080002cc   0x00000000   Code   RO         1304    .ARM.Collect$$libinit$$00000013  c_w.l(libinit2.o)
    0x080002cc   0x080002cc   0x0000000c   Code   RO         1305    .ARM.Collect$$libinit$$00000014  c_w.l(libinit2.o)
    0x080002d8   0x080002d8   0x00000000   Code   RO         1306    .ARM.Collect$$libinit$$00000015  c_w.l(libinit2.o)
    0x080002d8   0x080002d8   0x00000000   Code   RO         1308    .ARM.Collect$$libinit$$00000017  c_w.l(libinit2.o)
    0x080002d8   0x080002d8   0x0000000a   Code   RO         1309    .ARM.Collect$$libinit$$00000018  c_w.l(libinit2.o)
    0x080002e2   0x080002e2   0x00000000   Code   RO         1310    .ARM.Collect$$libinit$$00000019  c_w.l(libinit2.o)
    0x080002e2   0x080002e2   0x00000000   Code   RO         1312    .ARM.Collect$$libinit$$0000001B  c_w.l(libinit2.o)
    0x080002e2   0x080002e2   0x00000000   Code   RO         1314    .ARM.Collect$$libinit$$0000001D  c_w.l(libinit2.o)
    0x080002e2   0x080002e2   0x00000000   Code   RO         1316    .ARM.Collect$$libinit$$0000001F  c_w.l(libinit2.o)
    0x080002e2   0x080002e2   0x00000000   Code   RO         1318    .ARM.Collect$$libinit$$00000021  c_w.l(libinit2.o)
    0x080002e2   0x080002e2   0x00000000   Code   RO         1320    .ARM.Collect$$libinit$$00000023  c_w.l(libinit2.o)
    0x080002e2   0x080002e2   0x00000000   Code   RO         1322    .ARM.Collect$$libinit$$00000025  c_w.l(libinit2.o)
    0x080002e2   0x080002e2   0x00000004   Code   RO         1323    .ARM.Collect$$libinit$$00000026  c_w.l(libinit2.o)
    0x080002e6   0x080002e6   0x00000000   Code   RO         1324    .ARM.Collect$$libinit$$00000027  c_w.l(libinit2.o)
    0x080002e6   0x080002e6   0x00000000   Code   RO         1328    .ARM.Collect$$libinit$$0000002E  c_w.l(libinit2.o)
    0x080002e6   0x080002e6   0x00000000   Code   RO         1330    .ARM.Collect$$libinit$$00000030  c_w.l(libinit2.o)
    0x080002e6   0x080002e6   0x00000000   Code   RO         1332    .ARM.Collect$$libinit$$00000032  c_w.l(libinit2.o)
    0x080002e6   0x080002e6   0x00000000   Code   RO         1334    .ARM.Collect$$libinit$$00000034  c_w.l(libinit2.o)
    0x080002e6   0x080002e6   0x00000002   Code   RO         1335    .ARM.Collect$$libinit$$00000035  c_w.l(libinit2.o)
    0x080002e8   0x080002e8   0x00000002   Code   RO         1494    .ARM.Collect$$libshutdown$$00000000  c_w.l(libshutdown.o)
    0x080002ea   0x080002ea   0x00000000   Code   RO         1337    .ARM.Collect$$libshutdown$$00000002  c_w.l(libshutdown2.o)
    0x080002ea   0x080002ea   0x00000004   Code   RO         1338    .ARM.Collect$$libshutdown$$00000003  c_w.l(libshutdown2.o)
    0x080002ee   0x080002ee   0x00000000   Code   RO         1339    .ARM.Collect$$libshutdown$$00000004  c_w.l(libshutdown2.o)
    0x080002ee   0x080002ee   0x00000000   Code   RO         1342    .ARM.Collect$$libshutdown$$00000007  c_w.l(libshutdown2.o)
    0x080002ee   0x080002ee   0x00000000   Code   RO         1345    .ARM.Collect$$libshutdown$$0000000A  c_w.l(libshutdown2.o)
    0x080002ee   0x080002ee   0x00000000   Code   RO         1347    .ARM.Collect$$libshutdown$$0000000C  c_w.l(libshutdown2.o)
    0x080002ee   0x080002ee   0x00000000   Code   RO         1350    .ARM.Collect$$libshutdown$$0000000F  c_w.l(libshutdown2.o)
    0x080002ee   0x080002ee   0x00000002   Code   RO         1351    .ARM.Collect$$libshutdown$$00000010  c_w.l(libshutdown2.o)
    0x080002f0   0x080002f0   0x00000000   Code   RO          998    .ARM.Collect$$rtentry$$00000000  c_w.l(__rtentry.o)
    0x080002f0   0x080002f0   0x00000000   Code   RO         1109    .ARM.Collect$$rtentry$$00000002  c_w.l(__rtentry2.o)
    0x080002f0   0x080002f0   0x00000006   Code   RO         1121    .ARM.Collect$$rtentry$$00000004  c_w.l(__rtentry4.o)
    0x080002f6   0x080002f6   0x00000000   Code   RO         1111    .ARM.Collect$$rtentry$$00000009  c_w.l(__rtentry2.o)
    0x080002f6   0x080002f6   0x00000004   Code   RO         1112    .ARM.Collect$$rtentry$$0000000A  c_w.l(__rtentry2.o)
    0x080002fa   0x080002fa   0x00000000   Code   RO         1114    .ARM.Collect$$rtentry$$0000000C  c_w.l(__rtentry2.o)
    0x080002fa   0x080002fa   0x00000008   Code   RO         1115    .ARM.Collect$$rtentry$$0000000D  c_w.l(__rtentry2.o)
    0x08000302   0x08000302   0x00000002   Code   RO         1362    .ARM.Collect$$rtexit$$00000000  c_w.l(rtexit.o)
    0x08000304   0x08000304   0x00000000   Code   RO         1423    .ARM.Collect$$rtexit$$00000002  c_w.l(rtexit2.o)
    0x08000304   0x08000304   0x00000004   Code   RO         1424    .ARM.Collect$$rtexit$$00000003  c_w.l(rtexit2.o)
    0x08000308   0x08000308   0x00000006   Code   RO         1425    .ARM.Collect$$rtexit$$00000004  c_w.l(rtexit2.o)
    0x0800030e   0x0800030e   0x00000002   PAD
    0x08000310   0x08000310   0x00000040   Code   RO            4    .text               startup_stm32f405xx.o
    0x08000350   0x08000350   0x000000f0   Code   RO          984    .text               c_w.l(lludivv7m.o)
    0x08000440   0x08000440   0x00000018   Code   RO          986    .text               c_w.l(printf.o)
    0x08000458   0x08000458   0x0000008a   Code   RO          988    .text               c_w.l(rt_memcpy_v6.o)
    0x080004e2   0x080004e2   0x0000004e   Code   RO          990    .text               c_w.l(rt_memclr_w.o)
    0x08000530   0x08000530   0x0000007c   Code   RO          992    .text               c_w.l(strcmpv7em.o)
    0x080005ac   0x080005ac   0x00000006   Code   RO          994    .text               c_w.l(heapauxi.o)
    0x080005b2   0x080005b2   0x0000004e   Code   RO         1005    .text               c_w.l(_printf_pad.o)
    0x08000600   0x08000600   0x00000024   Code   RO         1007    .text               c_w.l(_printf_truncate.o)
    0x08000624   0x08000624   0x00000052   Code   RO         1009    .text               c_w.l(_printf_str.o)
    0x08000676   0x08000676   0x00000002   PAD
    0x08000678   0x08000678   0x00000078   Code   RO         1011    .text               c_w.l(_printf_dec.o)
    0x080006f0   0x080006f0   0x00000028   Code   RO         1013    .text               c_w.l(_printf_charcount.o)
    0x08000718   0x08000718   0x00000024   Code   RO         1015    .text               c_w.l(_printf_char_file.o)
    0x0800073c   0x0800073c   0x000000bc   Code   RO         1017    .text               c_w.l(_printf_wctomb.o)
    0x080007f8   0x080007f8   0x0000007c   Code   RO         1020    .text               c_w.l(_printf_longlong_dec.o)
    0x08000874   0x08000874   0x00000070   Code   RO         1026    .text               c_w.l(_printf_oct_int_ll.o)
    0x080008e4   0x080008e4   0x00000094   Code   RO         1046    .text               c_w.l(_printf_hex_int_ll_ptr.o)
    0x08000978   0x08000978   0x00000188   Code   RO         1066    .text               c_w.l(__printf_flags_ss_wp.o)
    0x08000b00   0x08000b00   0x00000064   Code   RO         1098    .text               c_w.l(rt_memcpy_w.o)
    0x08000b64   0x08000b64   0x0000008a   Code   RO         1125    .text               c_w.l(lludiv10.o)
    0x08000bee   0x08000bee   0x000000b2   Code   RO         1127    .text               c_w.l(_printf_intcommon.o)
    0x08000ca0   0x08000ca0   0x0000041c   Code   RO         1129    .text               c_w.l(_printf_fp_dec.o)
    0x080010bc   0x080010bc   0x000002fc   Code   RO         1133    .text               c_w.l(_printf_fp_hex.o)
    0x080013b8   0x080013b8   0x00000030   Code   RO         1136    .text               c_w.l(_printf_char_common.o)
    0x080013e8   0x080013e8   0x0000002c   Code   RO         1138    .text               c_w.l(_printf_char.o)
    0x08001414   0x08001414   0x0000002c   Code   RO         1140    .text               c_w.l(_printf_wchar.o)
    0x08001440   0x08001440   0x00000008   Code   RO         1143    .text               c_w.l(ferror.o)
    0x08001448   0x08001448   0x00000138   Code   RO         1149    .text               c_w.l(initio.o)
    0x08001580   0x08001580   0x00000048   Code   RO         1157    .text               c_w.l(_c16rtomb.o)
    0x080015c8   0x080015c8   0x0000004a   Code   RO         1161    .text               c_w.l(sys_stackheap_outer.o)
    0x08001612   0x08001612   0x00000002   PAD
    0x08001614   0x08001614   0x00000010   Code   RO         1163    .text               c_w.l(rt_ctype_table.o)
    0x08001624   0x08001624   0x00000008   Code   RO         1168    .text               c_w.l(rt_locale_intlibspace.o)
    0x0800162c   0x0800162c   0x0000004e   Code   RO         1172    .text               c_w.l(h1_free.o)
    0x0800167a   0x0800167a   0x00000002   PAD
    0x0800167c   0x0800167c   0x00000080   Code   RO         1226    .text               c_w.l(_printf_fp_infnan.o)
    0x080016fc   0x080016fc   0x000000e4   Code   RO         1230    .text               c_w.l(bigflt0.o)
    0x080017e0   0x080017e0   0x000001e2   Code   RO         1257    .text               c_w.l(flsbuf.o)
    0x080019c2   0x080019c2   0x00000046   Code   RO         1259    .text               c_w.l(setvbuf.o)
    0x08001a08   0x08001a08   0x000000f0   Code   RO         1262    .text               c_w.l(fopen.o)
    0x08001af8   0x08001af8   0x0000004c   Code   RO         1264    .text               c_w.l(fclose.o)
    0x08001b44   0x08001b44   0x00000012   Code   RO         1273    .text               c_w.l(exit.o)
    0x08001b56   0x08001b56   0x0000000e   Code   RO         1279    .text               c_w.l(defsig_rtred_outer.o)
    0x08001b64   0x08001b64   0x00000008   Code   RO         1359    .text               c_w.l(libspace.o)
    0x08001b6c   0x08001b6c   0x00000008   Code   RO         1369    .text               c_w.l(rt_heap_descriptor_intlibspace.o)
    0x08001b74   0x08001b74   0x00000004   Code   RO         1371    .text               c_w.l(hguard.o)
    0x08001b78   0x08001b78   0x0000008a   Code   RO         1373    .text               c_w.l(init_alloc.o)
    0x08001c02   0x08001c02   0x0000005e   Code   RO         1379    .text               c_w.l(h1_alloc.o)
    0x08001c60   0x08001c60   0x000000f8   Code   RO         1395    .text               c_w.l(fseek.o)
    0x08001d58   0x08001d58   0x00000108   Code   RO         1397    .text               c_w.l(stdio.o)
    0x08001e60   0x08001e60   0x0000000a   Code   RO         1406    .text               c_w.l(defsig_exit.o)
    0x08001e6a   0x08001e6a   0x00000002   PAD
    0x08001e6c   0x08001e6c   0x00000034   Code   RO         1410    .text               c_w.l(defsig_rtred_inner.o)
    0x08001ea0   0x08001ea0   0x0000000c   Code   RO         1418    .text               c_w.l(sys_exit.o)
    0x08001eac   0x08001eac   0x00000000   Code   RO         1429    .text               c_w.l(maybetermalloc1.o)
    0x08001eac   0x08001eac   0x0000000c   Code   RO         1431    .text               c_w.l(h1_init.o)
    0x08001eb8   0x08001eb8   0x00000034   Code   RO         1433    .text               c_w.l(h1_extend.o)
    0x08001eec   0x08001eec   0x00000042   Code   RO         1445    .text               c_w.l(ftell.o)
    0x08001f2e   0x08001f2e   0x00000032   Code   RO         1453    .text               c_w.l(defsig_general.o)
    0x08001f60   0x08001f60   0x0000000e   Code   RO         1455    .text               c_w.l(defsig_rtmem_outer.o)
    0x08001f6e   0x08001f6e   0x0000000e   Code   RO         1468    .text               c_w.l(sys_wrch.o)
    0x08001f7c   0x08001f7c   0x00000002   Code   RO         1476    .text               c_w.l(use_no_semi.o)
    0x08001f7e   0x08001f7e   0x00000000   Code   RO         1478    .text               c_w.l(indicate_semi.o)
    0x08001f7e   0x08001f7e   0x00000002   PAD
    0x08001f80   0x08001f80   0x00000008   Code   RO         1482    .text               c_w.l(rt_errno_addr_intlibspace.o)
    0x08001f88   0x08001f88   0x00000050   Code   RO         1488    .text               c_w.l(defsig_rtmem_inner.o)
    0x08001fd8   0x08001fd8   0x00000004   Code   RO           62    .text.BusFault_Handler  stm32f4xx_it.o
    0x08001fdc   0x08001fdc   0x00000002   Code   RO           68    .text.DebugMon_Handler  stm32f4xx_it.o
    0x08001fde   0x08001fde   0x00000002   PAD
    0x08001fe0   0x08001fe0   0x00000006   Code   RO           15    .text.Error_Handler  main.o
    0x08001fe6   0x08001fe6   0x00000002   PAD
    0x08001fe8   0x08001fe8   0x0000003c   Code   RO          950    .text.EventCheckFilter  eventrecorder.o
    0x08002024   0x08002024   0x0000009a   Code   RO          936    .text.EventGetTS    eventrecorder.o
    0x080020be   0x080020be   0x00000002   PAD
    0x080020c0   0x080020c0   0x0000005a   Code   RO          954    .text.EventRecord2  eventrecorder.o
    0x0800211a   0x0800211a   0x00000002   PAD
    0x0800211c   0x0800211c   0x00000184   Code   RO          948    .text.EventRecordData  eventrecorder.o
    0x080022a0   0x080022a0   0x000000f0   Code   RO          938    .text.EventRecordItem  eventrecorder.o
    0x08002390   0x08002390   0x00000092   Code   RO          934    .text.EventRecorderEnable  eventrecorder.o
    0x08002422   0x08002422   0x00000002   PAD
    0x08002424   0x08002424   0x000001b8   Code   RO          930    .text.EventRecorderInitialize  eventrecorder.o
    0x080025dc   0x080025dc   0x0000004a   Code   RO          940    .text.EventRecorderStart  eventrecorder.o
    0x08002626   0x08002626   0x00000002   PAD
    0x08002628   0x08002628   0x0000000c   Code   RO          928    .text.EventRecorderTimerGetCount  eventrecorder.o
    0x08002634   0x08002634   0x0000000c   Code   RO          926    .text.EventRecorderTimerGetFreq  eventrecorder.o
    0x08002640   0x08002640   0x00000024   Code   RO          924    .text.EventRecorderTimerSetup  eventrecorder.o
    0x08002664   0x08002664   0x00000012   Code   RO          952    .text.GetContext    eventrecorder.o
    0x08002676   0x08002676   0x00000002   PAD
    0x08002678   0x08002678   0x00000012   Code   RO          960    .text.GetRecordIndex  eventrecorder.o
    0x0800268a   0x0800268a   0x00000002   PAD
    0x0800268c   0x0800268c   0x00000042   Code   RO          798    .text.HAL_Delay     stm32f4xx_hal.o
    0x080026ce   0x080026ce   0x00000002   PAD
    0x080026d0   0x080026d0   0x000003b6   Code   RO          565    .text.HAL_GPIO_Init  stm32f4xx_hal_gpio.o
    0x08002a86   0x08002a86   0x00000002   PAD
    0x08002a88   0x08002a88   0x00000026   Code   RO          573    .text.HAL_GPIO_TogglePin  stm32f4xx_hal_gpio.o
    0x08002aae   0x08002aae   0x00000002   PAD
    0x08002ab0   0x08002ab0   0x0000002e   Code   RO          571    .text.HAL_GPIO_WritePin  stm32f4xx_hal_gpio.o
    0x08002ade   0x08002ade   0x00000002   PAD
    0x08002ae0   0x08002ae0   0x0000000c   Code   RO          790    .text.HAL_GetTick   stm32f4xx_hal.o
    0x08002aec   0x08002aec   0x0000001a   Code   RO          788    .text.HAL_IncTick   stm32f4xx_hal.o
    0x08002b06   0x08002b06   0x00000002   PAD
    0x08002b08   0x08002b08   0x00000036   Code   RO          778    .text.HAL_Init      stm32f4xx_hal.o
    0x08002b3e   0x08002b3e   0x00000002   PAD
    0x08002b40   0x08002b40   0x00000070   Code   RO          780    .text.HAL_InitTick  stm32f4xx_hal.o
    0x08002bb0   0x08002bb0   0x0000004a   Code   RO           85    .text.HAL_MspInit   stm32f4xx_hal_msp.o
    0x08002bfa   0x08002bfa   0x00000002   PAD
    0x08002bfc   0x08002bfc   0x00000014   Code   RO          713    .text.HAL_NVIC_EnableIRQ  stm32f4xx_hal_cortex.o
    0x08002c10   0x08002c10   0x00000032   Code   RO          705    .text.HAL_NVIC_SetPriority  stm32f4xx_hal_cortex.o
    0x08002c42   0x08002c42   0x00000002   PAD
    0x08002c44   0x08002c44   0x00000010   Code   RO          701    .text.HAL_NVIC_SetPriorityGrouping  stm32f4xx_hal_cortex.o
    0x08002c54   0x08002c54   0x00000262   Code   RO          433    .text.HAL_RCC_ClockConfig  stm32f4xx_hal_rcc.o
    0x08002eb6   0x08002eb6   0x00000002   PAD
    0x08002eb8   0x08002eb8   0x000000e6   Code   RO          435    .text.HAL_RCC_GetSysClockFreq  stm32f4xx_hal_rcc.o
    0x08002f9e   0x08002f9e   0x00000002   PAD
    0x08002fa0   0x08002fa0   0x000006be   Code   RO          431    .text.HAL_RCC_OscConfig  stm32f4xx_hal_rcc.o
    0x0800365e   0x0800365e   0x00000002   PAD
    0x08003660   0x08003660   0x00000010   Code   RO          725    .text.HAL_SYSTICK_Config  stm32f4xx_hal_cortex.o
    0x08003670   0x08003670   0x00000008   Code   RO          416    .text.HAL_TIMEx_BreakCallback  stm32f4xx_hal_tim_ex.o
    0x08003678   0x08003678   0x00000008   Code   RO          412    .text.HAL_TIMEx_CommutCallback  stm32f4xx_hal_tim_ex.o
    0x08003680   0x08003680   0x00000122   Code   RO          406    .text.HAL_TIMEx_MasterConfigSynchronization  stm32f4xx_hal_tim_ex.o
    0x080037a2   0x080037a2   0x00000002   PAD
    0x080037a4   0x080037a4   0x0000009c   Code   RO           93    .text.HAL_TIM_Base_Init  stm32f4xx_hal_tim.o
    0x08003840   0x08003840   0x00000096   Code   RO           43    .text.HAL_TIM_Base_MspInit  tim.o
    0x080038d6   0x080038d6   0x00000002   PAD
    0x080038d8   0x080038d8   0x000000f6   Code   RO          107    .text.HAL_TIM_Base_Start_IT  stm32f4xx_hal_tim.o
    0x080039ce   0x080039ce   0x00000002   PAD
    0x080039d0   0x080039d0   0x00000184   Code   RO          285    .text.HAL_TIM_ConfigClockSource  stm32f4xx_hal_tim.o
    0x08003b54   0x08003b54   0x00000008   Code   RO          229    .text.HAL_TIM_IC_CaptureCallback  stm32f4xx_hal_tim.o
    0x08003b5c   0x08003b5c   0x0000021a   Code   RO          227    .text.HAL_TIM_IRQHandler  stm32f4xx_hal_tim.o
    0x08003d76   0x08003d76   0x00000002   PAD
    0x08003d78   0x08003d78   0x00000068   Code   RO           41    .text.HAL_TIM_MspPostInit  tim.o
    0x08003de0   0x08003de0   0x00000008   Code   RO          231    .text.HAL_TIM_OC_DelayElapsedCallback  stm32f4xx_hal_tim.o
    0x08003de8   0x08003de8   0x00000142   Code   RO          259    .text.HAL_TIM_PWM_ConfigChannel  stm32f4xx_hal_tim.o
    0x08003f2a   0x08003f2a   0x00000002   PAD
    0x08003f2c   0x08003f2c   0x0000009c   Code   RO          147    .text.HAL_TIM_PWM_Init  stm32f4xx_hal_tim.o
    0x08003fc8   0x08003fc8   0x00000008   Code   RO          149    .text.HAL_TIM_PWM_MspInit  stm32f4xx_hal_tim.o
    0x08003fd0   0x08003fd0   0x00000008   Code   RO          233    .text.HAL_TIM_PWM_PulseFinishedCallback  stm32f4xx_hal_tim.o
    0x08003fd8   0x08003fd8   0x000001ca   Code   RO          155    .text.HAL_TIM_PWM_Start  stm32f4xx_hal_tim.o
    0x080041a2   0x080041a2   0x00000002   PAD
    0x080041a4   0x080041a4   0x00000078   Code   RO           17    .text.HAL_TIM_PeriodElapsedCallback  main.o
    0x0800421c   0x0800421c   0x00000008   Code   RO          237    .text.HAL_TIM_TriggerCallback  stm32f4xx_hal_tim.o
    0x08004224   0x08004224   0x00000004   Code   RO           58    .text.HardFault_Handler  stm32f4xx_it.o
    0x08004228   0x08004228   0x00000012   Code   RO          968    .text.IncrementRecordsDumped  eventrecorder.o
    0x0800423a   0x0800423a   0x00000002   PAD
    0x0800423c   0x0800423c   0x00000012   Code   RO          966    .text.IncrementRecordsWritten  eventrecorder.o
    0x0800424e   0x0800424e   0x00000002   PAD
    0x08004250   0x08004250   0x0000008c   Code   RO          962    .text.LockRecord    eventrecorder.o
    0x080042dc   0x080042dc   0x00000082   Code   RO           29    .text.MX_GPIO_Init  gpio.o
    0x0800435e   0x0800435e   0x00000002   PAD
    0x08004360   0x08004360   0x00000098   Code   RO           37    .text.MX_TIM2_Init  tim.o
    0x080043f8   0x080043f8   0x00000106   Code   RO           39    .text.MX_TIM3_Init  tim.o
    0x080044fe   0x080044fe   0x00000002   PAD
    0x08004500   0x08004500   0x00000004   Code   RO           60    .text.MemManage_Handler  stm32f4xx_it.o
    0x08004504   0x08004504   0x00000004   Code   RO           56    .text.NMI_Handler   stm32f4xx_it.o
    0x08004508   0x08004508   0x0000006c   Code   RO          711    .text.NVIC_EncodePriority  stm32f4xx_hal_cortex.o
    0x08004574   0x08004574   0x00000002   Code   RO           70    .text.PendSV_Handler  stm32f4xx_it.o
    0x08004576   0x08004576   0x00000002   PAD
    0x08004578   0x08004578   0x00000002   Code   RO           66    .text.SVC_Handler   stm32f4xx_it.o
    0x0800457a   0x0800457a   0x00000002   PAD
    0x0800457c   0x0800457c   0x00000052   Code   RO          727    .text.SysTick_Config  stm32f4xx_hal_cortex.o
    0x080045ce   0x080045ce   0x00000002   PAD
    0x080045d0   0x080045d0   0x00000008   Code   RO           72    .text.SysTick_Handler  stm32f4xx_it.o
    0x080045d8   0x080045d8   0x000000be   Code   RO           13    .text.SystemClock_Config  main.o
    0x08004696   0x08004696   0x00000002   PAD
    0x08004698   0x08004698   0x00000012   Code   RO          867    .text.SystemInit    system_stm32f4xx.o
    0x080046aa   0x080046aa   0x00000002   PAD
    0x080046ac   0x080046ac   0x00000010   Code   RO           74    .text.TIM2_IRQHandler  stm32f4xx_it.o
    0x080046bc   0x080046bc   0x00000010   Code   RO           76    .text.TIM3_IRQHandler  stm32f4xx_it.o
    0x080046cc   0x080046cc   0x000001a4   Code   RO           97    .text.TIM_Base_SetConfig  stm32f4xx_hal_tim.o
    0x08004870   0x08004870   0x00000036   Code   RO          131    .text.TIM_CCxChannelCmd  stm32f4xx_hal_tim.o
    0x080048a6   0x080048a6   0x00000002   PAD
    0x080048a8   0x080048a8   0x00000034   Code   RO          283    .text.TIM_ETR_SetConfig  stm32f4xx_hal_tim.o
    0x080048dc   0x080048dc   0x0000002a   Code   RO          289    .text.TIM_ITRx_SetConfig  stm32f4xx_hal_tim.o
    0x08004906   0x08004906   0x00000002   PAD
    0x08004908   0x08004908   0x000000ea   Code   RO          241    .text.TIM_OC1_SetConfig  stm32f4xx_hal_tim.o
    0x080049f2   0x080049f2   0x00000002   PAD
    0x080049f4   0x080049f4   0x000000f4   Code   RO          243    .text.TIM_OC2_SetConfig  stm32f4xx_hal_tim.o
    0x08004ae8   0x08004ae8   0x000000f2   Code   RO          245    .text.TIM_OC3_SetConfig  stm32f4xx_hal_tim.o
    0x08004bda   0x08004bda   0x00000002   PAD
    0x08004bdc   0x08004bdc   0x000000a4   Code   RO          247    .text.TIM_OC4_SetConfig  stm32f4xx_hal_tim.o
    0x08004c80   0x08004c80   0x00000050   Code   RO          287    .text.TIM_TI1_ConfigInputStage  stm32f4xx_hal_tim.o
    0x08004cd0   0x08004cd0   0x00000052   Code   RO          291    .text.TIM_TI2_ConfigInputStage  stm32f4xx_hal_tim.o
    0x08004d22   0x08004d22   0x00000002   PAD
    0x08004d24   0x08004d24   0x00000056   Code   RO          964    .text.UnlockRecord  eventrecorder.o
    0x08004d7a   0x08004d7a   0x00000002   PAD
    0x08004d7c   0x08004d7c   0x00000004   Code   RO           64    .text.UsageFault_Handler  stm32f4xx_it.o
    0x08004d80   0x08004d80   0x00000030   Code   RO          715    .text.__NVIC_EnableIRQ  stm32f4xx_hal_cortex.o
    0x08004db0   0x08004db0   0x00000010   Code   RO          707    .text.__NVIC_GetPriorityGrouping  stm32f4xx_hal_cortex.o
    0x08004dc0   0x08004dc0   0x00000042   Code   RO          709    .text.__NVIC_SetPriority  stm32f4xx_hal_cortex.o
    0x08004e02   0x08004e02   0x00000002   PAD
    0x08004e04   0x08004e04   0x0000003c   Code   RO          703    .text.__NVIC_SetPriorityGrouping  stm32f4xx_hal_cortex.o
    0x08004e40   0x08004e40   0x0000004a   Code   RO          891    .text._sys_close    retarget_io.o
    0x08004e8a   0x08004e8a   0x00000002   PAD
    0x08004e8c   0x08004e8c   0x0000004a   Code   RO          901    .text._sys_flen     retarget_io.o
    0x08004ed6   0x08004ed6   0x00000002   PAD
    0x08004ed8   0x08004ed8   0x00000048   Code   RO          897    .text._sys_istty    retarget_io.o
    0x08004f20   0x08004f20   0x00000084   Code   RO          889    .text._sys_open     retarget_io.o
    0x08004fa4   0x08004fa4   0x00000052   Code   RO          899    .text._sys_seek     retarget_io.o
    0x08004ff6   0x08004ff6   0x00000002   PAD
    0x08004ff8   0x08004ff8   0x00000076   Code   RO          893    .text._sys_write    retarget_io.o
    0x0800506e   0x0800506e   0x00000002   PAD
    0x08005070   0x08005070   0x00000060   Code   RO          958    .text.atomic_cmp_xch_32  eventrecorder.o
    0x080050d0   0x080050d0   0x0000004c   Code   RO          970    .text.atomic_inc_32  eventrecorder.o
    0x0800511c   0x0800511c   0x00000058   Code   RO          972    .text.atomic_inc_8  eventrecorder.o
    0x08005174   0x08005174   0x00000082   Code   RO          932    .text.crc16_ccitt   eventrecorder.o
    0x080051f6   0x080051f6   0x00000002   PAD
    0x080051f8   0x080051f8   0x0000008c   Code   RO           11    .text.main          main.o
    0x08005284   0x08005284   0x0000007c   Code   RO          914    .text.stdout_putchar  stdout_evr.o
    0x08005300   0x08005300   0x0000003e   Code   RO         1233    CL$$btod_d2e        c_w.l(btod.o)
    0x0800533e   0x0800533e   0x00000046   Code   RO         1235    CL$$btod_d2e_denorm_low  c_w.l(btod.o)
    0x08005384   0x08005384   0x00000060   Code   RO         1234    CL$$btod_d2e_norm_op1  c_w.l(btod.o)
    0x080053e4   0x080053e4   0x00000338   Code   RO         1243    CL$$btod_div_common  c_w.l(btod.o)
    0x0800571c   0x0800571c   0x000000dc   Code   RO         1240    CL$$btod_e2e        c_w.l(btod.o)
    0x080057f8   0x080057f8   0x0000002a   Code   RO         1237    CL$$btod_ediv       c_w.l(btod.o)
    0x08005822   0x08005822   0x0000002a   Code   RO         1236    CL$$btod_emul       c_w.l(btod.o)
    0x0800584c   0x0800584c   0x00000244   Code   RO         1242    CL$$btod_mult_common  c_w.l(btod.o)
    0x08005a90   0x08005a90   0x00000030   Code   RO         1357    i.__ARM_fpclassify  m_wm.l(fpclassify.o)
    0x08005ac0   0x08005ac0   0x0000000e   Code   RO         1059    i._is_digit         c_w.l(__printf_wp.o)
    0x08005ace   0x08005ace   0x0000001c   Code   RO         1146    i.fputc             c_w.l(fputc.o)
    0x08005aea   0x08005aea   0x00000002   PAD
    0x08005aec   0x08005aec   0x0000002c   Code   RO         1271    locale$$code        c_w.l(lc_numeric_c.o)
    0x08005b18   0x08005b18   0x0000002c   Code   RO         1404    locale$$code        c_w.l(lc_ctype_c.o)
    0x08005b44   0x08005b44   0x0000001a   Code   RO         1416    x$fpl$fpinit        fz_wm.l(fpinit.o)
    0x08005b5e   0x08005b5e   0x00000004   Code   RO         1100    x$fpl$printf1       fz_wm.l(printf1.o)
    0x08005b62   0x08005b62   0x00000004   Code   RO         1102    x$fpl$printf2       fz_wm.l(printf2.o)
    0x08005b66   0x08005b66   0x00000000   Code   RO         1356    x$fpl$usenofp       fz_wm.l(usenofp.o)
    0x08005b66   0x08005b66   0x00000002   PAD
    0x08005b68   0x08005b68   0x00000008   Data   RO         1018    .constdata          c_w.l(_printf_wctomb.o)
    0x08005b70   0x08005b70   0x00000028   Data   RO         1047    .constdata          c_w.l(_printf_hex_int_ll_ptr.o)
    0x08005b98   0x08005b98   0x00000011   Data   RO         1067    .constdata          c_w.l(__printf_flags_ss_wp.o)
    0x08005ba9   0x08005ba9   0x00000026   Data   RO         1134    .constdata          c_w.l(_printf_fp_hex.o)
    0x08005bcf   0x08005bcf   0x00000001   PAD
    0x08005bd0   0x08005bd0   0x00000094   Data   RO         1231    .constdata          c_w.l(bigflt0.o)
    0x08005c64   0x08005c64   0x00000010   Data   RO          872    .rodata.AHBPrescTable  system_stm32f4xx.o
    0x08005c74   0x08005c74   0x00000018   Data   RO          975    .rodata.EventRecorderInfo  eventrecorder.o
    0x08005c8c   0x08005c8c   0x00000008   Data   RO          905    .rodata.__stderr_name  retarget_io.o
    0x08005c94   0x08005c94   0x00000007   Data   RO          903    .rodata.__stdin_name  retarget_io.o
    0x08005c9b   0x08005c9b   0x00000008   Data   RO          904    .rodata.__stdout_name  retarget_io.o
    0x08005ca3   0x08005ca3   0x00000025   Data   RO           20    .rodata.str1.1      main.o
    0x08005cc8   0x08005cc8   0x00000017   Data   RO          906    .rodata.str1.1      retarget_io.o
    0x08005cdf   0x08005cdf   0x00000001   PAD
    0x08005ce0   0x08005ce0   0x00000020   Data   RO         1512    Region$$Table       anon$$obj.o
    0x08005d00   0x08005d00   0x0000001c   Data   RO         1270    locale$$data        c_w.l(lc_numeric_c.o)
    0x08005d1c   0x08005d1c   0x00000110   Data   RO         1403    locale$$data        c_w.l(lc_ctype_c.o)


    Execution Region RW_IRAM1 (Exec base: 0x20000000, Load base: 0x08005e40, Size: 0x000012f8, Max: 0x0001c000, ABSOLUTE)

    Exec Addr    Load Addr    Size         Type   Attr      Idx    E Section Name        Object

    0x20000000   0x08005e40   0x00000004   Data   RW         1095    .data               c_w.l(stdio_streams.o)
    0x20000004   0x08005e44   0x00000004   Data   RW         1096    .data               c_w.l(stdio_streams.o)
    0x20000008   0x08005e48   0x00000004   Data   RW         1097    .data               c_w.l(stdio_streams.o)
    0x2000000c   0x08005e4c   0x00000004   Data   RW          871    .data.SystemCoreClock  system_stm32f4xx.o
    0x20000010   0x08005e50   0x00000001   Data   RW          833    .data.uwTickFreq    stm32f4xx_hal.o
    0x20000011   0x08005e51   0x00000003   PAD
    0x20000014   0x08005e54   0x00000004   Data   RW          832    .data.uwTickPrio    stm32f4xx_hal.o
    0x20000018   0x08005e58   0x00000028   PAD
    0x20000040        -       0x00000054   Zero   RW         1092    .bss                c_w.l(stdio_streams.o)
    0x20000094        -       0x00000054   Zero   RW         1093    .bss                c_w.l(stdio_streams.o)
    0x200000e8        -       0x00000054   Zero   RW         1094    .bss                c_w.l(stdio_streams.o)
    0x2000013c        -       0x00000060   Zero   RW         1360    .bss                c_w.l(libspace.o)
    0x2000019c        -       0x00000004   Zero   RW           19    .bss.counter        main.o
    0x200001a0        -       0x00000048   Zero   RW           47    .bss.htim2          tim.o
    0x200001e8        -       0x00000048   Zero   RW           48    .bss.htim3          tim.o
    0x20000230   0x08005e58   0x00000010   PAD
    0x20000240        -       0x000004a4   Zero   RW          974    .bss.noinit         eventrecorder.o
    0x200006e4        -       0x00000008   Zero   RW          917    .bss.stdout_putchar.buffer  stdout_evr.o
    0x200006ec        -       0x00000004   Zero   RW          916    .bss.stdout_putchar.index  stdout_evr.o
    0x200006f0        -       0x00000004   Zero   RW          834    .bss.uwTick         stm32f4xx_hal.o
    0x200006f4   0x08005e58   0x00000004   PAD
    0x200006f8        -       0x00000400   Zero   RW            2    HEAP                startup_stm32f405xx.o
    0x20000af8        -       0x00000800   Zero   RW            1    STACK               startup_stm32f405xx.o


    Execution Region RW_IRAM2 (Exec base: 0x2001c000, Load base: 0x08005e80, Size: 0x00000000, Max: 0x00004000, ABSOLUTE)

    **** No section assigned to this execution region ****


==============================================================================

Image component sizes


      Code (inc. data)   RO Data    RW Data    ZI Data      Debug   Object Name

      2340          0         24          0       1188       8693   eventrecorder.o
       130          0          0          0          0       2039   gpio.o
       456          0         37          0          4       6201   main.o
       552          0         46          0          0       2351   retarget_io.o
        64         26        392          0       3072        828   startup_stm32f405xx.o
       124          0          0          0         12        821   stdout_evr.o
       270          0          0          5          4       7033   stm32f4xx_hal.o
       482          0          0          0          0       9644   stm32f4xx_hal_cortex.o
      1034          0          0          0          0       5070   stm32f4xx_hal_gpio.o
        74          0          0          0          0       1451   stm32f4xx_hal_msp.o
      2566          0          0          0          0       7574   stm32f4xx_hal_rcc.o
      3918         14          0          0          0      35979   stm32f4xx_hal_tim.o
       306          0          0          0          0      15310   stm32f4xx_hal_tim_ex.o
        66          0          0          0          0       1173   stm32f4xx_it.o
        18          0         16          4          0       2481   system_stm32f4xx.o
       668          0          0          0        144       8171   tim.o

    ----------------------------------------------------------------------
     13160         40        548         12       4484     114819   Object Totals
         0          0         32          0          0          0   (incl. Generated)
        92          0          1          3         60          0   (incl. Padding)

    ----------------------------------------------------------------------

      Code (inc. data)   RO Data    RW Data    ZI Data      Debug   Library Member Name

         8          0          0          0          0         68   __main.o
       392          4         17          0          0         92   __printf_flags_ss_wp.o
        14          0          0          0          0         68   __printf_wp.o
         0          0          0          0          0          0   __rtentry.o
        12          0          0          0          0          0   __rtentry2.o
         6          0          0          0          0          0   __rtentry4.o
        94          8          0          0          0          0   __scatter.o
        26          0          0          0          0          0   __scatter_copy.o
        28          0          0          0          0          0   __scatter_zi.o
        72          0          0          0          0         96   _c16rtomb.o
         6          0          0          0          0          0   _printf_a.o
         6          0          0          0          0          0   _printf_c.o
        44          0          0          0          0        108   _printf_char.o
        48          6          0          0          0         96   _printf_char_common.o
        36          4          0          0          0         80   _printf_char_file.o
        40          0          0          0          0         68   _printf_charcount.o
         6          0          0          0          0          0   _printf_d.o
       120         16          0          0          0         92   _printf_dec.o
         6          0          0          0          0          0   _printf_e.o
         6          0          0          0          0          0   _printf_f.o
      1052          0          0          0          0        148   _printf_fp_dec.o
       764          8         38          0          0        100   _printf_fp_hex.o
       128         16          0          0          0         84   _printf_fp_infnan.o
         6          0          0          0          0          0   _printf_g.o
       148          4         40          0          0        160   _printf_hex_int_ll_ptr.o
         6          0          0          0          0          0   _printf_i.o
       178          0          0          0          0         88   _printf_intcommon.o
        10          0          0          0          0          0   _printf_l.o
         6          0          0          0          0          0   _printf_lc.o
        10          0          0          0          0          0   _printf_ll.o
         6          0          0          0          0          0   _printf_lld.o
         6          0          0          0          0          0   _printf_lli.o
         6          0          0          0          0          0   _printf_llo.o
         6          0          0          0          0          0   _printf_llu.o
         6          0          0          0          0          0   _printf_llx.o
       124         16          0          0          0         92   _printf_longlong_dec.o
         6          0          0          0          0          0   _printf_ls.o
         6          0          0          0          0          0   _printf_n.o
         6          0          0          0          0          0   _printf_o.o
       112          8          0          0          0        124   _printf_oct_int_ll.o
         6          0          0          0          0          0   _printf_p.o
        78          0          0          0          0        108   _printf_pad.o
         0          0          0          0          0          0   _printf_percent.o
         4          0          0          0          0          0   _printf_percent_end.o
         6          0          0          0          0          0   _printf_s.o
        82          0          0          0          0         80   _printf_str.o
        36          0          0          0          0         84   _printf_truncate.o
         6          0          0          0          0          0   _printf_u.o
        44          0          0          0          0        108   _printf_wchar.o
       188          6          8          0          0         92   _printf_wctomb.o
         6          0          0          0          0          0   _printf_x.o
       228          4        148          0          0         96   bigflt0.o
      1936        128          0          0          0        668   btod.o
        10          0          0          0          0         68   defsig_exit.o
        50          0          0          0          0         88   defsig_general.o
        80         58          0          0          0         76   defsig_rtmem_inner.o
        14          0          0          0          0         80   defsig_rtmem_outer.o
        52         38          0          0          0         76   defsig_rtred_inner.o
        14          0          0          0          0         80   defsig_rtred_outer.o
        18          0          0          0          0         80   exit.o
        76          0          0          0          0         88   fclose.o
         8          0          0          0          0         68   ferror.o
       482          0          0          0          0         92   flsbuf.o
       240          6          0          0          0        128   fopen.o
        28          0          0          0          0         68   fputc.o
       248          6          0          0          0         84   fseek.o
        66          0          0          0          0         76   ftell.o
        94          0          0          0          0         80   h1_alloc.o
        52          0          0          0          0         68   h1_extend.o
        78          0          0          0          0         80   h1_free.o
        12          0          0          0          0         84   h1_init.o
         6          0          0          0          0        152   heapauxi.o
         4          0          0          0          0        136   hguard.o
         0          0          0          0          0          0   indicate_semi.o
       138          0          0          0          0        168   init_alloc.o
       312         46          0          0          0        112   initio.o
        44         10        272          0          0         76   lc_ctype_c.o
        44         10         28          0          0         76   lc_numeric_c.o
         2          0          0          0          0          0   libinit.o
        46          0          0          0          0          0   libinit2.o
         2          0          0          0          0          0   libshutdown.o
         6          0          0          0          0          0   libshutdown2.o
         8          4          0          0         96         68   libspace.o
       138          0          0          0          0         80   lludiv10.o
       240          0          0          0          0        100   lludivv7m.o
         0          0          0          0          0          0   maybetermalloc1.o
        24          4          0          0          0         84   printf.o
        16          4          0          0          0         76   rt_ctype_table.o
         8          4          0          0          0         68   rt_errno_addr_intlibspace.o
         8          4          0          0          0         68   rt_heap_descriptor_intlibspace.o
         8          4          0          0          0         68   rt_locale_intlibspace.o
        78          0          0          0          0         80   rt_memclr_w.o
       138          0          0          0          0         68   rt_memcpy_v6.o
       100          0          0          0          0         80   rt_memcpy_w.o
         2          0          0          0          0          0   rtexit.o
        10          0          0          0          0          0   rtexit2.o
        70          0          0          0          0         80   setvbuf.o
       264          6          0          0          0        160   stdio.o
         0          0          0         12        252          0   stdio_streams.o
       124          0          0          0          0         88   strcmpv7em.o
        12          4          0          0          0         68   sys_exit.o
        74          0          0          0          0         80   sys_stackheap_outer.o
        14          0          0          0          0         76   sys_wrch.o
         2          0          0          0          0         68   use_no_semi.o
        26          0          0          0          0        116   fpinit.o
         4          0          0          0          0        116   printf1.o
         4          0          0          0          0        116   printf2.o
         0          0          0          0          0          0   usenofp.o
        48          0          0          0          0        124   fpclassify.o

    ----------------------------------------------------------------------
      9848        436        552         12        348       6916   Library Totals
        20          0          1          0          0          0   (incl. Padding)

    ----------------------------------------------------------------------

      Code (inc. data)   RO Data    RW Data    ZI Data      Debug   Library Name

      9746        436        551         12        348       6444   c_w.l
        34          0          0          0          0        348   fz_wm.l
        48          0          0          0          0        124   m_wm.l

    ----------------------------------------------------------------------
      9848        436        552         12        348       6916   Library Totals

    ----------------------------------------------------------------------

==============================================================================


      Code (inc. data)   RO Data    RW Data    ZI Data      Debug   

     23008        476       1100         24       4832     117735   Grand Totals
     23008        476       1100         24       4832     117735   ELF Image Totals
     23008        476       1100         24          0          0   ROM Totals

==============================================================================

    Total RO  Size (Code + RO Data)                24108 (  23.54kB)
    Total RW  Size (RW Data + ZI Data)              4856 (   4.74kB)
    Total ROM Size (Code + RO Data + RW Data)      24132 (  23.57kB)

==============================================================================

